
> nx run frontend:test

[0m[7m[1m[31m FAIL [39m[22m[27m[0m [0m[7m[37m frontend [39m[27m[0m [2mapps/frontend/src/app/features/cv/components/cover-letter-section/api/[22m[1mcover-api.service.spec.ts[22m
  CoverApiService
    [32m✓[39m [2mshould construct the correct POST request with streaming headers (60 ms)[22m
    [32m✓[39m [2mshould process sequential chunks correctly and maintain internal state (12 ms)[22m
    [32m✓[39m [2mshould filter out empty chunks from the stream (7 ms)[22m
    [31m✕[39m [2mshould catch HttpClient error and rethrow custom error message (10 ms)[22m
[1m[31m  [1m● [22m[1mCoverApiService › should catch HttpClient error and rethrow custom error message[39m[22m
    [2mexpect([22m[31mreceived[39m[2m).[22mrejects[2m.[22mtoThrow[2m([22m[32mexpected[39m[2m)[22m
    Expected substring: [32m"Error al generar la carta."[39m
    Received function did not throw
[2m[22m
[2m    [0m [90m 111 |[39m     req[33m.[39merror([36mnew[39m [33mErrorEvent[39m([32m'API Error'[39m)[33m,[39m errorResponse)[33m;[39m[22m
[2m     [90m 112 |[39m[22m
[2m    [31m[1m>[22m[2m[39m[90m 113 |[39m     [36mawait[39m expect(promise)[33m.[39mrejects[33m.[39mtoThrow([32m'Error al generar la carta.'[39m)[33m;[39m[22m
[2m     [90m     |[39m                                   [31m[1m^[22m[2m[39m[22m
[2m     [90m 114 |[39m   })[33m;[39m[22m
[2m     [90m 115 |[39m })[33m;[39m[22m
[2m     [90m 116 |[39m[0m[22m
[2m[22m
[2m      [2mat Object.toThrow ([22m[2m../../node_modules/expect/build/index.js[2m:2155:20)[22m[2m[22m
[2m      [2mat [22m[2m[0m[36msrc/app/features/cv/components/cover-letter-section/api/cover-api.service.spec.ts[39m[0m[2m:113:35[22m[2m[22m
[2m      [2mat [22m[2m../../node_modules/tslib/tslib.js[2m:170:75[22m[2m[22m
[2m      [2mat new ZoneAwarePromise ([22m[2m../../node_modules/zone.js/bundles/zone.umd.js[2m:2580:29)[22m[2m[22m
[2m      [2mat Object.__awaiter ([22m[2m../../node_modules/tslib/tslib.js[2m:166:16)[22m[2m[22m
[2m      [2mat [22m[2m[0m[36msrc/app/features/cv/components/cover-letter-section/api/cover-api.service.spec.ts[39m[0m[2m:102:83[22m[2m[22m
[2m      [2mat _ZoneDelegate.invoke ([22m[2m../../node_modules/zone.js/bundles/zone.umd.js[2m:410:32)[22m[2m[22m
[2m      [2mat ProxyZoneSpec.onInvoke ([22m[2m../../node_modules/zone.js/bundles/zone-testing.umd.js[2m:2219:43)[22m[2m[22m
[2m      [2mat _ZoneDelegate.invoke ([22m[2m../../node_modules/zone.js/bundles/zone.umd.js[2m:409:38)[22m[2m[22m
[2m      [2mat ZoneImpl.run ([22m[2m../../node_modules/zone.js/bundles/zone.umd.js[2m:145:47)[22m[2m[22m
[2m      [2mat Object.wrappedFunc ([22m[2m../../node_modules/zone.js/bundles/zone-testing.umd.js[2m:449:38)[22m[2m[22m
[0m[7m[1m[31m FAIL [39m[22m[27m[0m [0m[7m[37m frontend [39m[27m[0m [2mapps/frontend/src/app/features/cv/services/cv-form/cv-form-builder/[22m[1mcv-form-builder.service.spec.ts[22m
  CvFormBuilderService
    [32m✓[39m [2mshould be created (41 ms)[22m
    buildCvForm
      [32m✓[39m [2mshould create a form with all required sections (14 ms)[22m
    buildCoverLetterForm
      [32m✓[39m [2mshould create a cover letter form with required controls (19 ms)[22m
    buildIaForm
      [31m✕[39m [2mshould create an IA form with required controls (11 ms)[22m
    createPersonalInfoGroup
      [32m✓[39m [2mshould create personal info group with validators (19 ms)[22m
    createExperienceGroup
      [32m✓[39m [2mshould create experience group with default values (11 ms)[22m
      [32m✓[39m [2mshould create experience group with provided values (17 ms)[22m
    createProjectGroup
      [32m✓[39m [2mshould create project group with default values (8 ms)[22m
      [32m✓[39m [2mshould create project group with provided values (15 ms)[22m
    createEducationGroup
      [32m✓[39m [2mshould create education group with default values (9 ms)[22m
      [32m✓[39m [2mshould create education group with provided values (10 ms)[22m
    createCertificationGroup
      [32m✓[39m [2mshould create certification group (24 ms)[22m
    createSkillGroup
      [32m✓[39m [2mshould create skill group with empty arrays by default (12 ms)[22m
      [32m✓[39m [2mshould create skill group with provided values including certifications (6 ms)[22m
[1m[31m  [1m● [22m[1mCvFormBuilderService › buildIaForm › should create an IA form with required controls[39m[22m
    [2mexpect([22m[31mreceived[39m[2m).[22mtoBeDefined[2m()[22m
    Received: [31mundefined[39m
[2m[22m
[2m    [0m [90m 45 |[39m       [36mconst[39m form [33m=[39m service[33m.[39mbuildIaForm()[33m;[39m[22m
[2m     [90m 46 |[39m       expect(form[33m.[39mcontrols[33m.[39mjobDescription)[33m.[39mtoBeDefined()[33m;[39m[22m
[2m    [31m[1m>[22m[2m[39m[90m 47 |[39m       expect(form[33m.[39mcontrols[33m.[39mmakeEnglish)[33m.[39mtoBeDefined()[33m;[39m[22m
[2m     [90m    |[39m                                         [31m[1m^[22m[2m[39m[22m
[2m     [90m 48 |[39m       expect(form[33m.[39mcontrols[33m.[39mexaggeration)[33m.[39mtoBeDefined()[33m;[39m[22m
[2m     [90m 49 |[39m     })[33m;[39m[22m
[2m     [90m 50 |[39m   })[33m;[39m[0m[22m
[2m[22m
[2m      [2mat [22m[2m[0m[36msrc/app/features/cv/services/cv-form/cv-form-builder/cv-form-builder.service.spec.ts[39m[0m[2m:47:41[22m[2m[22m
[2m      [2mat _ZoneDelegate.invoke ([22m[2m../../node_modules/zone.js/bundles/zone.umd.js[2m:410:32)[22m[2m[22m
[2m      [2mat ProxyZoneSpec.onInvoke ([22m[2m../../node_modules/zone.js/bundles/zone-testing.umd.js[2m:2219:43)[22m[2m[22m
[2m      [2mat _ZoneDelegate.invoke ([22m[2m../../node_modules/zone.js/bundles/zone.umd.js[2m:409:38)[22m[2m[22m
[2m      [2mat ZoneImpl.run ([22m[2m../../node_modules/zone.js/bundles/zone.umd.js[2m:145:47)[22m[2m[22m
[2m      [2mat Object.wrappedFunc ([22m[2m../../node_modules/zone.js/bundles/zone-testing.umd.js[2m:449:38)[22m[2m[22m
[0m[7m[1m[31m FAIL [39m[22m[27m[0m [0m[7m[37m frontend [39m[27m[0m [2mapps/frontend/src/app/core/services/alerts/[22m[1mtaiga-alerts.service.spec.ts[22m
  TaigaAlertsService
    [31m✕[39m [2mshould be created (60 ms)[22m
[1m[31m  [1m● [22m[1mTaigaAlertsService › should be created[39m[22m
    NG0201
[2m[22m
[2m      [2mat R3Injector.get ([22m[2m../../node_modules/@angular/core/fesm2022/root_effect_scheduler.mjs[2m:2081:27)[22m[2m[22m
[2m      [2mat R3Injector.get ([22m[2m../../node_modules/@angular/core/fesm2022/root_effect_scheduler.mjs[2m:2052:33)[22m[2m[22m
[2m      [2mat R3Injector.retrieve ([22m[2m../../node_modules/@angular/core/fesm2022/root_effect_scheduler.mjs[2m:1936:25)[22m[2m[22m
[2m      [2mat injectInjectorOnly ([22m[2m../../node_modules/@angular/core/fesm2022/root_effect_scheduler.mjs[2m:1049:39)[22m[2m[22m
[2m      [2mat ɵɵinject ([22m[2m../../node_modules/@angular/core/fesm2022/root_effect_scheduler.mjs[2m:1061:42)[22m[2m[22m
[2m      [2mat Object._TranslocoService_Factory [as factory] ([22m[2m../../ng:/_TranslocoService/ɵfac.js[2m:6:10)[22m[2m[22m
[2m      [2mat R3Injector.hydrate ([22m[2m../../node_modules/@angular/core/fesm2022/root_effect_scheduler.mjs[2m:2199:43)[22m[2m[22m
[2m      [2mat R3Injector.get ([22m[2m../../node_modules/@angular/core/fesm2022/root_effect_scheduler.mjs[2m:2040:33)[22m[2m[22m
[2m      [2mat R3Injector.retrieve ([22m[2m../../node_modules/@angular/core/fesm2022/root_effect_scheduler.mjs[2m:1936:25)[22m[2m[22m
[2m      [2mat injectInjectorOnly ([22m[2m../../node_modules/@angular/core/fesm2022/root_effect_scheduler.mjs[2m:1049:39)[22m[2m[22m
[2m      [2mat ɵɵinject ([22m[2m../../node_modules/@angular/core/fesm2022/root_effect_scheduler.mjs[2m:1061:42)[22m[2m[22m
[2m      [2mat inject ([22m[2m../../node_modules/@angular/core/fesm2022/root_effect_scheduler.mjs[2m:1149:12)[22m[2m[22m
[2m      [2mat new TaigaAlertsService ([22m[2msrc/app/core/services/alerts/taiga-alerts.service.ts[2m:11:38)[22m[2m[22m
[2m      [2mat Object.TaigaAlertsService_Factory [as factory] ([22m[2m../../ng:/TaigaAlertsService/ɵfac.js[2m:5:10)[22m[2m[22m
[2m      [2mat R3Injector.hydrate ([22m[2m../../node_modules/@angular/core/fesm2022/root_effect_scheduler.mjs[2m:2199:43)[22m[2m[22m
[2m      [2mat R3Injector.get ([22m[2m../../node_modules/@angular/core/fesm2022/root_effect_scheduler.mjs[2m:2040:33)[22m[2m[22m
[2m      [2mat _TestBedImpl.inject ([22m[2m../../node_modules/@angular/core/fesm2022/testing.mjs[2m:2004:52)[22m[2m[22m
[2m      [2mat Function.inject ([22m[2m../../node_modules/@angular/core/fesm2022/testing.mjs[2m:1843:37)[22m[2m[22m
[2m      [2mat [22m[2m[0m[36msrc/app/core/services/alerts/taiga-alerts.service.spec.ts[39m[0m[2m:10:23[22m[2m[22m
[2m      [2mat _ZoneDelegate.invoke ([22m[2m../../node_modules/zone.js/bundles/zone.umd.js[2m:410:32)[22m[2m[22m
[2m      [2mat ProxyZoneSpec.onInvoke ([22m[2m../../node_modules/zone.js/bundles/zone-testing.umd.js[2m:2219:43)[22m[2m[22m
[2m      [2mat _ZoneDelegate.invoke ([22m[2m../../node_modules/zone.js/bundles/zone.umd.js[2m:409:38)[22m[2m[22m
[2m      [2mat ZoneImpl.run ([22m[2m../../node_modules/zone.js/bundles/zone.umd.js[2m:145:47)[22m[2m[22m
[2m      [2mat Object.wrappedFunc ([22m[2m../../node_modules/zone.js/bundles/zone-testing.umd.js[2m:449:38)[22m[2m[22m
  [2mconsole.log[22m
    [ 'OpenAI', 'Anthropic', 'Local' ]
[2m[22m
[2m      [2mat new Config ([22m[2msrc/app/features/config/config.ts[2m:46:13)[22m[2m[22m
  [2mconsole.log[22m
    null
[2m[22m
[2m      [2mat new Config ([22m[2msrc/app/features/config/config.ts[2m:48:13)[22m[2m[22m
  [2mconsole.log[22m
    OpenAI
[2m[22m
[2m      [2mat new Config ([22m[2msrc/app/features/config/config.ts[2m:55:13)[22m[2m[22m
  [2mconsole.log[22m
    [ 'OpenAI', 'Anthropic', 'Local' ]
[2m[22m
[2m      [2mat new Config ([22m[2msrc/app/features/config/config.ts[2m:46:13)[22m[2m[22m
  [2mconsole.log[22m
    {
      modelProvider: 'Anthropic',
      modelVersion: 'claude-3-sonnet',
      systemPrompt: 'Act as a pro recruiter'
    }
[2m[22m
[2m      [2mat new Config ([22m[2msrc/app/features/config/config.ts[2m:48:13)[22m[2m[22m
  [2mconsole.log[22m
    Anthropic
[2m[22m
[2m      [2mat new Config ([22m[2msrc/app/features/config/config.ts[2m:55:13)[22m[2m[22m
  [2mconsole.log[22m
    [ 'OpenAI', 'Anthropic', 'Local' ]
[2m[22m
[2m      [2mat new Config ([22m[2msrc/app/features/config/config.ts[2m:46:13)[22m[2m[22m
  [2mconsole.log[22m
    { modelProvider: 'DeepSeek-Legacy', modelVersion: 'v1' }
[2m[22m
[2m      [2mat new Config ([22m[2msrc/app/features/config/config.ts[2m:48:13)[22m[2m[22m
  [2mconsole.log[22m
    OpenAI
[2m[22m
[2m      [2mat new Config ([22m[2msrc/app/features/config/config.ts[2m:55:13)[22m[2m[22m
  [2mconsole.log[22m
    [ 'OpenAI', 'Anthropic', 'Local' ]
[2m[22m
[2m      [2mat new Config ([22m[2msrc/app/features/config/config.ts[2m:46:13)[22m[2m[22m
  [2mconsole.log[22m
    { modelProvider: 'OpenAI', modelVersion: 'gpt-4-legacy-deprecated' }
[2m[22m
[2m      [2mat new Config ([22m[2msrc/app/features/config/config.ts[2m:48:13)[22m[2m[22m
  [2mconsole.log[22m
    OpenAI
[2m[22m
[2m      [2mat new Config ([22m[2msrc/app/features/config/config.ts[2m:55:13)[22m[2m[22m
  [2mconsole.log[22m
    [ 'OpenAI', 'Anthropic', 'Local' ]
[2m[22m
[2m      [2mat new Config ([22m[2msrc/app/features/config/config.ts[2m:46:13)[22m[2m[22m
  [2mconsole.log[22m
    null
[2m[22m
[2m      [2mat new Config ([22m[2msrc/app/features/config/config.ts[2m:48:13)[22m[2m[22m
  [2mconsole.log[22m
    OpenAI
[2m[22m
[2m      [2mat new Config ([22m[2msrc/app/features/config/config.ts[2m:55:13)[22m[2m[22m
  [2mconsole.log[22m
    [ 'OpenAI', 'Anthropic', 'Local' ]
[2m[22m
[2m      [2mat new Config ([22m[2msrc/app/features/config/config.ts[2m:46:13)[22m[2m[22m
  [2mconsole.log[22m
    null
[2m[22m
[2m      [2mat new Config ([22m[2msrc/app/features/config/config.ts[2m:48:13)[22m[2m[22m
  [2mconsole.log[22m
    OpenAI
[2m[22m
[2m      [2mat new Config ([22m[2msrc/app/features/config/config.ts[2m:55:13)[22m[2m[22m
  [2mconsole.log[22m
    [ 'OpenAI', 'Anthropic', 'Local' ]
[2m[22m
[2m      [2mat new Config ([22m[2msrc/app/features/config/config.ts[2m:46:13)[22m[2m[22m
  [2mconsole.log[22m
    null
[2m[22m
[2m      [2mat new Config ([22m[2msrc/app/features/config/config.ts[2m:48:13)[22m[2m[22m
  [2mconsole.log[22m
    OpenAI
[2m[22m
[2m      [2mat new Config ([22m[2msrc/app/features/config/config.ts[2m:55:13)[22m[2m[22m
  [2mconsole.log[22m
    [ 'OpenAI', 'Anthropic', 'Local' ]
[2m[22m
[2m      [2mat new Config ([22m[2msrc/app/features/config/config.ts[2m:46:13)[22m[2m[22m
  [2mconsole.log[22m
    null
[2m[22m
[2m      [2mat new Config ([22m[2msrc/app/features/config/config.ts[2m:48:13)[22m[2m[22m
  [2mconsole.log[22m
    OpenAI
[2m[22m
[2m      [2mat new Config ([22m[2msrc/app/features/config/config.ts[2m:55:13)[22m[2m[22m
[0m[7m[1m[31m FAIL [39m[22m[27m[0m [0m[7m[37m frontend [39m[27m[0m [2mapps/frontend/src/app/features/config/[22m[1mconfig.spec.ts[22m ([0m[1m[41m6.535 s[49m[22m[0m)
  Config Component
    Initialization (Constructor Logic)
      [31m✕[39m [2mshould initialize form with default values when NO settings are saved (490 ms)[22m
      [31m✕[39m [2mshould initialize form with SAVED settings if valid (57 ms)[22m
      [31m✕[39m [2mshould fallback to defaults if saved provider is invalid (30 ms)[22m
      [31m✕[39m [2mshould reset model to null/default if saved model does not exist for provider (26 ms)[22m
    Reactivity (Form Changes)
      [31m✕[39m [2mshould update available models when provider changes (28 ms)[22m
      [31m✕[39m [2mshould auto-select first model when provider changes (26 ms)[22m
      [31m✕[39m [2mshould set modelVersion to null if provider has no models (23 ms)[22m
    Actions
      [31m✕[39m [2mshould save settings and show alert (33 ms)[22m
[1m[31m  [1m● [22m[1mConfig Component › Initialization (Constructor Logic) › should initialize form with default values when NO settings are saved[39m[22m
    NG0201
[2m[22m
[2m      [2mat R3Injector.get ([22m[2m../../node_modules/@angular/core/fesm2022/root_effect_scheduler.mjs[2m:2081:27)[22m[2m[22m
[2m      [2mat R3Injector.get ([22m[2m../../node_modules/@angular/core/fesm2022/root_effect_scheduler.mjs[2m:2052:33)[22m[2m[22m
[2m      [2mat R3Injector.retrieve ([22m[2m../../node_modules/@angular/core/fesm2022/root_effect_scheduler.mjs[2m:1936:25)[22m[2m[22m
[2m      [2mat injectInjectorOnly ([22m[2m../../node_modules/@angular/core/fesm2022/root_effect_scheduler.mjs[2m:1049:39)[22m[2m[22m
[2m      [2mat ɵɵinject ([22m[2m../../node_modules/@angular/core/fesm2022/root_effect_scheduler.mjs[2m:1061:42)[22m[2m[22m
[2m      [2mat Object._TranslocoService_Factory [as factory] ([22m[2m../../ng:/_TranslocoService/ɵfac.js[2m:6:10)[22m[2m[22m
[2m      [2mat R3Injector.hydrate ([22m[2m../../node_modules/@angular/core/fesm2022/root_effect_scheduler.mjs[2m:2199:43)[22m[2m[22m
[2m      [2mat R3Injector.get ([22m[2m../../node_modules/@angular/core/fesm2022/root_effect_scheduler.mjs[2m:2040:33)[22m[2m[22m
[2m      [2mat R3Injector.get ([22m[2m../../node_modules/@angular/core/fesm2022/root_effect_scheduler.mjs[2m:2052:33)[22m[2m[22m
[2m      [2mat ChainedInjector.get ([22m[2m../../node_modules/@angular/core/fesm2022/debug_node.mjs[2m:13422:36)[22m[2m[22m
[2m      [2mat lookupTokenUsingModuleInjector ([22m[2m../../node_modules/@angular/core/fesm2022/debug_node.mjs[2m:1718:39)[22m[2m[22m
[2m      [2mat getOrCreateInjectable ([22m[2m../../node_modules/@angular/core/fesm2022/debug_node.mjs[2m:1766:12)[22m[2m[22m
[2m      [2mat ɵɵdirectiveInject ([22m[2m../../node_modules/@angular/core/fesm2022/debug_node.mjs[2m:13473:19)[22m[2m[22m
[2m      [2mat ɵɵinject ([22m[2m../../node_modules/@angular/core/fesm2022/root_effect_scheduler.mjs[2m:1061:42)[22m[2m[22m
[2m      [2mat inject ([22m[2m../../node_modules/@angular/core/fesm2022/root_effect_scheduler.mjs[2m:1149:12)[22m[2m[22m
[2m      [2mat new _TranslocoDirective ([22m[2m../../node_modules/@jsverse/transloco/fesm2022/jsverse-transloco.mjs[2m:1132:15)[22m[2m[22m
[2m      [2mat NodeInjectorFactory._TranslocoDirective_Factory [as factory] ([22m[2m../../ng:/_TranslocoDirective/ɵfac.js[2m:5:10)[22m[2m[22m
[2m      [2mat getNodeInjectable ([22m[2m../../node_modules/@angular/core/fesm2022/debug_node.mjs[2m:1989:44)[22m[2m[22m
[2m      [2mat instantiateAllDirectives ([22m[2m../../node_modules/@angular/core/fesm2022/debug_node.mjs[2m:9297:27)[22m[2m[22m
[2m      [2mat createDirectivesInstances ([22m[2m../../node_modules/@angular/core/fesm2022/debug_node.mjs[2m:9070:5)[22m[2m[22m
[2m      [2mat declareDirectiveHostTemplate ([22m[2m../../node_modules/@angular/core/fesm2022/debug_node.mjs[2m:17029:9)[22m[2m[22m
[2m      [2mat ɵɵtemplate ([22m[2m../../node_modules/@angular/core/fesm2022/debug_node.mjs[2m:17097:5)[22m[2m[22m
[2m      [2mat Config_Template ([22m[2m../../ng:/Config.js[2m:92:21)[22m[2m[22m
[2m      [2mat executeTemplate ([22m[2m../../node_modules/@angular/core/fesm2022/debug_node.mjs[2m:9056:9)[22m[2m[22m
[2m      [2mat renderView ([22m[2m../../node_modules/@angular/core/fesm2022/debug_node.mjs[2m:9678:13)[22m[2m[22m
[2m      [2mat renderComponent ([22m[2m../../node_modules/@angular/core/fesm2022/debug_node.mjs[2m:9623:5)[22m[2m[22m
[2m      [2mat renderChildComponents ([22m[2m../../node_modules/@angular/core/fesm2022/debug_node.mjs[2m:9726:9)[22m[2m[22m
[2m      [2mat renderView ([22m[2m../../node_modules/@angular/core/fesm2022/debug_node.mjs[2m:9706:13)[22m[2m[22m
[2m      [2mat ComponentFactory2.create ([22m[2m../../node_modules/@angular/core/fesm2022/debug_node.mjs[2m:14630:17)[22m[2m[22m
[2m      [2mat initComponent ([22m[2m../../node_modules/@angular/core/fesm2022/testing.mjs[2m:2068:51)[22m[2m[22m
[2m      [2mat _ZoneDelegate.invoke ([22m[2m../../node_modules/zone.js/bundles/zone.umd.js[2m:410:32)[22m[2m[22m
[2m      [2mat ProxyZoneSpec.onInvoke ([22m[2m../../node_modules/zone.js/bundles/zone-testing.umd.js[2m:2219:43)[22m[2m[22m
[2m      [2mat _ZoneDelegate.invoke ([22m[2m../../node_modules/zone.js/bundles/zone.umd.js[2m:409:38)[22m[2m[22m
[2m      [2mat Object.onInvoke ([22m[2m../../node_modules/@angular/core/fesm2022/debug_node.mjs[2m:7854:33)[22m[2m[22m
[2m      [2mat _ZoneDelegate.invoke ([22m[2m../../node_modules/zone.js/bundles/zone.umd.js[2m:409:38)[22m[2m[22m
[2m      [2mat ZoneImpl.run ([22m[2m../../node_modules/zone.js/bundles/zone.umd.js[2m:145:47)[22m[2m[22m
[2m      [2mat NgZone.run ([22m[2m../../node_modules/@angular/core/fesm2022/debug_node.mjs[2m:7700:28)[22m[2m[22m
[2m      [2mat _TestBedImpl.createComponent ([22m[2m../../node_modules/@angular/core/fesm2022/testing.mjs[2m:2073:41)[22m[2m[22m
[2m      [2mat Function.createComponent ([22m[2m../../node_modules/@angular/core/fesm2022/testing.mjs[2m:1854:37)[22m[2m[22m
[2m      [2mat createComponent ([22m[2m[0m[36msrc/app/features/config/config.spec.ts[39m[0m[2m:33:23)[22m[2m[22m
[2m      [2mat [22m[2m[0m[36msrc/app/features/config/config.spec.ts[39m[0m[2m:57:7[22m[2m[22m
[2m      [2mat _ZoneDelegate.invoke ([22m[2m../../node_modules/zone.js/bundles/zone.umd.js[2m:410:32)[22m[2m[22m
[2m      [2mat ProxyZoneSpec.onInvoke ([22m[2m../../node_modules/zone.js/bundles/zone-testing.umd.js[2m:2219:43)[22m[2m[22m
[2m      [2mat _ZoneDelegate.invoke ([22m[2m../../node_modules/zone.js/bundles/zone.umd.js[2m:409:38)[22m[2m[22m
[2m      [2mat ZoneImpl.run ([22m[2m../../node_modules/zone.js/bundles/zone.umd.js[2m:145:47)[22m[2m[22m
[2m      [2mat Object.wrappedFunc ([22m[2m../../node_modules/zone.js/bundles/zone-testing.umd.js[2m:449:38)[22m[2m[22m
[1m[31m  [1m● [22m[1mConfig Component › Initialization (Constructor Logic) › should initialize form with SAVED settings if valid[39m[22m
    NG0201
[2m[22m
[2m      [2mat R3Injector.get ([22m[2m../../node_modules/@angular/core/fesm2022/root_effect_scheduler.mjs[2m:2081:27)[22m[2m[22m
[2m      [2mat R3Injector.get ([22m[2m../../node_modules/@angular/core/fesm2022/root_effect_scheduler.mjs[2m:2052:33)[22m[2m[22m
[2m      [2mat R3Injector.retrieve ([22m[2m../../node_modules/@angular/core/fesm2022/root_effect_scheduler.mjs[2m:1936:25)[22m[2m[22m
[2m      [2mat injectInjectorOnly ([22m[2m../../node_modules/@angular/core/fesm2022/root_effect_scheduler.mjs[2m:1049:39)[22m[2m[22m
[2m      [2mat ɵɵinject ([22m[2m../../node_modules/@angular/core/fesm2022/root_effect_scheduler.mjs[2m:1061:42)[22m[2m[22m
[2m      [2mat Object._TranslocoService_Factory [as factory] ([22m[2m../../ng:/_TranslocoService/ɵfac.js[2m:6:10)[22m[2m[22m
[2m      [2mat R3Injector.hydrate ([22m[2m../../node_modules/@angular/core/fesm2022/root_effect_scheduler.mjs[2m:2199:43)[22m[2m[22m
[2m      [2mat R3Injector.get ([22m[2m../../node_modules/@angular/core/fesm2022/root_effect_scheduler.mjs[2m:2040:33)[22m[2m[22m
[2m      [2mat R3Injector.get ([22m[2m../../node_modules/@angular/core/fesm2022/root_effect_scheduler.mjs[2m:2052:33)[22m[2m[22m
[2m      [2mat ChainedInjector.get ([22m[2m../../node_modules/@angular/core/fesm2022/debug_node.mjs[2m:13422:36)[22m[2m[22m
[2m      [2mat lookupTokenUsingModuleInjector ([22m[2m../../node_modules/@angular/core/fesm2022/debug_node.mjs[2m:1718:39)[22m[2m[22m
[2m      [2mat getOrCreateInjectable ([22m[2m../../node_modules/@angular/core/fesm2022/debug_node.mjs[2m:1766:12)[22m[2m[22m
[2m      [2mat ɵɵdirectiveInject ([22m[2m../../node_modules/@angular/core/fesm2022/debug_node.mjs[2m:13473:19)[22m[2m[22m
[2m      [2mat ɵɵinject ([22m[2m../../node_modules/@angular/core/fesm2022/root_effect_scheduler.mjs[2m:1061:42)[22m[2m[22m
[2m      [2mat inject ([22m[2m../../node_modules/@angular/core/fesm2022/root_effect_scheduler.mjs[2m:1149:12)[22m[2m[22m
[2m      [2mat new _TranslocoDirective ([22m[2m../../node_modules/@jsverse/transloco/fesm2022/jsverse-transloco.mjs[2m:1132:15)[22m[2m[22m
[2m      [2mat NodeInjectorFactory._TranslocoDirective_Factory [as factory] ([22m[2m../../ng:/_TranslocoDirective/ɵfac.js[2m:5:10)[22m[2m[22m
[2m      [2mat getNodeInjectable ([22m[2m../../node_modules/@angular/core/fesm2022/debug_node.mjs[2m:1989:44)[22m[2m[22m
[2m      [2mat instantiateAllDirectives ([22m[2m../../node_modules/@angular/core/fesm2022/debug_node.mjs[2m:9297:27)[22m[2m[22m
[2m      [2mat createDirectivesInstances ([22m[2m../../node_modules/@angular/core/fesm2022/debug_node.mjs[2m:9070:5)[22m[2m[22m
[2m      [2mat declareDirectiveHostTemplate ([22m[2m../../node_modules/@angular/core/fesm2022/debug_node.mjs[2m:17029:9)[22m[2m[22m
[2m      [2mat ɵɵtemplate ([22m[2m../../node_modules/@angular/core/fesm2022/debug_node.mjs[2m:17097:5)[22m[2m[22m
[2m      [2mat Config_Template ([22m[2m../../ng:/Config.js[2m:92:21)[22m[2m[22m
[2m      [2mat executeTemplate ([22m[2m../../node_modules/@angular/core/fesm2022/debug_node.mjs[2m:9056:9)[22m[2m[22m
[2m      [2mat renderView ([22m[2m../../node_modules/@angular/core/fesm2022/debug_node.mjs[2m:9678:13)[22m[2m[22m
[2m      [2mat renderComponent ([22m[2m../../node_modules/@angular/core/fesm2022/debug_node.mjs[2m:9623:5)[22m[2m[22m
[2m      [2mat renderChildComponents ([22m[2m../../node_modules/@angular/core/fesm2022/debug_node.mjs[2m:9726:9)[22m[2m[22m
[2m      [2mat renderView ([22m[2m../../node_modules/@angular/core/fesm2022/debug_node.mjs[2m:9706:13)[22m[2m[22m
[2m      [2mat ComponentFactory2.create ([22m[2m../../node_modules/@angular/core/fesm2022/debug_node.mjs[2m:14630:17)[22m[2m[22m
[2m      [2mat initComponent ([22m[2m../../node_modules/@angular/core/fesm2022/testing.mjs[2m:2068:51)[22m[2m[22m
[2m      [2mat _ZoneDelegate.invoke ([22m[2m../../node_modules/zone.js/bundles/zone.umd.js[2m:410:32)[22m[2m[22m
[2m      [2mat ProxyZoneSpec.onInvoke ([22m[2m../../node_modules/zone.js/bundles/zone-testing.umd.js[2m:2219:43)[22m[2m[22m
[2m      [2mat _ZoneDelegate.invoke ([22m[2m../../node_modules/zone.js/bundles/zone.umd.js[2m:409:38)[22m[2m[22m
[2m      [2mat Object.onInvoke ([22m[2m../../node_modules/@angular/core/fesm2022/debug_node.mjs[2m:7854:33)[22m[2m[22m
[2m      [2mat _ZoneDelegate.invoke ([22m[2m../../node_modules/zone.js/bundles/zone.umd.js[2m:409:38)[22m[2m[22m
[2m      [2mat ZoneImpl.run ([22m[2m../../node_modules/zone.js/bundles/zone.umd.js[2m:145:47)[22m[2m[22m
[2m      [2mat NgZone.run ([22m[2m../../node_modules/@angular/core/fesm2022/debug_node.mjs[2m:7700:28)[22m[2m[22m
[2m      [2mat _TestBedImpl.createComponent ([22m[2m../../node_modules/@angular/core/fesm2022/testing.mjs[2m:2073:41)[22m[2m[22m
[2m      [2mat Function.createComponent ([22m[2m../../node_modules/@angular/core/fesm2022/testing.mjs[2m:1854:37)[22m[2m[22m
[2m      [2mat createComponent ([22m[2m[0m[36msrc/app/features/config/config.spec.ts[39m[0m[2m:33:23)[22m[2m[22m
[2m      [2mat [22m[2m[0m[36msrc/app/features/config/config.spec.ts[39m[0m[2m:73:7[22m[2m[22m
[2m      [2mat _ZoneDelegate.invoke ([22m[2m../../node_modules/zone.js/bundles/zone.umd.js[2m:410:32)[22m[2m[22m
[2m      [2mat ProxyZoneSpec.onInvoke ([22m[2m../../node_modules/zone.js/bundles/zone-testing.umd.js[2m:2219:43)[22m[2m[22m
[2m      [2mat _ZoneDelegate.invoke ([22m[2m../../node_modules/zone.js/bundles/zone.umd.js[2m:409:38)[22m[2m[22m
[2m      [2mat ZoneImpl.run ([22m[2m../../node_modules/zone.js/bundles/zone.umd.js[2m:145:47)[22m[2m[22m
[2m      [2mat Object.wrappedFunc ([22m[2m../../node_modules/zone.js/bundles/zone-testing.umd.js[2m:449:38)[22m[2m[22m
[1m[31m  [1m● [22m[1mConfig Component › Initialization (Constructor Logic) › should fallback to defaults if saved provider is invalid[39m[22m
    NG0201
[2m[22m
[2m      [2mat R3Injector.get ([22m[2m../../node_modules/@angular/core/fesm2022/root_effect_scheduler.mjs[2m:2081:27)[22m[2m[22m
[2m      [2mat R3Injector.get ([22m[2m../../node_modules/@angular/core/fesm2022/root_effect_scheduler.mjs[2m:2052:33)[22m[2m[22m
[2m      [2mat R3Injector.retrieve ([22m[2m../../node_modules/@angular/core/fesm2022/root_effect_scheduler.mjs[2m:1936:25)[22m[2m[22m
[2m      [2mat injectInjectorOnly ([22m[2m../../node_modules/@angular/core/fesm2022/root_effect_scheduler.mjs[2m:1049:39)[22m[2m[22m
[2m      [2mat ɵɵinject ([22m[2m../../node_modules/@angular/core/fesm2022/root_effect_scheduler.mjs[2m:1061:42)[22m[2m[22m
[2m      [2mat Object._TranslocoService_Factory [as factory] ([22m[2m../../ng:/_TranslocoService/ɵfac.js[2m:6:10)[22m[2m[22m
[2m      [2mat R3Injector.hydrate ([22m[2m../../node_modules/@angular/core/fesm2022/root_effect_scheduler.mjs[2m:2199:43)[22m[2m[22m
[2m      [2mat R3Injector.get ([22m[2m../../node_modules/@angular/core/fesm2022/root_effect_scheduler.mjs[2m:2040:33)[22m[2m[22m
[2m      [2mat R3Injector.get ([22m[2m../../node_modules/@angular/core/fesm2022/root_effect_scheduler.mjs[2m:2052:33)[22m[2m[22m
[2m      [2mat ChainedInjector.get ([22m[2m../../node_modules/@angular/core/fesm2022/debug_node.mjs[2m:13422:36)[22m[2m[22m
[2m      [2mat lookupTokenUsingModuleInjector ([22m[2m../../node_modules/@angular/core/fesm2022/debug_node.mjs[2m:1718:39)[22m[2m[22m
[2m      [2mat getOrCreateInjectable ([22m[2m../../node_modules/@angular/core/fesm2022/debug_node.mjs[2m:1766:12)[22m[2m[22m
[2m      [2mat ɵɵdirectiveInject ([22m[2m../../node_modules/@angular/core/fesm2022/debug_node.mjs[2m:13473:19)[22m[2m[22m
[2m      [2mat ɵɵinject ([22m[2m../../node_modules/@angular/core/fesm2022/root_effect_scheduler.mjs[2m:1061:42)[22m[2m[22m
[2m      [2mat inject ([22m[2m../../node_modules/@angular/core/fesm2022/root_effect_scheduler.mjs[2m:1149:12)[22m[2m[22m
[2m      [2mat new _TranslocoDirective ([22m[2m../../node_modules/@jsverse/transloco/fesm2022/jsverse-transloco.mjs[2m:1132:15)[22m[2m[22m
[2m      [2mat NodeInjectorFactory._TranslocoDirective_Factory [as factory] ([22m[2m../../ng:/_TranslocoDirective/ɵfac.js[2m:5:10)[22m[2m[22m
[2m      [2mat getNodeInjectable ([22m[2m../../node_modules/@angular/core/fesm2022/debug_node.mjs[2m:1989:44)[22m[2m[22m
[2m      [2mat instantiateAllDirectives ([22m[2m../../node_modules/@angular/core/fesm2022/debug_node.mjs[2m:9297:27)[22m[2m[22m
[2m      [2mat createDirectivesInstances ([22m[2m../../node_modules/@angular/core/fesm2022/debug_node.mjs[2m:9070:5)[22m[2m[22m
[2m      [2mat declareDirectiveHostTemplate ([22m[2m../../node_modules/@angular/core/fesm2022/debug_node.mjs[2m:17029:9)[22m[2m[22m
[2m      [2mat ɵɵtemplate ([22m[2m../../node_modules/@angular/core/fesm2022/debug_node.mjs[2m:17097:5)[22m[2m[22m
[2m      [2mat Config_Template ([22m[2m../../ng:/Config.js[2m:92:21)[22m[2m[22m
[2m      [2mat executeTemplate ([22m[2m../../node_modules/@angular/core/fesm2022/debug_node.mjs[2m:9056:9)[22m[2m[22m
[2m      [2mat renderView ([22m[2m../../node_modules/@angular/core/fesm2022/debug_node.mjs[2m:9678:13)[22m[2m[22m
[2m      [2mat renderComponent ([22m[2m../../node_modules/@angular/core/fesm2022/debug_node.mjs[2m:9623:5)[22m[2m[22m
[2m      [2mat renderChildComponents ([22m[2m../../node_modules/@angular/core/fesm2022/debug_node.mjs[2m:9726:9)[22m[2m[22m
[2m      [2mat renderView ([22m[2m../../node_modules/@angular/core/fesm2022/debug_node.mjs[2m:9706:13)[22m[2m[22m
[2m      [2mat ComponentFactory2.create ([22m[2m../../node_modules/@angular/core/fesm2022/debug_node.mjs[2m:14630:17)[22m[2m[22m
[2m      [2mat initComponent ([22m[2m../../node_modules/@angular/core/fesm2022/testing.mjs[2m:2068:51)[22m[2m[22m
[2m      [2mat _ZoneDelegate.invoke ([22m[2m../../node_modules/zone.js/bundles/zone.umd.js[2m:410:32)[22m[2m[22m
[2m      [2mat ProxyZoneSpec.onInvoke ([22m[2m../../node_modules/zone.js/bundles/zone-testing.umd.js[2m:2219:43)[22m[2m[22m
[2m      [2mat _ZoneDelegate.invoke ([22m[2m../../node_modules/zone.js/bundles/zone.umd.js[2m:409:38)[22m[2m[22m
[2m      [2mat Object.onInvoke ([22m[2m../../node_modules/@angular/core/fesm2022/debug_node.mjs[2m:7854:33)[22m[2m[22m
[2m      [2mat _ZoneDelegate.invoke ([22m[2m../../node_modules/zone.js/bundles/zone.umd.js[2m:409:38)[22m[2m[22m
[2m      [2mat ZoneImpl.run ([22m[2m../../node_modules/zone.js/bundles/zone.umd.js[2m:145:47)[22m[2m[22m
[2m      [2mat NgZone.run ([22m[2m../../node_modules/@angular/core/fesm2022/debug_node.mjs[2m:7700:28)[22m[2m[22m
[2m      [2mat _TestBedImpl.createComponent ([22m[2m../../node_modules/@angular/core/fesm2022/testing.mjs[2m:2073:41)[22m[2m[22m
[2m      [2mat Function.createComponent ([22m[2m../../node_modules/@angular/core/fesm2022/testing.mjs[2m:1854:37)[22m[2m[22m
[2m      [2mat createComponent ([22m[2m[0m[36msrc/app/features/config/config.spec.ts[39m[0m[2m:33:23)[22m[2m[22m
[2m      [2mat [22m[2m[0m[36msrc/app/features/config/config.spec.ts[39m[0m[2m:87:7[22m[2m[22m
[2m      [2mat _ZoneDelegate.invoke ([22m[2m../../node_modules/zone.js/bundles/zone.umd.js[2m:410:32)[22m[2m[22m
[2m      [2mat ProxyZoneSpec.onInvoke ([22m[2m../../node_modules/zone.js/bundles/zone-testing.umd.js[2m:2219:43)[22m[2m[22m
[2m      [2mat _ZoneDelegate.invoke ([22m[2m../../node_modules/zone.js/bundles/zone.umd.js[2m:409:38)[22m[2m[22m
[2m      [2mat ZoneImpl.run ([22m[2m../../node_modules/zone.js/bundles/zone.umd.js[2m:145:47)[22m[2m[22m
[2m      [2mat Object.wrappedFunc ([22m[2m../../node_modules/zone.js/bundles/zone-testing.umd.js[2m:449:38)[22m[2m[22m
[1m[31m  [1m● [22m[1mConfig Component › Initialization (Constructor Logic) › should reset model to null/default if saved model does not exist for provider[39m[22m
    NG0201
[2m[22m
[2m      [2mat R3Injector.get ([22m[2m../../node_modules/@angular/core/fesm2022/root_effect_scheduler.mjs[2m:2081:27)[22m[2m[22m
[2m      [2mat R3Injector.get ([22m[2m../../node_modules/@angular/core/fesm2022/root_effect_scheduler.mjs[2m:2052:33)[22m[2m[22m
[2m      [2mat R3Injector.retrieve ([22m[2m../../node_modules/@angular/core/fesm2022/root_effect_scheduler.mjs[2m:1936:25)[22m[2m[22m
[2m      [2mat injectInjectorOnly ([22m[2m../../node_modules/@angular/core/fesm2022/root_effect_scheduler.mjs[2m:1049:39)[22m[2m[22m
[2m      [2mat ɵɵinject ([22m[2m../../node_modules/@angular/core/fesm2022/root_effect_scheduler.mjs[2m:1061:42)[22m[2m[22m
[2m      [2mat Object._TranslocoService_Factory [as factory] ([22m[2m../../ng:/_TranslocoService/ɵfac.js[2m:6:10)[22m[2m[22m
[2m      [2mat R3Injector.hydrate ([22m[2m../../node_modules/@angular/core/fesm2022/root_effect_scheduler.mjs[2m:2199:43)[22m[2m[22m
[2m      [2mat R3Injector.get ([22m[2m../../node_modules/@angular/core/fesm2022/root_effect_scheduler.mjs[2m:2040:33)[22m[2m[22m
[2m      [2mat R3Injector.get ([22m[2m../../node_modules/@angular/core/fesm2022/root_effect_scheduler.mjs[2m:2052:33)[22m[2m[22m
[2m      [2mat ChainedInjector.get ([22m[2m../../node_modules/@angular/core/fesm2022/debug_node.mjs[2m:13422:36)[22m[2m[22m
[2m      [2mat lookupTokenUsingModuleInjector ([22m[2m../../node_modules/@angular/core/fesm2022/debug_node.mjs[2m:1718:39)[22m[2m[22m
[2m      [2mat getOrCreateInjectable ([22m[2m../../node_modules/@angular/core/fesm2022/debug_node.mjs[2m:1766:12)[22m[2m[22m
[2m      [2mat ɵɵdirectiveInject ([22m[2m../../node_modules/@angular/core/fesm2022/debug_node.mjs[2m:13473:19)[22m[2m[22m
[2m      [2mat ɵɵinject ([22m[2m../../node_modules/@angular/core/fesm2022/root_effect_scheduler.mjs[2m:1061:42)[22m[2m[22m
[2m      [2mat inject ([22m[2m../../node_modules/@angular/core/fesm2022/root_effect_scheduler.mjs[2m:1149:12)[22m[2m[22m
[2m      [2mat new _TranslocoDirective ([22m[2m../../node_modules/@jsverse/transloco/fesm2022/jsverse-transloco.mjs[2m:1132:15)[22m[2m[22m
[2m      [2mat NodeInjectorFactory._TranslocoDirective_Factory [as factory] ([22m[2m../../ng:/_TranslocoDirective/ɵfac.js[2m:5:10)[22m[2m[22m
[2m      [2mat getNodeInjectable ([22m[2m../../node_modules/@angular/core/fesm2022/debug_node.mjs[2m:1989:44)[22m[2m[22m
[2m      [2mat instantiateAllDirectives ([22m[2m../../node_modules/@angular/core/fesm2022/debug_node.mjs[2m:9297:27)[22m[2m[22m
[2m      [2mat createDirectivesInstances ([22m[2m../../node_modules/@angular/core/fesm2022/debug_node.mjs[2m:9070:5)[22m[2m[22m
[2m      [2mat declareDirectiveHostTemplate ([22m[2m../../node_modules/@angular/core/fesm2022/debug_node.mjs[2m:17029:9)[22m[2m[22m
[2m      [2mat ɵɵtemplate ([22m[2m../../node_modules/@angular/core/fesm2022/debug_node.mjs[2m:17097:5)[22m[2m[22m
[2m      [2mat Config_Template ([22m[2m../../ng:/Config.js[2m:92:21)[22m[2m[22m
[2m      [2mat executeTemplate ([22m[2m../../node_modules/@angular/core/fesm2022/debug_node.mjs[2m:9056:9)[22m[2m[22m
[2m      [2mat renderView ([22m[2m../../node_modules/@angular/core/fesm2022/debug_node.mjs[2m:9678:13)[22m[2m[22m
[2m      [2mat renderComponent ([22m[2m../../node_modules/@angular/core/fesm2022/debug_node.mjs[2m:9623:5)[22m[2m[22m
[2m      [2mat renderChildComponents ([22m[2m../../node_modules/@angular/core/fesm2022/debug_node.mjs[2m:9726:9)[22m[2m[22m
[2m      [2mat renderView ([22m[2m../../node_modules/@angular/core/fesm2022/debug_node.mjs[2m:9706:13)[22m[2m[22m
[2m      [2mat ComponentFactory2.create ([22m[2m../../node_modules/@angular/core/fesm2022/debug_node.mjs[2m:14630:17)[22m[2m[22m
[2m      [2mat initComponent ([22m[2m../../node_modules/@angular/core/fesm2022/testing.mjs[2m:2068:51)[22m[2m[22m
[2m      [2mat _ZoneDelegate.invoke ([22m[2m../../node_modules/zone.js/bundles/zone.umd.js[2m:410:32)[22m[2m[22m
[2m      [2mat ProxyZoneSpec.onInvoke ([22m[2m../../node_modules/zone.js/bundles/zone-testing.umd.js[2m:2219:43)[22m[2m[22m
[2m      [2mat _ZoneDelegate.invoke ([22m[2m../../node_modules/zone.js/bundles/zone.umd.js[2m:409:38)[22m[2m[22m
[2m      [2mat Object.onInvoke ([22m[2m../../node_modules/@angular/core/fesm2022/debug_node.mjs[2m:7854:33)[22m[2m[22m
[2m      [2mat _ZoneDelegate.invoke ([22m[2m../../node_modules/zone.js/bundles/zone.umd.js[2m:409:38)[22m[2m[22m
[2m      [2mat ZoneImpl.run ([22m[2m../../node_modules/zone.js/bundles/zone.umd.js[2m:145:47)[22m[2m[22m
[2m      [2mat NgZone.run ([22m[2m../../node_modules/@angular/core/fesm2022/debug_node.mjs[2m:7700:28)[22m[2m[22m
[2m      [2mat _TestBedImpl.createComponent ([22m[2m../../node_modules/@angular/core/fesm2022/testing.mjs[2m:2073:41)[22m[2m[22m
[2m      [2mat Function.createComponent ([22m[2m../../node_modules/@angular/core/fesm2022/testing.mjs[2m:1854:37)[22m[2m[22m
[2m      [2mat createComponent ([22m[2m[0m[36msrc/app/features/config/config.spec.ts[39m[0m[2m:33:23)[22m[2m[22m
[2m      [2mat [22m[2m[0m[36msrc/app/features/config/config.spec.ts[39m[0m[2m:99:7[22m[2m[22m
[2m      [2mat _ZoneDelegate.invoke ([22m[2m../../node_modules/zone.js/bundles/zone.umd.js[2m:410:32)[22m[2m[22m
[2m      [2mat ProxyZoneSpec.onInvoke ([22m[2m../../node_modules/zone.js/bundles/zone-testing.umd.js[2m:2219:43)[22m[2m[22m
[2m      [2mat _ZoneDelegate.invoke ([22m[2m../../node_modules/zone.js/bundles/zone.umd.js[2m:409:38)[22m[2m[22m
[2m      [2mat ZoneImpl.run ([22m[2m../../node_modules/zone.js/bundles/zone.umd.js[2m:145:47)[22m[2m[22m
[2m      [2mat Object.wrappedFunc ([22m[2m../../node_modules/zone.js/bundles/zone-testing.umd.js[2m:449:38)[22m[2m[22m
[1m[31m  [1m● [22m[1mConfig Component › Reactivity (Form Changes) › should update available models when provider changes[39m[22m
    NG0201
[2m[22m
[2m      [2mat R3Injector.get ([22m[2m../../node_modules/@angular/core/fesm2022/root_effect_scheduler.mjs[2m:2081:27)[22m[2m[22m
[2m      [2mat R3Injector.get ([22m[2m../../node_modules/@angular/core/fesm2022/root_effect_scheduler.mjs[2m:2052:33)[22m[2m[22m
[2m      [2mat R3Injector.retrieve ([22m[2m../../node_modules/@angular/core/fesm2022/root_effect_scheduler.mjs[2m:1936:25)[22m[2m[22m
[2m      [2mat injectInjectorOnly ([22m[2m../../node_modules/@angular/core/fesm2022/root_effect_scheduler.mjs[2m:1049:39)[22m[2m[22m
[2m      [2mat ɵɵinject ([22m[2m../../node_modules/@angular/core/fesm2022/root_effect_scheduler.mjs[2m:1061:42)[22m[2m[22m
[2m      [2mat Object._TranslocoService_Factory [as factory] ([22m[2m../../ng:/_TranslocoService/ɵfac.js[2m:6:10)[22m[2m[22m
[2m      [2mat R3Injector.hydrate ([22m[2m../../node_modules/@angular/core/fesm2022/root_effect_scheduler.mjs[2m:2199:43)[22m[2m[22m
[2m      [2mat R3Injector.get ([22m[2m../../node_modules/@angular/core/fesm2022/root_effect_scheduler.mjs[2m:2040:33)[22m[2m[22m
[2m      [2mat R3Injector.get ([22m[2m../../node_modules/@angular/core/fesm2022/root_effect_scheduler.mjs[2m:2052:33)[22m[2m[22m
[2m      [2mat ChainedInjector.get ([22m[2m../../node_modules/@angular/core/fesm2022/debug_node.mjs[2m:13422:36)[22m[2m[22m
[2m      [2mat lookupTokenUsingModuleInjector ([22m[2m../../node_modules/@angular/core/fesm2022/debug_node.mjs[2m:1718:39)[22m[2m[22m
[2m      [2mat getOrCreateInjectable ([22m[2m../../node_modules/@angular/core/fesm2022/debug_node.mjs[2m:1766:12)[22m[2m[22m
[2m      [2mat ɵɵdirectiveInject ([22m[2m../../node_modules/@angular/core/fesm2022/debug_node.mjs[2m:13473:19)[22m[2m[22m
[2m      [2mat ɵɵinject ([22m[2m../../node_modules/@angular/core/fesm2022/root_effect_scheduler.mjs[2m:1061:42)[22m[2m[22m
[2m      [2mat inject ([22m[2m../../node_modules/@angular/core/fesm2022/root_effect_scheduler.mjs[2m:1149:12)[22m[2m[22m
[2m      [2mat new _TranslocoDirective ([22m[2m../../node_modules/@jsverse/transloco/fesm2022/jsverse-transloco.mjs[2m:1132:15)[22m[2m[22m
[2m      [2mat NodeInjectorFactory._TranslocoDirective_Factory [as factory] ([22m[2m../../ng:/_TranslocoDirective/ɵfac.js[2m:5:10)[22m[2m[22m
[2m      [2mat getNodeInjectable ([22m[2m../../node_modules/@angular/core/fesm2022/debug_node.mjs[2m:1989:44)[22m[2m[22m
[2m      [2mat instantiateAllDirectives ([22m[2m../../node_modules/@angular/core/fesm2022/debug_node.mjs[2m:9297:27)[22m[2m[22m
[2m      [2mat createDirectivesInstances ([22m[2m../../node_modules/@angular/core/fesm2022/debug_node.mjs[2m:9070:5)[22m[2m[22m
[2m      [2mat declareDirectiveHostTemplate ([22m[2m../../node_modules/@angular/core/fesm2022/debug_node.mjs[2m:17029:9)[22m[2m[22m
[2m      [2mat ɵɵtemplate ([22m[2m../../node_modules/@angular/core/fesm2022/debug_node.mjs[2m:17097:5)[22m[2m[22m
[2m      [2mat Config_Template ([22m[2m../../ng:/Config.js[2m:92:21)[22m[2m[22m
[2m      [2mat executeTemplate ([22m[2m../../node_modules/@angular/core/fesm2022/debug_node.mjs[2m:9056:9)[22m[2m[22m
[2m      [2mat renderView ([22m[2m../../node_modules/@angular/core/fesm2022/debug_node.mjs[2m:9678:13)[22m[2m[22m
[2m      [2mat renderComponent ([22m[2m../../node_modules/@angular/core/fesm2022/debug_node.mjs[2m:9623:5)[22m[2m[22m
[2m      [2mat renderChildComponents ([22m[2m../../node_modules/@angular/core/fesm2022/debug_node.mjs[2m:9726:9)[22m[2m[22m
[2m      [2mat renderView ([22m[2m../../node_modules/@angular/core/fesm2022/debug_node.mjs[2m:9706:13)[22m[2m[22m
[2m      [2mat ComponentFactory2.create ([22m[2m../../node_modules/@angular/core/fesm2022/debug_node.mjs[2m:14630:17)[22m[2m[22m
[2m      [2mat initComponent ([22m[2m../../node_modules/@angular/core/fesm2022/testing.mjs[2m:2068:51)[22m[2m[22m
[2m      [2mat _ZoneDelegate.invoke ([22m[2m../../node_modules/zone.js/bundles/zone.umd.js[2m:410:32)[22m[2m[22m
[2m      [2mat ProxyZoneSpec.onInvoke ([22m[2m../../node_modules/zone.js/bundles/zone-testing.umd.js[2m:2219:43)[22m[2m[22m
[2m      [2mat _ZoneDelegate.invoke ([22m[2m../../node_modules/zone.js/bundles/zone.umd.js[2m:409:38)[22m[2m[22m
[2m      [2mat Object.onInvoke ([22m[2m../../node_modules/@angular/core/fesm2022/debug_node.mjs[2m:7854:33)[22m[2m[22m
[2m      [2mat _ZoneDelegate.invoke ([22m[2m../../node_modules/zone.js/bundles/zone.umd.js[2m:409:38)[22m[2m[22m
[2m      [2mat ZoneImpl.run ([22m[2m../../node_modules/zone.js/bundles/zone.umd.js[2m:145:47)[22m[2m[22m
[2m      [2mat NgZone.run ([22m[2m../../node_modules/@angular/core/fesm2022/debug_node.mjs[2m:7700:28)[22m[2m[22m
[2m      [2mat _TestBedImpl.createComponent ([22m[2m../../node_modules/@angular/core/fesm2022/testing.mjs[2m:2073:41)[22m[2m[22m
[2m      [2mat Function.createComponent ([22m[2m../../node_modules/@angular/core/fesm2022/testing.mjs[2m:1854:37)[22m[2m[22m
[2m      [2mat createComponent ([22m[2m[0m[36msrc/app/features/config/config.spec.ts[39m[0m[2m:33:23)[22m[2m[22m
[2m      [2mat [22m[2m[0m[36msrc/app/features/config/config.spec.ts[39m[0m[2m:109:7[22m[2m[22m
[2m      [2mat _ZoneDelegate.invoke ([22m[2m../../node_modules/zone.js/bundles/zone.umd.js[2m:410:32)[22m[2m[22m
[2m      [2mat ProxyZoneSpec.onInvoke ([22m[2m../../node_modules/zone.js/bundles/zone-testing.umd.js[2m:2219:43)[22m[2m[22m
[2m      [2mat _ZoneDelegate.invoke ([22m[2m../../node_modules/zone.js/bundles/zone.umd.js[2m:409:38)[22m[2m[22m
[2m      [2mat ZoneImpl.run ([22m[2m../../node_modules/zone.js/bundles/zone.umd.js[2m:145:47)[22m[2m[22m
[2m      [2mat Object.wrappedFunc ([22m[2m../../node_modules/zone.js/bundles/zone-testing.umd.js[2m:449:38)[22m[2m[22m
[1m[31m  [1m● [22m[1mConfig Component › Reactivity (Form Changes) › should auto-select first model when provider changes[39m[22m
    NG0201
[2m[22m
[2m      [2mat R3Injector.get ([22m[2m../../node_modules/@angular/core/fesm2022/root_effect_scheduler.mjs[2m:2081:27)[22m[2m[22m
[2m      [2mat R3Injector.get ([22m[2m../../node_modules/@angular/core/fesm2022/root_effect_scheduler.mjs[2m:2052:33)[22m[2m[22m
[2m      [2mat R3Injector.retrieve ([22m[2m../../node_modules/@angular/core/fesm2022/root_effect_scheduler.mjs[2m:1936:25)[22m[2m[22m
[2m      [2mat injectInjectorOnly ([22m[2m../../node_modules/@angular/core/fesm2022/root_effect_scheduler.mjs[2m:1049:39)[22m[2m[22m
[2m      [2mat ɵɵinject ([22m[2m../../node_modules/@angular/core/fesm2022/root_effect_scheduler.mjs[2m:1061:42)[22m[2m[22m
[2m      [2mat Object._TranslocoService_Factory [as factory] ([22m[2m../../ng:/_TranslocoService/ɵfac.js[2m:6:10)[22m[2m[22m
[2m      [2mat R3Injector.hydrate ([22m[2m../../node_modules/@angular/core/fesm2022/root_effect_scheduler.mjs[2m:2199:43)[22m[2m[22m
[2m      [2mat R3Injector.get ([22m[2m../../node_modules/@angular/core/fesm2022/root_effect_scheduler.mjs[2m:2040:33)[22m[2m[22m
[2m      [2mat R3Injector.get ([22m[2m../../node_modules/@angular/core/fesm2022/root_effect_scheduler.mjs[2m:2052:33)[22m[2m[22m
[2m      [2mat ChainedInjector.get ([22m[2m../../node_modules/@angular/core/fesm2022/debug_node.mjs[2m:13422:36)[22m[2m[22m
[2m      [2mat lookupTokenUsingModuleInjector ([22m[2m../../node_modules/@angular/core/fesm2022/debug_node.mjs[2m:1718:39)[22m[2m[22m
[2m      [2mat getOrCreateInjectable ([22m[2m../../node_modules/@angular/core/fesm2022/debug_node.mjs[2m:1766:12)[22m[2m[22m
[2m      [2mat ɵɵdirectiveInject ([22m[2m../../node_modules/@angular/core/fesm2022/debug_node.mjs[2m:13473:19)[22m[2m[22m
[2m      [2mat ɵɵinject ([22m[2m../../node_modules/@angular/core/fesm2022/root_effect_scheduler.mjs[2m:1061:42)[22m[2m[22m
[2m      [2mat inject ([22m[2m../../node_modules/@angular/core/fesm2022/root_effect_scheduler.mjs[2m:1149:12)[22m[2m[22m
[2m      [2mat new _TranslocoDirective ([22m[2m../../node_modules/@jsverse/transloco/fesm2022/jsverse-transloco.mjs[2m:1132:15)[22m[2m[22m
[2m      [2mat NodeInjectorFactory._TranslocoDirective_Factory [as factory] ([22m[2m../../ng:/_TranslocoDirective/ɵfac.js[2m:5:10)[22m[2m[22m
[2m      [2mat getNodeInjectable ([22m[2m../../node_modules/@angular/core/fesm2022/debug_node.mjs[2m:1989:44)[22m[2m[22m
[2m      [2mat instantiateAllDirectives ([22m[2m../../node_modules/@angular/core/fesm2022/debug_node.mjs[2m:9297:27)[22m[2m[22m
[2m      [2mat createDirectivesInstances ([22m[2m../../node_modules/@angular/core/fesm2022/debug_node.mjs[2m:9070:5)[22m[2m[22m
[2m      [2mat declareDirectiveHostTemplate ([22m[2m../../node_modules/@angular/core/fesm2022/debug_node.mjs[2m:17029:9)[22m[2m[22m
[2m      [2mat ɵɵtemplate ([22m[2m../../node_modules/@angular/core/fesm2022/debug_node.mjs[2m:17097:5)[22m[2m[22m
[2m      [2mat Config_Template ([22m[2m../../ng:/Config.js[2m:92:21)[22m[2m[22m
[2m      [2mat executeTemplate ([22m[2m../../node_modules/@angular/core/fesm2022/debug_node.mjs[2m:9056:9)[22m[2m[22m
[2m      [2mat renderView ([22m[2m../../node_modules/@angular/core/fesm2022/debug_node.mjs[2m:9678:13)[22m[2m[22m
[2m      [2mat renderComponent ([22m[2m../../node_modules/@angular/core/fesm2022/debug_node.mjs[2m:9623:5)[22m[2m[22m
[2m      [2mat renderChildComponents ([22m[2m../../node_modules/@angular/core/fesm2022/debug_node.mjs[2m:9726:9)[22m[2m[22m
[2m      [2mat renderView ([22m[2m../../node_modules/@angular/core/fesm2022/debug_node.mjs[2m:9706:13)[22m[2m[22m
[2m      [2mat ComponentFactory2.create ([22m[2m../../node_modules/@angular/core/fesm2022/debug_node.mjs[2m:14630:17)[22m[2m[22m
[2m      [2mat initComponent ([22m[2m../../node_modules/@angular/core/fesm2022/testing.mjs[2m:2068:51)[22m[2m[22m
[2m      [2mat _ZoneDelegate.invoke ([22m[2m../../node_modules/zone.js/bundles/zone.umd.js[2m:410:32)[22m[2m[22m
[2m      [2mat ProxyZoneSpec.onInvoke ([22m[2m../../node_modules/zone.js/bundles/zone-testing.umd.js[2m:2219:43)[22m[2m[22m
[2m      [2mat _ZoneDelegate.invoke ([22m[2m../../node_modules/zone.js/bundles/zone.umd.js[2m:409:38)[22m[2m[22m
[2m      [2mat Object.onInvoke ([22m[2m../../node_modules/@angular/core/fesm2022/debug_node.mjs[2m:7854:33)[22m[2m[22m
[2m      [2mat _ZoneDelegate.invoke ([22m[2m../../node_modules/zone.js/bundles/zone.umd.js[2m:409:38)[22m[2m[22m
[2m      [2mat ZoneImpl.run ([22m[2m../../node_modules/zone.js/bundles/zone.umd.js[2m:145:47)[22m[2m[22m
[2m      [2mat NgZone.run ([22m[2m../../node_modules/@angular/core/fesm2022/debug_node.mjs[2m:7700:28)[22m[2m[22m
[2m      [2mat _TestBedImpl.createComponent ([22m[2m../../node_modules/@angular/core/fesm2022/testing.mjs[2m:2073:41)[22m[2m[22m
[2m      [2mat Function.createComponent ([22m[2m../../node_modules/@angular/core/fesm2022/testing.mjs[2m:1854:37)[22m[2m[22m
[2m      [2mat createComponent ([22m[2m[0m[36msrc/app/features/config/config.spec.ts[39m[0m[2m:33:23)[22m[2m[22m
[2m      [2mat [22m[2m[0m[36msrc/app/features/config/config.spec.ts[39m[0m[2m:109:7[22m[2m[22m
[2m      [2mat _ZoneDelegate.invoke ([22m[2m../../node_modules/zone.js/bundles/zone.umd.js[2m:410:32)[22m[2m[22m
[2m      [2mat ProxyZoneSpec.onInvoke ([22m[2m../../node_modules/zone.js/bundles/zone-testing.umd.js[2m:2219:43)[22m[2m[22m
[2m      [2mat _ZoneDelegate.invoke ([22m[2m../../node_modules/zone.js/bundles/zone.umd.js[2m:409:38)[22m[2m[22m
[2m      [2mat ZoneImpl.run ([22m[2m../../node_modules/zone.js/bundles/zone.umd.js[2m:145:47)[22m[2m[22m
[2m      [2mat Object.wrappedFunc ([22m[2m../../node_modules/zone.js/bundles/zone-testing.umd.js[2m:449:38)[22m[2m[22m
[1m[31m  [1m● [22m[1mConfig Component › Reactivity (Form Changes) › should set modelVersion to null if provider has no models[39m[22m
    NG0201
[2m[22m
[2m      [2mat R3Injector.get ([22m[2m../../node_modules/@angular/core/fesm2022/root_effect_scheduler.mjs[2m:2081:27)[22m[2m[22m
[2m      [2mat R3Injector.get ([22m[2m../../node_modules/@angular/core/fesm2022/root_effect_scheduler.mjs[2m:2052:33)[22m[2m[22m
[2m      [2mat R3Injector.retrieve ([22m[2m../../node_modules/@angular/core/fesm2022/root_effect_scheduler.mjs[2m:1936:25)[22m[2m[22m
[2m      [2mat injectInjectorOnly ([22m[2m../../node_modules/@angular/core/fesm2022/root_effect_scheduler.mjs[2m:1049:39)[22m[2m[22m
[2m      [2mat ɵɵinject ([22m[2m../../node_modules/@angular/core/fesm2022/root_effect_scheduler.mjs[2m:1061:42)[22m[2m[22m
[2m      [2mat Object._TranslocoService_Factory [as factory] ([22m[2m../../ng:/_TranslocoService/ɵfac.js[2m:6:10)[22m[2m[22m
[2m      [2mat R3Injector.hydrate ([22m[2m../../node_modules/@angular/core/fesm2022/root_effect_scheduler.mjs[2m:2199:43)[22m[2m[22m
[2m      [2mat R3Injector.get ([22m[2m../../node_modules/@angular/core/fesm2022/root_effect_scheduler.mjs[2m:2040:33)[22m[2m[22m
[2m      [2mat R3Injector.get ([22m[2m../../node_modules/@angular/core/fesm2022/root_effect_scheduler.mjs[2m:2052:33)[22m[2m[22m
[2m      [2mat ChainedInjector.get ([22m[2m../../node_modules/@angular/core/fesm2022/debug_node.mjs[2m:13422:36)[22m[2m[22m
[2m      [2mat lookupTokenUsingModuleInjector ([22m[2m../../node_modules/@angular/core/fesm2022/debug_node.mjs[2m:1718:39)[22m[2m[22m
[2m      [2mat getOrCreateInjectable ([22m[2m../../node_modules/@angular/core/fesm2022/debug_node.mjs[2m:1766:12)[22m[2m[22m
[2m      [2mat ɵɵdirectiveInject ([22m[2m../../node_modules/@angular/core/fesm2022/debug_node.mjs[2m:13473:19)[22m[2m[22m
[2m      [2mat ɵɵinject ([22m[2m../../node_modules/@angular/core/fesm2022/root_effect_scheduler.mjs[2m:1061:42)[22m[2m[22m
[2m      [2mat inject ([22m[2m../../node_modules/@angular/core/fesm2022/root_effect_scheduler.mjs[2m:1149:12)[22m[2m[22m
[2m      [2mat new _TranslocoDirective ([22m[2m../../node_modules/@jsverse/transloco/fesm2022/jsverse-transloco.mjs[2m:1132:15)[22m[2m[22m
[2m      [2mat NodeInjectorFactory._TranslocoDirective_Factory [as factory] ([22m[2m../../ng:/_TranslocoDirective/ɵfac.js[2m:5:10)[22m[2m[22m
[2m      [2mat getNodeInjectable ([22m[2m../../node_modules/@angular/core/fesm2022/debug_node.mjs[2m:1989:44)[22m[2m[22m
[2m      [2mat instantiateAllDirectives ([22m[2m../../node_modules/@angular/core/fesm2022/debug_node.mjs[2m:9297:27)[22m[2m[22m
[2m      [2mat createDirectivesInstances ([22m[2m../../node_modules/@angular/core/fesm2022/debug_node.mjs[2m:9070:5)[22m[2m[22m
[2m      [2mat declareDirectiveHostTemplate ([22m[2m../../node_modules/@angular/core/fesm2022/debug_node.mjs[2m:17029:9)[22m[2m[22m
[2m      [2mat ɵɵtemplate ([22m[2m../../node_modules/@angular/core/fesm2022/debug_node.mjs[2m:17097:5)[22m[2m[22m
[2m      [2mat Config_Template ([22m[2m../../ng:/Config.js[2m:92:21)[22m[2m[22m
[2m      [2mat executeTemplate ([22m[2m../../node_modules/@angular/core/fesm2022/debug_node.mjs[2m:9056:9)[22m[2m[22m
[2m      [2mat renderView ([22m[2m../../node_modules/@angular/core/fesm2022/debug_node.mjs[2m:9678:13)[22m[2m[22m
[2m      [2mat renderComponent ([22m[2m../../node_modules/@angular/core/fesm2022/debug_node.mjs[2m:9623:5)[22m[2m[22m
[2m      [2mat renderChildComponents ([22m[2m../../node_modules/@angular/core/fesm2022/debug_node.mjs[2m:9726:9)[22m[2m[22m
[2m      [2mat renderView ([22m[2m../../node_modules/@angular/core/fesm2022/debug_node.mjs[2m:9706:13)[22m[2m[22m
[2m      [2mat ComponentFactory2.create ([22m[2m../../node_modules/@angular/core/fesm2022/debug_node.mjs[2m:14630:17)[22m[2m[22m
[2m      [2mat initComponent ([22m[2m../../node_modules/@angular/core/fesm2022/testing.mjs[2m:2068:51)[22m[2m[22m
[2m      [2mat _ZoneDelegate.invoke ([22m[2m../../node_modules/zone.js/bundles/zone.umd.js[2m:410:32)[22m[2m[22m
[2m      [2mat ProxyZoneSpec.onInvoke ([22m[2m../../node_modules/zone.js/bundles/zone-testing.umd.js[2m:2219:43)[22m[2m[22m
[2m      [2mat _ZoneDelegate.invoke ([22m[2m../../node_modules/zone.js/bundles/zone.umd.js[2m:409:38)[22m[2m[22m
[2m      [2mat Object.onInvoke ([22m[2m../../node_modules/@angular/core/fesm2022/debug_node.mjs[2m:7854:33)[22m[2m[22m
[2m      [2mat _ZoneDelegate.invoke ([22m[2m../../node_modules/zone.js/bundles/zone.umd.js[2m:409:38)[22m[2m[22m
[2m      [2mat ZoneImpl.run ([22m[2m../../node_modules/zone.js/bundles/zone.umd.js[2m:145:47)[22m[2m[22m
[2m      [2mat NgZone.run ([22m[2m../../node_modules/@angular/core/fesm2022/debug_node.mjs[2m:7700:28)[22m[2m[22m
[2m      [2mat _TestBedImpl.createComponent ([22m[2m../../node_modules/@angular/core/fesm2022/testing.mjs[2m:2073:41)[22m[2m[22m
[2m      [2mat Function.createComponent ([22m[2m../../node_modules/@angular/core/fesm2022/testing.mjs[2m:1854:37)[22m[2m[22m
[2m      [2mat createComponent ([22m[2m[0m[36msrc/app/features/config/config.spec.ts[39m[0m[2m:33:23)[22m[2m[22m
[2m      [2mat [22m[2m[0m[36msrc/app/features/config/config.spec.ts[39m[0m[2m:109:7[22m[2m[22m
[2m      [2mat _ZoneDelegate.invoke ([22m[2m../../node_modules/zone.js/bundles/zone.umd.js[2m:410:32)[22m[2m[22m
[2m      [2mat ProxyZoneSpec.onInvoke ([22m[2m../../node_modules/zone.js/bundles/zone-testing.umd.js[2m:2219:43)[22m[2m[22m
[2m      [2mat _ZoneDelegate.invoke ([22m[2m../../node_modules/zone.js/bundles/zone.umd.js[2m:409:38)[22m[2m[22m
[2m      [2mat ZoneImpl.run ([22m[2m../../node_modules/zone.js/bundles/zone.umd.js[2m:145:47)[22m[2m[22m
[2m      [2mat Object.wrappedFunc ([22m[2m../../node_modules/zone.js/bundles/zone-testing.umd.js[2m:449:38)[22m[2m[22m
[1m[31m  [1m● [22m[1mConfig Component › Actions › should save settings and show alert[39m[22m
    NG0201
[2m[22m
[2m      [2mat R3Injector.get ([22m[2m../../node_modules/@angular/core/fesm2022/root_effect_scheduler.mjs[2m:2081:27)[22m[2m[22m
[2m      [2mat R3Injector.get ([22m[2m../../node_modules/@angular/core/fesm2022/root_effect_scheduler.mjs[2m:2052:33)[22m[2m[22m
[2m      [2mat R3Injector.retrieve ([22m[2m../../node_modules/@angular/core/fesm2022/root_effect_scheduler.mjs[2m:1936:25)[22m[2m[22m
[2m      [2mat injectInjectorOnly ([22m[2m../../node_modules/@angular/core/fesm2022/root_effect_scheduler.mjs[2m:1049:39)[22m[2m[22m
[2m      [2mat ɵɵinject ([22m[2m../../node_modules/@angular/core/fesm2022/root_effect_scheduler.mjs[2m:1061:42)[22m[2m[22m
[2m      [2mat Object._TranslocoService_Factory [as factory] ([22m[2m../../ng:/_TranslocoService/ɵfac.js[2m:6:10)[22m[2m[22m
[2m      [2mat R3Injector.hydrate ([22m[2m../../node_modules/@angular/core/fesm2022/root_effect_scheduler.mjs[2m:2199:43)[22m[2m[22m
[2m      [2mat R3Injector.get ([22m[2m../../node_modules/@angular/core/fesm2022/root_effect_scheduler.mjs[2m:2040:33)[22m[2m[22m
[2m      [2mat R3Injector.get ([22m[2m../../node_modules/@angular/core/fesm2022/root_effect_scheduler.mjs[2m:2052:33)[22m[2m[22m
[2m      [2mat ChainedInjector.get ([22m[2m../../node_modules/@angular/core/fesm2022/debug_node.mjs[2m:13422:36)[22m[2m[22m
[2m      [2mat lookupTokenUsingModuleInjector ([22m[2m../../node_modules/@angular/core/fesm2022/debug_node.mjs[2m:1718:39)[22m[2m[22m
[2m      [2mat getOrCreateInjectable ([22m[2m../../node_modules/@angular/core/fesm2022/debug_node.mjs[2m:1766:12)[22m[2m[22m
[2m      [2mat ɵɵdirectiveInject ([22m[2m../../node_modules/@angular/core/fesm2022/debug_node.mjs[2m:13473:19)[22m[2m[22m
[2m      [2mat ɵɵinject ([22m[2m../../node_modules/@angular/core/fesm2022/root_effect_scheduler.mjs[2m:1061:42)[22m[2m[22m
[2m      [2mat inject ([22m[2m../../node_modules/@angular/core/fesm2022/root_effect_scheduler.mjs[2m:1149:12)[22m[2m[22m
[2m      [2mat new _TranslocoDirective ([22m[2m../../node_modules/@jsverse/transloco/fesm2022/jsverse-transloco.mjs[2m:1132:15)[22m[2m[22m
[2m      [2mat NodeInjectorFactory._TranslocoDirective_Factory [as factory] ([22m[2m../../ng:/_TranslocoDirective/ɵfac.js[2m:5:10)[22m[2m[22m
[2m      [2mat getNodeInjectable ([22m[2m../../node_modules/@angular/core/fesm2022/debug_node.mjs[2m:1989:44)[22m[2m[22m
[2m      [2mat instantiateAllDirectives ([22m[2m../../node_modules/@angular/core/fesm2022/debug_node.mjs[2m:9297:27)[22m[2m[22m
[2m      [2mat createDirectivesInstances ([22m[2m../../node_modules/@angular/core/fesm2022/debug_node.mjs[2m:9070:5)[22m[2m[22m
[2m      [2mat declareDirectiveHostTemplate ([22m[2m../../node_modules/@angular/core/fesm2022/debug_node.mjs[2m:17029:9)[22m[2m[22m
[2m      [2mat ɵɵtemplate ([22m[2m../../node_modules/@angular/core/fesm2022/debug_node.mjs[2m:17097:5)[22m[2m[22m
[2m      [2mat Config_Template ([22m[2m../../ng:/Config.js[2m:92:21)[22m[2m[22m
[2m      [2mat executeTemplate ([22m[2m../../node_modules/@angular/core/fesm2022/debug_node.mjs[2m:9056:9)[22m[2m[22m
[2m      [2mat renderView ([22m[2m../../node_modules/@angular/core/fesm2022/debug_node.mjs[2m:9678:13)[22m[2m[22m
[2m      [2mat renderComponent ([22m[2m../../node_modules/@angular/core/fesm2022/debug_node.mjs[2m:9623:5)[22m[2m[22m
[2m      [2mat renderChildComponents ([22m[2m../../node_modules/@angular/core/fesm2022/debug_node.mjs[2m:9726:9)[22m[2m[22m
[2m      [2mat renderView ([22m[2m../../node_modules/@angular/core/fesm2022/debug_node.mjs[2m:9706:13)[22m[2m[22m
[2m      [2mat ComponentFactory2.create ([22m[2m../../node_modules/@angular/core/fesm2022/debug_node.mjs[2m:14630:17)[22m[2m[22m
[2m      [2mat initComponent ([22m[2m../../node_modules/@angular/core/fesm2022/testing.mjs[2m:2068:51)[22m[2m[22m
[2m      [2mat _ZoneDelegate.invoke ([22m[2m../../node_modules/zone.js/bundles/zone.umd.js[2m:410:32)[22m[2m[22m
[2m      [2mat ProxyZoneSpec.onInvoke ([22m[2m../../node_modules/zone.js/bundles/zone-testing.umd.js[2m:2219:43)[22m[2m[22m
[2m      [2mat _ZoneDelegate.invoke ([22m[2m../../node_modules/zone.js/bundles/zone.umd.js[2m:409:38)[22m[2m[22m
[2m      [2mat Object.onInvoke ([22m[2m../../node_modules/@angular/core/fesm2022/debug_node.mjs[2m:7854:33)[22m[2m[22m
[2m      [2mat _ZoneDelegate.invoke ([22m[2m../../node_modules/zone.js/bundles/zone.umd.js[2m:409:38)[22m[2m[22m
[2m      [2mat ZoneImpl.run ([22m[2m../../node_modules/zone.js/bundles/zone.umd.js[2m:145:47)[22m[2m[22m
[2m      [2mat NgZone.run ([22m[2m../../node_modules/@angular/core/fesm2022/debug_node.mjs[2m:7700:28)[22m[2m[22m
[2m      [2mat _TestBedImpl.createComponent ([22m[2m../../node_modules/@angular/core/fesm2022/testing.mjs[2m:2073:41)[22m[2m[22m
[2m      [2mat Function.createComponent ([22m[2m../../node_modules/@angular/core/fesm2022/testing.mjs[2m:1854:37)[22m[2m[22m
[2m      [2mat createComponent ([22m[2m[0m[36msrc/app/features/config/config.spec.ts[39m[0m[2m:33:23)[22m[2m[22m
[2m      [2mat [22m[2m[0m[36msrc/app/features/config/config.spec.ts[39m[0m[2m:145:7[22m[2m[22m
[2m      [2mat _ZoneDelegate.invoke ([22m[2m../../node_modules/zone.js/bundles/zone.umd.js[2m:410:32)[22m[2m[22m
[2m      [2mat ProxyZoneSpec.onInvoke ([22m[2m../../node_modules/zone.js/bundles/zone-testing.umd.js[2m:2219:43)[22m[2m[22m
[2m      [2mat _ZoneDelegate.invoke ([22m[2m../../node_modules/zone.js/bundles/zone.umd.js[2m:409:38)[22m[2m[22m
[2m      [2mat ZoneImpl.run ([22m[2m../../node_modules/zone.js/bundles/zone.umd.js[2m:145:47)[22m[2m[22m
[2m      [2mat Object.wrappedFunc ([22m[2m../../node_modules/zone.js/bundles/zone-testing.umd.js[2m:449:38)[22m[2m[22m
[0m[7m[1m[31m FAIL [39m[22m[27m[0m [0m[7m[37m frontend [39m[27m[0m [2mapps/frontend/src/app/features/cv/components/education-section/[22m[1meducation-section.spec.ts[22m ([0m[1m[41m7.351 s[49m[22m[0m)
  EducationSection
    [32m✓[39m [2mshould create (268 ms)[22m
    Rendering
      [32m✓[39m [2mshould render 0 items when form array is empty (72 ms)[22m
      [31m✕[39m [2mshould render correct number of items when form array has data (527 ms)[22m
    Interactions
      [31m✕[39m [2mshould call service.add() when Add button is clicked (35 ms)[22m
      [32m✓[39m [2mshould call service.remove(index) when Remove button is clicked (184 ms)[22m
[1m[31m  [1m● [22m[1mEducationSection › Rendering › should render correct number of items when form array has data[39m[22m
    [2mexpect([22m[31mreceived[39m[2m).[22mtoBe[2m([22m[32mexpected[39m[2m) // Object.is equality[22m
    Expected: [32m2[39m
    Received: [31m0[39m
[2m[22m
[2m    [0m [90m 80 |[39m       [90m// Assert[39m[22m
[2m     [90m 81 |[39m       [36mconst[39m items [33m=[39m fixture[33m.[39mdebugElement[33m.[39mqueryAll([33mBy[39m[33m.[39mcss([32m'[tuiCardLarge]'[39m))[33m;[39m[22m
[2m    [31m[1m>[22m[2m[39m[90m 82 |[39m       expect(items[33m.[39mlength)[33m.[39mtoBe([35m2[39m)[33m;[39m[22m
[2m     [90m    |[39m                            [31m[1m^[22m[2m[39m[22m
[2m     [90m 83 |[39m     })[33m;[39m[22m
[2m     [90m 84 |[39m   })[33m;[39m[22m
[2m     [90m 85 |[39m[0m[22m
[2m[22m
[2m      [2mat [22m[2m[0m[36msrc/app/features/cv/components/education-section/education-section.spec.ts[39m[0m[2m:82:28[22m[2m[22m
[2m      [2mat _ZoneDelegate.invoke ([22m[2m../../node_modules/zone.js/bundles/zone.umd.js[2m:410:32)[22m[2m[22m
[2m      [2mat ProxyZoneSpec.onInvoke ([22m[2m../../node_modules/zone.js/bundles/zone-testing.umd.js[2m:2219:43)[22m[2m[22m
[2m      [2mat _ZoneDelegate.invoke ([22m[2m../../node_modules/zone.js/bundles/zone.umd.js[2m:409:38)[22m[2m[22m
[2m      [2mat ZoneImpl.run ([22m[2m../../node_modules/zone.js/bundles/zone.umd.js[2m:145:47)[22m[2m[22m
[2m      [2mat Object.wrappedFunc ([22m[2m../../node_modules/zone.js/bundles/zone-testing.umd.js[2m:449:38)[22m[2m[22m
[1m[31m  [1m● [22m[1mEducationSection › Interactions › should call service.add() when Add button is clicked[39m[22m
    TypeError: Cannot read properties of undefined (reading 'nativeElement')
[2m[22m
[2m    [0m [90m 89 |[39m       [36mconst[39m addButton [33m=[39m buttons[[35m0[39m][33m;[39m[22m
[2m     [90m 90 |[39m[22m
[2m    [31m[1m>[22m[2m[39m[90m 91 |[39m       addButton[33m.[39mnativeElement[33m.[39mclick()[33m;[39m[22m
[2m     [90m    |[39m                 [31m[1m^[22m[2m[39m[22m
[2m     [90m 92 |[39m[22m
[2m     [90m 93 |[39m       expect(educationServiceMock[33m.[39madd)[33m.[39mtoHaveBeenCalled()[33m;[39m[22m
[2m     [90m 94 |[39m     })[33m;[39m[0m[22m
[2m[22m
[2m      [2mat [22m[2m[0m[36msrc/app/features/cv/components/education-section/education-section.spec.ts[39m[0m[2m:91:17[22m[2m[22m
[2m      [2mat _ZoneDelegate.invoke ([22m[2m../../node_modules/zone.js/bundles/zone.umd.js[2m:410:32)[22m[2m[22m
[2m      [2mat ProxyZoneSpec.onInvoke ([22m[2m../../node_modules/zone.js/bundles/zone-testing.umd.js[2m:2219:43)[22m[2m[22m
[2m      [2mat _ZoneDelegate.invoke ([22m[2m../../node_modules/zone.js/bundles/zone.umd.js[2m:409:38)[22m[2m[22m
[2m      [2mat ZoneImpl.run ([22m[2m../../node_modules/zone.js/bundles/zone.umd.js[2m:145:47)[22m[2m[22m
[2m      [2mat Object.wrappedFunc ([22m[2m../../node_modules/zone.js/bundles/zone-testing.umd.js[2m:449:38)[22m[2m[22m
[0m[7m[1m[31m FAIL [39m[22m[27m[0m [0m[7m[37m frontend [39m[27m[0m [2mapps/frontend/src/app/features/cv/components/experience-section/[22m[1mexperience-section.spec.ts[22m ([0m[1m[41m7.351 s[49m[22m[0m)
  ExperienceSection
    [32m✓[39m [2mshould create (291 ms)[22m
    Rendering
      [32m✓[39m [2mshould render 0 items when form array is empty (68 ms)[22m
      [31m✕[39m [2mshould render correct number of items when form array has data (400 ms)[22m
    Interactions
      [31m✕[39m [2mshould call service.add() when Add button is clicked (34 ms)[22m
      [32m✓[39m [2mshould call service.remove(index) when Remove button is clicked (180 ms)[22m
[1m[31m  [1m● [22m[1mExperienceSection › Rendering › should render correct number of items when form array has data[39m[22m
    [2mexpect([22m[31mreceived[39m[2m).[22mtoBe[2m([22m[32mexpected[39m[2m) // Object.is equality[22m
    Expected: [32m2[39m
    Received: [31m0[39m
[2m[22m
[2m    [0m [90m 80 |[39m       [90m// Assert[39m[22m
[2m     [90m 81 |[39m       [36mconst[39m items [33m=[39m fixture[33m.[39mdebugElement[33m.[39mqueryAll([33mBy[39m[33m.[39mcss([32m'[tuiCardLarge]'[39m))[33m;[39m[22m
[2m    [31m[1m>[22m[2m[39m[90m 82 |[39m       expect(items[33m.[39mlength)[33m.[39mtoBe([35m2[39m)[33m;[39m[22m
[2m     [90m    |[39m                            [31m[1m^[22m[2m[39m[22m
[2m     [90m 83 |[39m     })[33m;[39m[22m
[2m     [90m 84 |[39m   })[33m;[39m[22m
[2m     [90m 85 |[39m[0m[22m
[2m[22m
[2m      [2mat [22m[2m[0m[36msrc/app/features/cv/components/experience-section/experience-section.spec.ts[39m[0m[2m:82:28[22m[2m[22m
[2m      [2mat _ZoneDelegate.invoke ([22m[2m../../node_modules/zone.js/bundles/zone.umd.js[2m:410:32)[22m[2m[22m
[2m      [2mat ProxyZoneSpec.onInvoke ([22m[2m../../node_modules/zone.js/bundles/zone-testing.umd.js[2m:2219:43)[22m[2m[22m
[2m      [2mat _ZoneDelegate.invoke ([22m[2m../../node_modules/zone.js/bundles/zone.umd.js[2m:409:38)[22m[2m[22m
[2m      [2mat ZoneImpl.run ([22m[2m../../node_modules/zone.js/bundles/zone.umd.js[2m:145:47)[22m[2m[22m
[2m      [2mat Object.wrappedFunc ([22m[2m../../node_modules/zone.js/bundles/zone-testing.umd.js[2m:449:38)[22m[2m[22m
[1m[31m  [1m● [22m[1mExperienceSection › Interactions › should call service.add() when Add button is clicked[39m[22m
    TypeError: Cannot read properties of undefined (reading 'nativeElement')
[2m[22m
[2m    [0m [90m 89 |[39m       [36mconst[39m addButton [33m=[39m buttons[[35m0[39m][33m;[39m[22m
[2m     [90m 90 |[39m[22m
[2m    [31m[1m>[22m[2m[39m[90m 91 |[39m       addButton[33m.[39mnativeElement[33m.[39mclick()[33m;[39m[22m
[2m     [90m    |[39m                 [31m[1m^[22m[2m[39m[22m
[2m     [90m 92 |[39m[22m
[2m     [90m 93 |[39m       expect(experienceServiceMock[33m.[39madd)[33m.[39mtoHaveBeenCalled()[33m;[39m[22m
[2m     [90m 94 |[39m     })[33m;[39m[0m[22m
[2m[22m
[2m      [2mat [22m[2m[0m[36msrc/app/features/cv/components/experience-section/experience-section.spec.ts[39m[0m[2m:91:17[22m[2m[22m
[2m      [2mat _ZoneDelegate.invoke ([22m[2m../../node_modules/zone.js/bundles/zone.umd.js[2m:410:32)[22m[2m[22m
[2m      [2mat ProxyZoneSpec.onInvoke ([22m[2m../../node_modules/zone.js/bundles/zone-testing.umd.js[2m:2219:43)[22m[2m[22m
[2m      [2mat _ZoneDelegate.invoke ([22m[2m../../node_modules/zone.js/bundles/zone.umd.js[2m:409:38)[22m[2m[22m
[2m      [2mat ZoneImpl.run ([22m[2m../../node_modules/zone.js/bundles/zone.umd.js[2m:145:47)[22m[2m[22m
[2m      [2mat Object.wrappedFunc ([22m[2m../../node_modules/zone.js/bundles/zone-testing.umd.js[2m:449:38)[22m[2m[22m
[0m[7m[1m[32m PASS [39m[22m[27m[0m [0m[7m[37m frontend [39m[27m[0m [2mapps/frontend/src/app/features/cv/components/ia-section/[22m[1mia-section.component.spec.ts[22m ([0m[1m[41m5.499 s[49m[22m[0m)
  IaSection Component
    [32m✓[39m [2mshould create (354 ms)[22m
    Initialization
      [32m✓[39m [2mshould initialize currentExaggeration signal from service (189 ms)[22m
    Interactions
      [32m✓[39m [2mshould have a slider for exaggeration level (119 ms)[22m
      [32m✓[39m [2mshould call service.optimizeCv when optimize button is clicked (103 ms)[22m
      [32m✓[39m [2mshould show loading state on button when service.isLoading is true (80 ms)[22m
[0m[7m[1m[31m FAIL [39m[22m[27m[0m [0m[7m[37m frontend [39m[27m[0m [2mapps/frontend/src/app/features/cv/components/skills-section/[22m[1mskills-section.spec.ts[22m ([0m[1m[41m7.481 s[49m[22m[0m)
  SkillsSection
    [32m✓[39m [2mshould create (477 ms)[22m
    Structure Rendering
      [32m✓[39m [2mshould render main inputs (207 ms)[22m
      [31m✕[39m [2mshould show "no certifications" message when empty (132 ms)[22m
    Certifications Rendering
      [31m✕[39m [2mshould render certification cards if service returns them (368 ms)[22m
    Interactions
      [32m✓[39m [2mshould call addCertification when add button is clicked (187 ms)[22m
      [31m✕[39m [2mshould call removeCertification when delete button is clicked (171 ms)[22m
[1m[31m  [1m● [22m[1mSkillsSection › Structure Rendering › should show "no certifications" message when empty[39m[22m
    [2mexpect([22m[31mreceived[39m[2m).[22mtoBeTruthy[2m()[22m
    Received: [31mnull[39m
[2m[22m
[2m    [0m [90m 66 |[39m     it([32m'should show "no certifications" message when empty'[39m[33m,[39m () [33m=>[39m {[22m
[2m     [90m 67 |[39m       [36mconst[39m emptyMessage [33m=[39m fixture[33m.[39mdebugElement[33m.[39mquery([33mBy[39m[33m.[39mcss([32m'p.text-gray-500'[39m))[33m;[39m[22m
[2m    [31m[1m>[22m[2m[39m[90m 68 |[39m       expect(emptyMessage)[33m.[39mtoBeTruthy()[33m;[39m[22m
[2m     [90m    |[39m                            [31m[1m^[22m[2m[39m[22m
[2m     [90m 69 |[39m     })[33m;[39m[22m
[2m     [90m 70 |[39m   })[33m;[39m[22m
[2m     [90m 71 |[39m[0m[22m
[2m[22m
[2m      [2mat [22m[2m[0m[36msrc/app/features/cv/components/skills-section/skills-section.spec.ts[39m[0m[2m:68:28[22m[2m[22m
[2m      [2mat _ZoneDelegate.invoke ([22m[2m../../node_modules/zone.js/bundles/zone.umd.js[2m:410:32)[22m[2m[22m
[2m      [2mat ProxyZoneSpec.onInvoke ([22m[2m../../node_modules/zone.js/bundles/zone-testing.umd.js[2m:2219:43)[22m[2m[22m
[2m      [2mat _ZoneDelegate.invoke ([22m[2m../../node_modules/zone.js/bundles/zone.umd.js[2m:409:38)[22m[2m[22m
[2m      [2mat ZoneImpl.run ([22m[2m../../node_modules/zone.js/bundles/zone.umd.js[2m:145:47)[22m[2m[22m
[2m      [2mat Object.wrappedFunc ([22m[2m../../node_modules/zone.js/bundles/zone-testing.umd.js[2m:449:38)[22m[2m[22m
[1m[31m  [1m● [22m[1mSkillsSection › Certifications Rendering › should render certification cards if service returns them[39m[22m
    [2mexpect([22m[31mreceived[39m[2m).[22mtoBe[2m([22m[32mexpected[39m[2m) // Object.is equality[22m
    Expected: [32m2[39m
    Received: [31m0[39m
[2m[22m
[2m    [0m [90m 89 |[39m[22m
[2m     [90m 90 |[39m       [36mconst[39m cards [33m=[39m fixture[33m.[39mdebugElement[33m.[39mqueryAll([33mBy[39m[33m.[39mcss([32m'[tuiCardLarge]'[39m))[33m;[39m[22m
[2m    [31m[1m>[22m[2m[39m[90m 91 |[39m       expect(cards[33m.[39mlength)[33m.[39mtoBe([35m2[39m)[33m;[39m[22m
[2m     [90m    |[39m                            [31m[1m^[22m[2m[39m[22m
[2m     [90m 92 |[39m     })[33m;[39m[22m
[2m     [90m 93 |[39m   })[33m;[39m[22m
[2m     [90m 94 |[39m[0m[22m
[2m[22m
[2m      [2mat [22m[2m[0m[36msrc/app/features/cv/components/skills-section/skills-section.spec.ts[39m[0m[2m:91:28[22m[2m[22m
[2m      [2mat _ZoneDelegate.invoke ([22m[2m../../node_modules/zone.js/bundles/zone.umd.js[2m:410:32)[22m[2m[22m
[2m      [2mat ProxyZoneSpec.onInvoke ([22m[2m../../node_modules/zone.js/bundles/zone-testing.umd.js[2m:2219:43)[22m[2m[22m
[2m      [2mat _ZoneDelegate.invoke ([22m[2m../../node_modules/zone.js/bundles/zone.umd.js[2m:409:38)[22m[2m[22m
[2m      [2mat ZoneImpl.run ([22m[2m../../node_modules/zone.js/bundles/zone.umd.js[2m:145:47)[22m[2m[22m
[2m      [2mat Object.wrappedFunc ([22m[2m../../node_modules/zone.js/bundles/zone-testing.umd.js[2m:449:38)[22m[2m[22m
[1m[31m  [1m● [22m[1mSkillsSection › Interactions › should call removeCertification when delete button is clicked[39m[22m
    [2mexpect([22m[31mreceived[39m[2m).[22mtoBeTruthy[2m()[22m
    Received: [31mnull[39m
[2m[22m
[2m    [0m [90m 121 |[39m       )[33m;[39m[22m
[2m     [90m 122 |[39m[22m
[2m    [31m[1m>[22m[2m[39m[90m 123 |[39m       expect(deleteBtn)[33m.[39mtoBeTruthy()[33m;[39m[22m
[2m     [90m     |[39m                         [31m[1m^[22m[2m[39m[22m
[2m     [90m 124 |[39m[22m
[2m     [90m 125 |[39m       deleteBtn[33m.[39mnativeElement[33m.[39mclick()[33m;[39m[22m
[2m     [90m 126 |[39m[0m[22m
[2m[22m
[2m      [2mat [22m[2m[0m[36msrc/app/features/cv/components/skills-section/skills-section.spec.ts[39m[0m[2m:123:25[22m[2m[22m
[2m      [2mat _ZoneDelegate.invoke ([22m[2m../../node_modules/zone.js/bundles/zone.umd.js[2m:410:32)[22m[2m[22m
[2m      [2mat ProxyZoneSpec.onInvoke ([22m[2m../../node_modules/zone.js/bundles/zone-testing.umd.js[2m:2219:43)[22m[2m[22m
[2m      [2mat _ZoneDelegate.invoke ([22m[2m../../node_modules/zone.js/bundles/zone.umd.js[2m:409:38)[22m[2m[22m
[2m      [2mat ZoneImpl.run ([22m[2m../../node_modules/zone.js/bundles/zone.umd.js[2m:145:47)[22m[2m[22m
[2m      [2mat Object.wrappedFunc ([22m[2m../../node_modules/zone.js/bundles/zone-testing.umd.js[2m:449:38)[22m[2m[22m
[0m[7m[1m[32m PASS [39m[22m[27m[0m [0m[7m[37m frontend [39m[27m[0m [2mapps/frontend/src/app/features/cv/components/personal-section/[22m[1mpersonal-section.spec.ts[22m ([0m[1m[41m7.473 s[49m[22m[0m)
  PersonalSection Component
    [32m✓[39m [2mshould create (681 ms)[22m
    Form Binding
      [32m✓[39m [2mshould render all inputs (371 ms)[22m
      [32m✓[39m [2mshould bind input values to form control (243 ms)[22m
      [32m✓[39m [2mshould update input value when form control changes programmatically (286 ms)[22m
    Phone Input
      [32m✓[39m [2mshould render phone input (200 ms)[22m
[0m[7m[1m[32m PASS [39m[22m[27m[0m [0m[7m[37m frontend [39m[27m[0m [2mapps/frontend/src/app/features/cv/components/actions/[22m[1mactions.spec.ts[22m ([0m[1m[41m5.813 s[49m[22m[0m)
  Actions Component
    [32m✓[39m [2mshould create (347 ms)[22m
[0m[7m[1m[31m FAIL [39m[22m[27m[0m [0m[7m[37m frontend [39m[27m[0m [2mapps/frontend/src/app/features/cv/components/projects-section/[22m[1mprojects-section.spec.ts[22m ([0m[1m[41m7.888 s[49m[22m[0m)
  ProjectsSection
    [32m✓[39m [2mshould create (620 ms)[22m
    Rendering
      [32m✓[39m [2mshould render items from service formArray (231 ms)[22m
      [32m✓[39m [2mshould update view when signal changes (314 ms)[22m
    Interactions
      [31m✕[39m [2mshould call service.add() when Add button is clicked (176 ms)[22m
      [32m✓[39m [2mshould call service.remove(index) when Remove button is clicked (176 ms)[22m
[1m[31m  [1m● [22m[1mProjectsSection › Interactions › should call service.add() when Add button is clicked[39m[22m
    TypeError: Cannot read properties of null (reading 'nativeElement')
[2m[22m
[2m    [0m [90m 87 |[39m     it([32m'should call service.add() when Add button is clicked'[39m[33m,[39m () [33m=>[39m {[22m
[2m     [90m 88 |[39m       [36mconst[39m addButton [33m=[39m fixture[33m.[39mdebugElement[33m.[39mquery([33mBy[39m[33m.[39mcss([32m'button[iconStart="@tui.plus"]'[39m))[33m;[39m[22m
[2m    [31m[1m>[22m[2m[39m[90m 89 |[39m       addButton[33m.[39mnativeElement[33m.[39mclick()[33m;[39m[22m
[2m     [90m    |[39m                 [31m[1m^[22m[2m[39m[22m
[2m     [90m 90 |[39m       expect(projectsServiceMock[33m.[39madd)[33m.[39mtoHaveBeenCalled()[33m;[39m[22m
[2m     [90m 91 |[39m     })[33m;[39m[22m
[2m     [90m 92 |[39m[0m[22m
[2m[22m
[2m      [2mat [22m[2m[0m[36msrc/app/features/cv/components/projects-section/projects-section.spec.ts[39m[0m[2m:89:17[22m[2m[22m
[2m      [2mat _ZoneDelegate.invoke ([22m[2m../../node_modules/zone.js/bundles/zone.umd.js[2m:410:32)[22m[2m[22m
[2m      [2mat ProxyZoneSpec.onInvoke ([22m[2m../../node_modules/zone.js/bundles/zone-testing.umd.js[2m:2219:43)[22m[2m[22m
[2m      [2mat _ZoneDelegate.invoke ([22m[2m../../node_modules/zone.js/bundles/zone.umd.js[2m:409:38)[22m[2m[22m
[2m      [2mat ZoneImpl.run ([22m[2m../../node_modules/zone.js/bundles/zone.umd.js[2m:145:47)[22m[2m[22m
[2m      [2mat Object.wrappedFunc ([22m[2m../../node_modules/zone.js/bundles/zone-testing.umd.js[2m:449:38)[22m[2m[22m
[0m[7m[1m[32m PASS [39m[22m[27m[0m [0m[7m[37m frontend [39m[27m[0m [2mapps/frontend/src/app/features/cv/components/ats-section/[22m[1mats-section.spec.ts[22m
  ATSSection
    [32m✓[39m [2mshould create (451 ms)[22m
    [32m✓[39m [2mshould expose service properties (114 ms)[22m
    Integration with Service
      [32m✓[39m [2mshould call calculateAtsScore on button click (89 ms)[22m
[0m[7m[1m[32m PASS [39m[22m[27m[0m [0m[7m[37m frontend [39m[27m[0m [2mapps/frontend/src/app/features/cv/services/cv-form/cv-form-data/[22m[1mcv-form-data.service.spec.ts[22m
  CvFormDataService
    [32m✓[39m [2mshould be created (15 ms)[22m
    optimizeCv
      [32m✓[39m [2mshould call iaService.generateCvWithIA with correct payload (low temp) (7 ms)[22m
      [32m✓[39m [2mshould call iaService.generateCvWithIA with correct payload (medium temp) (7 ms)[22m
      [32m✓[39m [2mshould call iaService.generateCvWithIA with correct payload (high temp) (4 ms)[22m
    downloadPdf
      [32m✓[39m [2mshould call pdfService.downloadPdf (19 ms)[22m
    saveCv
      [32m✓[39m [2mshould call saveDataService.saveData (8 ms)[22m
    clearCv
      [32m✓[39m [2mshould call saveDataService.clearData (13 ms)[22m
[0m[7m[1m[31m FAIL [39m[22m[27m[0m [0m[7m[37m frontend [39m[27m[0m [2mapps/frontend/src/app/features/cv/components/cover-letter-section/[22m[1mcover-letter-section.spec.ts[22m ([0m[1m[41m8.217 s[49m[22m[0m)
  CoverLetterSection
    [32m✓[39m [2mdebe crearse correctamente (629 ms)[22m
    Renderizado de UI y Lógica de Negocio
      [32m✓[39m [2mdebe renderizar los campos base del formulario (Reclutador y Empresa) (294 ms)[22m
      [32m✓[39m [2mdebe mostrar el input de "Referente Interno" SOLO cuando la signal isInternalReference es true (275 ms)[22m
      [31m✕[39m [2mdebe renderizar correctamente las opciones de Tono (175 ms)[22m
    Interacciones del Usuario
      [32m✓[39m [2mdebe llamar a service.generate() al hacer click en el botón "Generar carta" (252 ms)[22m
      [32m✓[39m [2mel botón de generar debe estar deshabilitado si iaForm es inválido (223 ms)[22m
      [32m✓[39m [2mdebe pasar el estado de loading al botón cuando el servicio está cargando (172 ms)[22m
    Visualización de Resultados
      [32m✓[39m [2mdebe mostrar la carta generada en el textarea de solo lectura (160 ms)[22m
[1m[31m  [1m● [22m[1mCoverLetterSection › Renderizado de UI y Lógica de Negocio › debe renderizar correctamente las opciones de Tono[39m[22m
    SyntaxError: 'tui-icon.text-,,,Bvar,,,,--tui-text-action,,,,,,D input[formControlName="tone"]' is not a valid selector
[2m[22m
[2m    [0m [90m 83 |[39m[22m
[2m     [90m 84 |[39m     it([32m'debe renderizar correctamente las opciones de Tono'[39m[33m,[39m () [33m=>[39m {[22m
[2m    [31m[1m>[22m[2m[39m[90m 85 |[39m       [36mconst[39m toneLabels [33m=[39m fixture[33m.[39mdebugElement[33m.[39mqueryAll([22m
[2m     [90m    |[39m                                               [31m[1m^[22m[2m[39m[22m
[2m     [90m 86 |[39m         [33mBy[39m[33m.[39mcss([32m'label:has(input[formControlName="tone"])'[39m)[33m,[39m[22m
[2m     [90m 87 |[39m       )[33m;[39m[22m
[2m     [90m 88 |[39m[0m[22m
[2m[22m
[2m      [2mat emit ([22m[2m../../node_modules/nwsapi/src/nwsapi.js[2m:670:17)[22m[2m[22m
[2m      [2mat parse ([22m[2m../../node_modules/nwsapi/src/nwsapi.js[2m:1612:13)[22m[2m[22m
[2m      [2mat _querySelectorAll ([22m[2m../../node_modules/nwsapi/src/nwsapi.js[2m:1701:44)[22m[2m[22m
[2m      [2mat Object._querySelector [as first] ([22m[2m../../node_modules/nwsapi/src/nwsapi.js[2m:1637:14)[22m[2m[22m
[2m      [2mat Array.Resolver (eval at compile ([22m[2m../../node_modules/nwsapi/src/nwsapi.js[2m:896:17), <anonymous>:3:67)[22m[2m[22m
[2m      [2mat match_assert ([22m[2m../../node_modules/nwsapi/src/nwsapi.js[2m:1556:13)[22m[2m[22m
[2m      [2mat Object._matches [as match] ([22m[2m../../node_modules/nwsapi/src/nwsapi.js[2m:1626:16)[22m[2m[22m
[2m      [2mat elementMatches ([22m[2m../../node_modules/@angular/platform-browser/fesm2022/platform-browser.mjs[2m:373:33)[22m[2m[22m
[2m      [2mat [22m[2m../../node_modules/@angular/platform-browser/fesm2022/platform-browser.mjs[2m:355:19[22m[2m[22m
[2m      [2mat _addQueryMatch ([22m[2m../../node_modules/@angular/core/fesm2022/debug_node.mjs[2m:31932:13)[22m[2m[22m
[2m      [2mat _queryNodeChildren ([22m[2m../../node_modules/@angular/core/fesm2022/debug_node.mjs[2m:31825:9)[22m[2m[22m
[2m      [2mat _queryNodeChildren ([22m[2m../../node_modules/@angular/core/fesm2022/debug_node.mjs[2m:31837:17)[22m[2m[22m
[2m      [2mat _queryNodeChildren ([22m[2m../../node_modules/@angular/core/fesm2022/debug_node.mjs[2m:31837:17)[22m[2m[22m
[2m      [2mat _queryNodeChildren ([22m[2m../../node_modules/@angular/core/fesm2022/debug_node.mjs[2m:31837:17)[22m[2m[22m
[2m      [2mat _queryNodeChildren ([22m[2m../../node_modules/@angular/core/fesm2022/debug_node.mjs[2m:31837:17)[22m[2m[22m
[2m      [2mat _queryNodeChildrenInContainer ([22m[2m../../node_modules/@angular/core/fesm2022/debug_node.mjs[2m:31908:13)[22m[2m[22m
[2m      [2mat _queryNodeChildren ([22m[2m../../node_modules/@angular/core/fesm2022/debug_node.mjs[2m:31861:9)[22m[2m[22m
[2m      [2mat _queryNodeChildren ([22m[2m../../node_modules/@angular/core/fesm2022/debug_node.mjs[2m:31831:17)[22m[2m[22m
[2m      [2mat _queryAll ([22m[2m../../node_modules/@angular/core/fesm2022/debug_node.mjs[2m:31800:9)[22m[2m[22m
[2m      [2mat DebugElement.queryAll ([22m[2m../../node_modules/@angular/core/fesm2022/debug_node.mjs[2m:31712:9)[22m[2m[22m
[2m      [2mat [22m[2m[0m[36msrc/app/features/cv/components/cover-letter-section/cover-letter-section.spec.ts[39m[0m[2m:85:47[22m[2m[22m
[2m      [2mat _ZoneDelegate.invoke ([22m[2m../../node_modules/zone.js/bundles/zone.umd.js[2m:410:32)[22m[2m[22m
[2m      [2mat ProxyZoneSpec.onInvoke ([22m[2m../../node_modules/zone.js/bundles/zone-testing.umd.js[2m:2219:43)[22m[2m[22m
[2m      [2mat _ZoneDelegate.invoke ([22m[2m../../node_modules/zone.js/bundles/zone.umd.js[2m:409:38)[22m[2m[22m
[2m      [2mat ZoneImpl.run ([22m[2m../../node_modules/zone.js/bundles/zone.umd.js[2m:145:47)[22m[2m[22m
[2m      [2mat Object.wrappedFunc ([22m[2m../../node_modules/zone.js/bundles/zone-testing.umd.js[2m:449:38)[22m[2m[22m
  [2m[31mconsole.error[39m[22m
[31m    Error al cargar datos (datos corruptos?): SyntaxError: Expected ',' or '}' after property value in JSON at position 14 (line 1 column 15)[39m
[31m        at JSON.parse (<anonymous>)[39m
[31m        at SaveDataService.loadDataInternal (/home/martin/WebstormProjects/smartcv/apps/frontend/src/app/core/services/save-data/save-data.service.ts:42:19)[39m
[31m        at new SaveDataService (/home/martin/WebstormProjects/smartcv/apps/frontend/src/app/core/services/save-data/save-data.service.ts:12:62)[39m
[31m        at Object.SaveDataService_Factory [as factory] (ng:///SaveDataService/ɵfac.js:5:10)[39m
[31m        at R3Injector.hydrate (/home/martin/WebstormProjects/smartcv/node_modules/@angular/core/fesm2022/root_effect_scheduler.mjs:2199:43)[39m
[31m        at R3Injector.get (/home/martin/WebstormProjects/smartcv/node_modules/@angular/core/fesm2022/root_effect_scheduler.mjs:2040:33)[39m
[31m        at _TestBedImpl.inject (/home/martin/WebstormProjects/smartcv/node_modules/@angular/core/fesm2022/testing.mjs:2004:52)[39m
[31m        at Function.inject (/home/martin/WebstormProjects/smartcv/node_modules/@angular/core/fesm2022/testing.mjs:1843:37)[39m
[31m        at injectServiceWithStorage (/home/martin/WebstormProjects/smartcv/apps/frontend/src/app/core/services/save-data/save-data.service.spec.ts:35:20)[39m
[31m        at /home/martin/WebstormProjects/smartcv/apps/frontend/src/app/core/services/save-data/save-data.service.spec.ts:76:26[39m
[31m        at _ZoneDelegate.invoke (/home/martin/WebstormProjects/smartcv/node_modules/zone.js/bundles/zone.umd.js:410:32)[39m
[31m        at ProxyZoneSpec.onInvoke (/home/martin/WebstormProjects/smartcv/node_modules/zone.js/bundles/zone-testing.umd.js:2219:43)[39m
[31m        at _ZoneDelegate.invoke (/home/martin/WebstormProjects/smartcv/node_modules/zone.js/bundles/zone.umd.js:409:38)[39m
[31m        at ZoneImpl.run (/home/martin/WebstormProjects/smartcv/node_modules/zone.js/bundles/zone.umd.js:145:47)[39m
[31m        at Object.wrappedFunc (/home/martin/WebstormProjects/smartcv/node_modules/zone.js/bundles/zone-testing.umd.js:449:38)[39m
[31m        at Promise.finally.completed (/home/martin/WebstormProjects/smartcv/node_modules/jest-circus/build/jestAdapterInit.js:1557:28)[39m
[31m        at new Promise (<anonymous>)[39m
[31m        at callAsyncCircusFn (/home/martin/WebstormProjects/smartcv/node_modules/jest-circus/build/jestAdapterInit.js:1497:10)[39m
[31m        at _callCircusTest (/home/martin/WebstormProjects/smartcv/node_modules/jest-circus/build/jestAdapterInit.js:1007:40)[39m
[31m        at processTicksAndRejections (node:internal/process/task_queues:105:5)[39m
[31m        at _runTest (/home/martin/WebstormProjects/smartcv/node_modules/jest-circus/build/jestAdapterInit.js:947:3)[39m
[31m        at /home/martin/WebstormProjects/smartcv/node_modules/jest-circus/build/jestAdapterInit.js:849:7[39m
[2m[22m
[2m    [0m [90m 42 |[39m       [36mreturn[39m [33mJSON[39m[33m.[39mparse(serializedData) [36mas[39m [33mCvForm[39m[33m;[39m[22m
[2m     [90m 43 |[39m     } [36mcatch[39m (e) {[22m
[2m    [31m[1m>[22m[2m[39m[90m 44 |[39m       console[33m.[39merror([32m'Error al cargar datos (datos corruptos?):'[39m[33m,[39m e)[33m;[39m[22m
[2m     [90m    |[39m               [31m[1m^[22m[2m[39m[22m
[2m     [90m 45 |[39m       [36mthis[39m[33m.[39mstorage[33m?[39m[33m.[39mremoveItem([36mthis[39m[33m.[39m[33mSTORAGE_KEY[39m)[33m;[39m[22m
[2m     [90m 46 |[39m       [36mreturn[39m [36mnull[39m[33m;[39m[22m
[2m     [90m 47 |[39m     }[0m[22m
[2m[22m
[2m      [2mat SaveDataService.loadDataInternal ([22m[2msrc/app/core/services/save-data/save-data.service.ts[2m:44:15)[22m[2m[22m
[2m      [2mat new SaveDataService ([22m[2msrc/app/core/services/save-data/save-data.service.ts[2m:12:62)[22m[2m[22m
[2m      [2mat Object.SaveDataService_Factory [as factory] ([22m[2m../../ng:/SaveDataService/ɵfac.js[2m:5:10)[22m[2m[22m
[2m      [2mat R3Injector.hydrate ([22m[2m../../node_modules/@angular/core/fesm2022/root_effect_scheduler.mjs[2m:2199:43)[22m[2m[22m
[2m      [2mat R3Injector.get ([22m[2m../../node_modules/@angular/core/fesm2022/root_effect_scheduler.mjs[2m:2040:33)[22m[2m[22m
[2m      [2mat _TestBedImpl.inject ([22m[2m../../node_modules/@angular/core/fesm2022/testing.mjs[2m:2004:52)[22m[2m[22m
[2m      [2mat Function.inject ([22m[2m../../node_modules/@angular/core/fesm2022/testing.mjs[2m:1843:37)[22m[2m[22m
[2m      [2mat injectServiceWithStorage ([22m[2m[0m[36msrc/app/core/services/save-data/save-data.service.spec.ts[39m[0m[2m:35:20)[22m[2m[22m
[2m      [2mat [22m[2m[0m[36msrc/app/core/services/save-data/save-data.service.spec.ts[39m[0m[2m:76:26[22m[2m[22m
[2m      [2mat _ZoneDelegate.invoke ([22m[2m../../node_modules/zone.js/bundles/zone.umd.js[2m:410:32)[22m[2m[22m
[2m      [2mat ProxyZoneSpec.onInvoke ([22m[2m../../node_modules/zone.js/bundles/zone-testing.umd.js[2m:2219:43)[22m[2m[22m
[2m      [2mat _ZoneDelegate.invoke ([22m[2m../../node_modules/zone.js/bundles/zone.umd.js[2m:409:38)[22m[2m[22m
[2m      [2mat ZoneImpl.run ([22m[2m../../node_modules/zone.js/bundles/zone.umd.js[2m:145:47)[22m[2m[22m
[2m      [2mat Object.wrappedFunc ([22m[2m../../node_modules/zone.js/bundles/zone-testing.umd.js[2m:449:38)[22m[2m[22m
  [2m[31mconsole.error[39m[22m
[31m    Error al guardar datos en localStorage: Error: Storage capacity exceeded[39m
[31m        at Object.<anonymous> (/home/martin/WebstormProjects/smartcv/apps/frontend/src/app/core/services/save-data/save-data.service.spec.ts:105:15)[39m
[31m        at /home/martin/WebstormProjects/smartcv/node_modules/jest-mock/build/index.js:305:39[39m
[31m        at Object.<anonymous> (/home/martin/WebstormProjects/smartcv/node_modules/jest-mock/build/index.js:312:13)[39m
[31m        at Object.mockConstructor [as setItem] (/home/martin/WebstormProjects/smartcv/node_modules/jest-mock/build/index.js:102:19)[39m
[31m        at SaveDataService.saveData (/home/martin/WebstormProjects/smartcv/apps/frontend/src/app/core/services/save-data/save-data.service.ts:18:20)[39m
[31m        at /home/martin/WebstormProjects/smartcv/apps/frontend/src/app/core/services/save-data/save-data.service.spec.ts:109:28[39m
[31m        at Object.<anonymous> (/home/martin/WebstormProjects/smartcv/node_modules/expect/build/index.js:1824:9)[39m
[31m        at Object.throwingMatcher [as toThrow] (/home/martin/WebstormProjects/smartcv/node_modules/expect/build/index.js:2235:93)[39m
[31m        at /home/martin/WebstormProjects/smartcv/apps/frontend/src/app/core/services/save-data/save-data.service.spec.ts:109:59[39m
[31m        at _ZoneDelegate.invoke (/home/martin/WebstormProjects/smartcv/node_modules/zone.js/bundles/zone.umd.js:410:32)[39m
[31m        at ProxyZoneSpec.onInvoke (/home/martin/WebstormProjects/smartcv/node_modules/zone.js/bundles/zone-testing.umd.js:2219:43)[39m
[31m        at _ZoneDelegate.invoke (/home/martin/WebstormProjects/smartcv/node_modules/zone.js/bundles/zone.umd.js:409:38)[39m
[31m        at ZoneImpl.run (/home/martin/WebstormProjects/smartcv/node_modules/zone.js/bundles/zone.umd.js:145:47)[39m
[31m        at Object.wrappedFunc (/home/martin/WebstormProjects/smartcv/node_modules/zone.js/bundles/zone-testing.umd.js:449:38)[39m
[31m        at Promise.finally.completed (/home/martin/WebstormProjects/smartcv/node_modules/jest-circus/build/jestAdapterInit.js:1557:28)[39m
[31m        at new Promise (<anonymous>)[39m
[31m        at callAsyncCircusFn (/home/martin/WebstormProjects/smartcv/node_modules/jest-circus/build/jestAdapterInit.js:1497:10)[39m
[31m        at _callCircusTest (/home/martin/WebstormProjects/smartcv/node_modules/jest-circus/build/jestAdapterInit.js:1007:40)[39m
[31m        at processTicksAndRejections (node:internal/process/task_queues:105:5)[39m
[31m        at _runTest (/home/martin/WebstormProjects/smartcv/node_modules/jest-circus/build/jestAdapterInit.js:947:3)[39m
[31m        at /home/martin/WebstormProjects/smartcv/node_modules/jest-circus/build/jestAdapterInit.js:849:7[39m
[2m[22m
[2m    [0m [90m 19 |[39m       [36mthis[39m[33m.[39mcvDataSignal[33m.[39m[36mset[39m(cvData)[33m;[39m[22m
[2m     [90m 20 |[39m     } [36mcatch[39m (e) {[22m
[2m    [31m[1m>[22m[2m[39m[90m 21 |[39m       console[33m.[39merror([32m'Error al guardar datos en localStorage:'[39m[33m,[39m e)[33m;[39m[22m
[2m     [90m    |[39m               [31m[1m^[22m[2m[39m[22m
[2m     [90m 22 |[39m       [36mthrow[39m [36mnew[39m [33mError[39m([32m'No se pudo guardar el CV'[39m)[33m;[39m[22m
[2m     [90m 23 |[39m     }[22m
[2m     [90m 24 |[39m   }[0m[22m
[2m[22m
[2m      [2mat SaveDataService.saveData ([22m[2msrc/app/core/services/save-data/save-data.service.ts[2m:21:15)[22m[2m[22m
[2m      [2mat [22m[2m[0m[36msrc/app/core/services/save-data/save-data.service.spec.ts[39m[0m[2m:109:28[22m[2m[22m
[2m      [2mat Object.<anonymous> ([22m[2m../../node_modules/expect/build/index.js[2m:1824:9)[22m[2m[22m
[2m      [2mat Object.throwingMatcher [as toThrow] ([22m[2m../../node_modules/expect/build/index.js[2m:2235:93)[22m[2m[22m
[2m      [2mat [22m[2m[0m[36msrc/app/core/services/save-data/save-data.service.spec.ts[39m[0m[2m:109:59[22m[2m[22m
[2m      [2mat _ZoneDelegate.invoke ([22m[2m../../node_modules/zone.js/bundles/zone.umd.js[2m:410:32)[22m[2m[22m
[2m      [2mat ProxyZoneSpec.onInvoke ([22m[2m../../node_modules/zone.js/bundles/zone-testing.umd.js[2m:2219:43)[22m[2m[22m
[2m      [2mat _ZoneDelegate.invoke ([22m[2m../../node_modules/zone.js/bundles/zone.umd.js[2m:409:38)[22m[2m[22m
[2m      [2mat ZoneImpl.run ([22m[2m../../node_modules/zone.js/bundles/zone.umd.js[2m:145:47)[22m[2m[22m
[2m      [2mat Object.wrappedFunc ([22m[2m../../node_modules/zone.js/bundles/zone-testing.umd.js[2m:449:38)[22m[2m[22m
[0m[7m[1m[32m PASS [39m[22m[27m[0m [0m[7m[37m frontend [39m[27m[0m [2mapps/frontend/src/app/features/cv/services/cv-form/cv-form-manager/[22m[1mcv-form-manager.service.spec.ts[22m
  CvFormManagerService
    [32m✓[39m [2mshould be created (13 ms)[22m
    buildCvForm
      [32m✓[39m [2mshould call builder.buildCvForm (9 ms)[22m
    buildIaForm
      [32m✓[39m [2mshould call builder.buildIaForm (5 ms)[22m
    patchFormArrays
      [32m✓[39m [2mshould update form arrays with response data (8 ms)[22m
    patchCvData
      [32m✓[39m [2mshould update form arrays and personal info with saved data (6 ms)[22m
    resetCvForm
      [32m✓[39m [2mshould clear arrays and reset form (15 ms)[22m
    ensureMinimumFormArrays
      [32m✓[39m [2mshould add one item if array is empty (10 ms)[22m
      [32m✓[39m [2mshould not add item if array is not empty (16 ms)[22m
  [2m[31mconsole.error[39m[22m
[31m    Error al limpiar datos de localStorage: Error: Remove failed[39m
[31m        at Object.<anonymous> (/home/martin/WebstormProjects/smartcv/apps/frontend/src/app/core/services/save-data/save-data.service.spec.ts:128:15)[39m
[31m        at /home/martin/WebstormProjects/smartcv/node_modules/jest-mock/build/index.js:305:39[39m
[31m        at Object.<anonymous> (/home/martin/WebstormProjects/smartcv/node_modules/jest-mock/build/index.js:312:13)[39m
[31m        at Object.mockConstructor [as removeItem] (/home/martin/WebstormProjects/smartcv/node_modules/jest-mock/build/index.js:102:19)[39m
[31m        at SaveDataService.clearData (/home/martin/WebstormProjects/smartcv/apps/frontend/src/app/core/services/save-data/save-data.service.ts:28:20)[39m
[31m        at /home/martin/WebstormProjects/smartcv/apps/frontend/src/app/core/services/save-data/save-data.service.spec.ts:132:28[39m
[31m        at Object.<anonymous> (/home/martin/WebstormProjects/smartcv/node_modules/expect/build/index.js:1824:9)[39m
[31m        at Object.throwingMatcher [as toThrow] (/home/martin/WebstormProjects/smartcv/node_modules/expect/build/index.js:2235:93)[39m
[31m        at /home/martin/WebstormProjects/smartcv/apps/frontend/src/app/core/services/save-data/save-data.service.spec.ts:132:41[39m
[31m        at _ZoneDelegate.invoke (/home/martin/WebstormProjects/smartcv/node_modules/zone.js/bundles/zone.umd.js:410:32)[39m
[31m        at ProxyZoneSpec.onInvoke (/home/martin/WebstormProjects/smartcv/node_modules/zone.js/bundles/zone-testing.umd.js:2219:43)[39m
[31m        at _ZoneDelegate.invoke (/home/martin/WebstormProjects/smartcv/node_modules/zone.js/bundles/zone.umd.js:409:38)[39m
[31m        at ZoneImpl.run (/home/martin/WebstormProjects/smartcv/node_modules/zone.js/bundles/zone.umd.js:145:47)[39m
[31m        at Object.wrappedFunc (/home/martin/WebstormProjects/smartcv/node_modules/zone.js/bundles/zone-testing.umd.js:449:38)[39m
[31m        at Promise.finally.completed (/home/martin/WebstormProjects/smartcv/node_modules/jest-circus/build/jestAdapterInit.js:1557:28)[39m
[31m        at new Promise (<anonymous>)[39m
[31m        at callAsyncCircusFn (/home/martin/WebstormProjects/smartcv/node_modules/jest-circus/build/jestAdapterInit.js:1497:10)[39m
[31m        at _callCircusTest (/home/martin/WebstormProjects/smartcv/node_modules/jest-circus/build/jestAdapterInit.js:1007:40)[39m
[31m        at processTicksAndRejections (node:internal/process/task_queues:105:5)[39m
[31m        at _runTest (/home/martin/WebstormProjects/smartcv/node_modules/jest-circus/build/jestAdapterInit.js:947:3)[39m
[31m        at /home/martin/WebstormProjects/smartcv/node_modules/jest-circus/build/jestAdapterInit.js:849:7[39m
[2m[22m
[2m    [0m [90m 29 |[39m       [36mthis[39m[33m.[39mcvDataSignal[33m.[39m[36mset[39m([36mnull[39m)[33m;[39m[22m
[2m     [90m 30 |[39m     } [36mcatch[39m (e) {[22m
[2m    [31m[1m>[22m[2m[39m[90m 31 |[39m       console[33m.[39merror([32m'Error al limpiar datos de localStorage:'[39m[33m,[39m e)[33m;[39m[22m
[2m     [90m    |[39m               [31m[1m^[22m[2m[39m[22m
[2m     [90m 32 |[39m       [36mthrow[39m [36mnew[39m [33mError[39m([32m'No se pudo limpiar los datos'[39m)[33m;[39m[22m
[2m     [90m 33 |[39m     }[22m
[2m     [90m 34 |[39m   }[0m[22m
[2m[22m
[2m      [2mat SaveDataService.clearData ([22m[2msrc/app/core/services/save-data/save-data.service.ts[2m:31:15)[22m[2m[22m
[2m      [2mat [22m[2m[0m[36msrc/app/core/services/save-data/save-data.service.spec.ts[39m[0m[2m:132:28[22m[2m[22m
[2m      [2mat Object.<anonymous> ([22m[2m../../node_modules/expect/build/index.js[2m:1824:9)[22m[2m[22m
[2m      [2mat Object.throwingMatcher [as toThrow] ([22m[2m../../node_modules/expect/build/index.js[2m:2235:93)[22m[2m[22m
[2m      [2mat [22m[2m[0m[36msrc/app/core/services/save-data/save-data.service.spec.ts[39m[0m[2m:132:41[22m[2m[22m
[2m      [2mat _ZoneDelegate.invoke ([22m[2m../../node_modules/zone.js/bundles/zone.umd.js[2m:410:32)[22m[2m[22m
[2m      [2mat ProxyZoneSpec.onInvoke ([22m[2m../../node_modules/zone.js/bundles/zone-testing.umd.js[2m:2219:43)[22m[2m[22m
[2m      [2mat _ZoneDelegate.invoke ([22m[2m../../node_modules/zone.js/bundles/zone.umd.js[2m:409:38)[22m[2m[22m
[2m      [2mat ZoneImpl.run ([22m[2m../../node_modules/zone.js/bundles/zone.umd.js[2m:145:47)[22m[2m[22m
[2m      [2mat Object.wrappedFunc ([22m[2m../../node_modules/zone.js/bundles/zone-testing.umd.js[2m:449:38)[22m[2m[22m
[0m[7m[1m[32m PASS [39m[22m[27m[0m [0m[7m[37m frontend [39m[27m[0m [2mapps/frontend/src/app/core/services/save-data/[22m[1msave-data.service.spec.ts[22m
  SaveDataService
    [32m✓[39m [2mshould be created and initialize with null CV data (9 ms)[22m
    Data Loading (loadDataInternal)
      [32m✓[39m [2mshould load saved data on initialization and set activeCv signal (9 ms)[22m
      [32m✓[39m [2mshould return null and clear storage if data is corrupted (SyntaxError path) (236 ms)[22m
    saveData
      [32m✓[39m [2mshould save data to storage and update activeCv signal (9 ms)[22m
      [32m✓[39m [2mshould throw an error if localStorage fails during save (35 ms)[22m
    clearData
      [32m✓[39m [2mshould remove item from storage and reset activeCv signal to null (6 ms)[22m
      [32m✓[39m [2mshould throw an error if localStorage fails during clear (46 ms)[22m
[0m[7m[1m[32m PASS [39m[22m[27m[0m [0m[7m[37m frontend [39m[27m[0m [2mapps/frontend/src/app/features/cv/services/cv-form/cv-form-state/[22m[1mcv-state.service.spec.ts[22m
  CvStateService
    [32m✓[39m [2mshould be created (22 ms)[22m
    Initialization
      [32m✓[39m [2mshould build forms and ensure minimum arrays (14 ms)[22m
      [32m✓[39m [2mshould initialize signals with default values (7 ms)[22m
    Effects
      [32m✓[39m [2mshould patch CV data when activeCv emits a value (8 ms)[22m
      [32m✓[39m [2mshould reset internal state when activeCv emits null (6 ms)[22m
    Methods
      [32m✓[39m [2mshould reset form and clear data (5 ms)[22m
      [32m✓[39m [2mshould set lock state (7 ms)[22m
    Computed Signals
      [32m✓[39m [2mshould update isValid when form validity changes (11 ms)[22m
      [32m✓[39m [2mshould update hasExperience based on form array (20 ms)[22m
      [32m✓[39m [2mshould update hasEducation based on form array (14 ms)[22m
      [32m✓[39m [2mshould update hasProjects based on form array (7 ms)[22m
      [32m✓[39m [2mshould update hasSkills based on form array (10 ms)[22m
    Getters
      [32m✓[39m [2mshould return correct form controls (9 ms)[22m
  [2mconsole.log[22m
    ATS Score calculado {
      text: 'Texto extraído del PDF...',
      matchScore: 85,
      fitLevel: 'High',
      matchedKeywords: [ 'Angular', 'TypeScript', 'Micro-frontends', 'Performance' ],
      missingKeywords: [ 'GraphQL', 'CI/CD Pipelines', 'Kubernetes' ],
      sections: {
        summary: {
          content: 'El resumen es fuerte pero podría enfatizar más resultados de negocio.',
          score: 90,
          highlights: [Array],
          issues: [Array]
        },
        experience: {
          content: 'La experiencia es relevante pero los bullets son muy largos.',
          score: 80,
          highlights: [Array],
          issues: [Array]
        },
        skills: {
          content: 'Buena lista de habilidades técnicas.',
          score: 95,
          highlights: [Array],
          issues: []
        },
        education: {
          content: 'Educación universitaria presente.',
          score: 100,
          highlights: [],
          issues: []
        }
      },
      sectionScores: {
        summary: 90,
        experience: 80,
        education: 100,
        skills: 95,
        projects: 0,
        certifications: 70,
        additional: 60
      },
      recommendations: [
        'Agregar palabras clave como Kubernetes para mejorar el match.',
        'Cuantificar el impacto en el proyecto SmartCV.',
        'Asegurar que el formato de fecha sea MM/YYYY consistentemente.'
      ],
      warnings: [
        'El documento contiene tablas que pueden confundir a algunos ATS antiguos.'
      ],
      skillAnalysis: {
        hardSkills: [ 'Angular', 'TypeScript', 'NestJS', 'Docker' ],
        softSkills: [ 'Liderazgo', 'Comunicación', 'Mentoring' ],
        languageSkills: [ 'Inglés', 'Español' ]
      }
    }
[2m[22m
[2m      [2mat Object.next ([22m[2msrc/app/features/cv/components/ats-section/analysis/ats-analyzer.service.ts[2m:155:35)[22m[2m[22m
[0m[7m[1m[32m PASS [39m[22m[27m[0m [0m[7m[37m frontend [39m[27m[0m [2mapps/frontend/src/app/features/cv/components/ia-section/ia-service/[22m[1mia-section.service.spec.ts[22m
  IaSectionService
    [32m✓[39m [2mshould be created (15 ms)[22m
    currentExaggeration
      [32m✓[39m [2mshould update when form control changes (17 ms)[22m
    setExaggeration
      [32m✓[39m [2mshould update form control value (26 ms)[22m
    optimizeCv
      [32m✓[39m [2mshould show alert if form is invalid (missing job description) (6 ms)[22m
      [32m✓[39m [2mshould call optimizeCv and handle success (12 ms)[22m
      [32m✓[39m [2mshould handle API error (6 ms)[22m
  [2m[31mconsole.error[39m[22m
[31m    Error: API Error[39m
[31m        at /home/martin/WebstormProjects/smartcv/apps/frontend/src/app/features/cv/components/ats-section/analysis/ats-analyzer.service.spec.ts:128:70[39m
[31m        at Observable.init [as _subscribe] (/home/martin/WebstormProjects/smartcv/node_modules/rxjs/dist/cjs/internal/observable/throwError.js:8:64)[39m
[31m        at Observable._trySubscribe (/home/martin/WebstormProjects/smartcv/node_modules/rxjs/dist/cjs/internal/Observable.js:41:25)[39m
[31m        at /home/martin/WebstormProjects/smartcv/node_modules/rxjs/dist/cjs/internal/Observable.js:35:31[39m
[31m        at Object.errorContext (/home/martin/WebstormProjects/smartcv/node_modules/rxjs/dist/cjs/internal/util/errorContext.js:22:9)[39m
[31m        at Observable.subscribe (/home/martin/WebstormProjects/smartcv/node_modules/rxjs/dist/cjs/internal/Observable.js:26:24)[39m
[31m        at AtsAnalyzerService.calculateAtsScore (/home/martin/WebstormProjects/smartcv/apps/frontend/src/app/features/cv/components/ats-section/analysis/ats-analyzer.service.ts:154:43)[39m
[31m        at /home/martin/WebstormProjects/smartcv/apps/frontend/src/app/features/cv/components/ats-section/analysis/ats-analyzer.service.spec.ts:130:15[39m
[31m        at _ZoneDelegate.invoke (/home/martin/WebstormProjects/smartcv/node_modules/zone.js/bundles/zone.umd.js:410:32)[39m
[31m        at ProxyZoneSpec.onInvoke (/home/martin/WebstormProjects/smartcv/node_modules/zone.js/bundles/zone-testing.umd.js:2219:43)[39m
[31m        at _ZoneDelegate.invoke (/home/martin/WebstormProjects/smartcv/node_modules/zone.js/bundles/zone.umd.js:409:38)[39m
[31m        at ZoneImpl.run (/home/martin/WebstormProjects/smartcv/node_modules/zone.js/bundles/zone.umd.js:145:47)[39m
[31m        at Object.wrappedFunc (/home/martin/WebstormProjects/smartcv/node_modules/zone.js/bundles/zone-testing.umd.js:449:38)[39m
[31m        at Promise.finally.completed (/home/martin/WebstormProjects/smartcv/node_modules/jest-circus/build/jestAdapterInit.js:1557:28)[39m
[31m        at new Promise (<anonymous>)[39m
[31m        at callAsyncCircusFn (/home/martin/WebstormProjects/smartcv/node_modules/jest-circus/build/jestAdapterInit.js:1497:10)[39m
[31m        at _callCircusTest (/home/martin/WebstormProjects/smartcv/node_modules/jest-circus/build/jestAdapterInit.js:1007:40)[39m
[31m        at processTicksAndRejections (node:internal/process/task_queues:105:5)[39m
[31m        at _runTest (/home/martin/WebstormProjects/smartcv/node_modules/jest-circus/build/jestAdapterInit.js:947:3)[39m
[31m        at /home/martin/WebstormProjects/smartcv/node_modules/jest-circus/build/jestAdapterInit.js:849:7[39m
[2m[22m
[2m    [0m [90m 155 |[39m       next[33m:[39m (response) [33m=>[39m console[33m.[39mlog([32m'ATS Score calculado'[39m[33m,[39m response)[33m,[39m[22m
[2m     [90m 156 |[39m       error[33m:[39m (err) [33m=>[39m {[22m
[2m    [31m[1m>[22m[2m[39m[90m 157 |[39m         console[33m.[39merror(err)[33m;[39m[22m
[2m     [90m     |[39m                 [31m[1m^[22m[2m[39m[22m
[2m     [90m 158 |[39m         [36mthis[39m[33m.[39mtaigaAlerts[33m.[39mshowError([32m'alerts.ats.errors.analysis_failed'[39m)[33m.[39msubscribe()[33m;[39m[22m
[2m     [90m 159 |[39m       }[33m,[39m[22m
[2m     [90m 160 |[39m     })[33m;[39m[0m[22m
[2m[22m
[2m      [2mat Object.error ([22m[2msrc/app/features/cv/components/ats-section/analysis/ats-analyzer.service.ts[2m:157:17)[22m[2m[22m
[2m      [2mat ConsumerObserver.error ([22m[2m../../node_modules/rxjs/dist/cjs/internal/Subscriber.js[2m:124:33)[22m[2m[22m
[2m      [2mat SafeSubscriber.Subscriber._error ([22m[2m../../node_modules/rxjs/dist/cjs/internal/Subscriber.js[2m:84:30)[22m[2m[22m
[2m      [2mat SafeSubscriber.Subscriber.error ([22m[2m../../node_modules/rxjs/dist/cjs/internal/Subscriber.js[2m:60:18)[22m[2m[22m
[2m      [2mat Observable.init [as _subscribe] ([22m[2m../../node_modules/rxjs/dist/cjs/internal/observable/throwError.js[2m:8:58)[22m[2m[22m
[2m      [2mat Observable._trySubscribe ([22m[2m../../node_modules/rxjs/dist/cjs/internal/Observable.js[2m:41:25)[22m[2m[22m
[2m      [2mat [22m[2m../../node_modules/rxjs/dist/cjs/internal/Observable.js[2m:35:31[22m[2m[22m
[2m      [2mat Object.errorContext ([22m[2m../../node_modules/rxjs/dist/cjs/internal/util/errorContext.js[2m:22:9)[22m[2m[22m
[2m      [2mat Observable.subscribe ([22m[2m../../node_modules/rxjs/dist/cjs/internal/Observable.js[2m:26:24)[22m[2m[22m
[2m      [2mat AtsAnalyzerService.calculateAtsScore ([22m[2msrc/app/features/cv/components/ats-section/analysis/ats-analyzer.service.ts[2m:154:43)[22m[2m[22m
[2m      [2mat [22m[2m[0m[36msrc/app/features/cv/components/ats-section/analysis/ats-analyzer.service.spec.ts[39m[0m[2m:130:15[22m[2m[22m
[2m      [2mat _ZoneDelegate.invoke ([22m[2m../../node_modules/zone.js/bundles/zone.umd.js[2m:410:32)[22m[2m[22m
[2m      [2mat ProxyZoneSpec.onInvoke ([22m[2m../../node_modules/zone.js/bundles/zone-testing.umd.js[2m:2219:43)[22m[2m[22m
[2m      [2mat _ZoneDelegate.invoke ([22m[2m../../node_modules/zone.js/bundles/zone.umd.js[2m:409:38)[22m[2m[22m
[2m      [2mat ZoneImpl.run ([22m[2m../../node_modules/zone.js/bundles/zone.umd.js[2m:145:47)[22m[2m[22m
[2m      [2mat Object.wrappedFunc ([22m[2m../../node_modules/zone.js/bundles/zone-testing.umd.js[2m:449:38)[22m[2m[22m
[0m[7m[1m[32m PASS [39m[22m[27m[0m [0m[7m[37m frontend [39m[27m[0m [2mapps/frontend/src/app/features/cv/components/ats-section/analysis/[22m[1mats-analyzer.service.spec.ts[22m
  AtsAnalyzerService
    [32m✓[39m [2mshould be created (25 ms)[22m
    File Processing (processFile)
      [32m✓[39m [2mshould accept valid PDF files (9 ms)[22m
      [32m✓[39m [2mshould reject non-PDF files (10 ms)[22m
      [32m✓[39m [2mshould clear file when removeFile is called (6 ms)[22m
    Score Calculation (calculateAtsScore)
      [32m✓[39m [2mshould call API with correct data when file is present (144 ms)[22m
      [32m✓[39m [2mshould show alert warning if no file is selected (12 ms)[22m
      [32m✓[39m [2mshould handle API errors gracefully (74 ms)[22m
    Computed Signals
      [32m✓[39m [2mshould calculate score color correctly (18 ms)[22m
      [32m✓[39m [2mshould map analyzed sections correctly (10 ms)[22m
      [32m✓[39m [2mshould return empty array if no response (6 ms)[22m
      [32m✓[39m [2mshould return correct fit level color (6 ms)[22m
[0m[7m[1m[32m PASS [39m[22m[27m[0m [0m[7m[37m frontend [39m[27m[0m [2mapps/frontend/src/app/core/interceptors/[22m[1merror-interceptor.spec.ts[22m
  errorInterceptor
    [32m✓[39m [2mshould be created (7 ms)[22m
  [2m[31mconsole.error[39m[22m
[31m    Error al cargar datos (datos corruptos?): SyntaxError: Expected ',' or '}' after property value in JSON at position 18 (line 1 column 19)[39m
[31m        at JSON.parse (<anonymous>)[39m
[31m        at AiSettingsService.loadDataInternal (/home/martin/WebstormProjects/smartcv/apps/frontend/src/app/core/services/ai-settings/ai-settings.service.ts:65:19)[39m
[31m        at new AiSettingsService (/home/martin/WebstormProjects/smartcv/apps/frontend/src/app/core/services/ai-settings/ai-settings.service.ts:23:58)[39m
[31m        at Object.AiSettingsService_Factory [as factory] (ng:///AiSettingsService/ɵfac.js:5:10)[39m
[31m        at R3Injector.hydrate (/home/martin/WebstormProjects/smartcv/node_modules/@angular/core/fesm2022/root_effect_scheduler.mjs:2199:43)[39m
[31m        at R3Injector.get (/home/martin/WebstormProjects/smartcv/node_modules/@angular/core/fesm2022/root_effect_scheduler.mjs:2040:33)[39m
[31m        at _TestBedImpl.inject (/home/martin/WebstormProjects/smartcv/node_modules/@angular/core/fesm2022/testing.mjs:2004:52)[39m
[31m        at Function.inject (/home/martin/WebstormProjects/smartcv/node_modules/@angular/core/fesm2022/testing.mjs:1843:37)[39m
[31m        at injectServiceWithPlatform (/home/martin/WebstormProjects/smartcv/apps/frontend/src/app/core/services/ai-settings/ai-settings.service.spec.ts:43:18)[39m
[31m        at /home/martin/WebstormProjects/smartcv/apps/frontend/src/app/core/services/ai-settings/ai-settings.service.spec.ts:94:32[39m
[31m        at _ZoneDelegate.invoke (/home/martin/WebstormProjects/smartcv/node_modules/zone.js/bundles/zone.umd.js:410:32)[39m
[31m        at ProxyZoneSpec.onInvoke (/home/martin/WebstormProjects/smartcv/node_modules/zone.js/bundles/zone-testing.umd.js:2219:43)[39m
[31m        at _ZoneDelegate.invoke (/home/martin/WebstormProjects/smartcv/node_modules/zone.js/bundles/zone.umd.js:409:38)[39m
[31m        at ZoneImpl.run (/home/martin/WebstormProjects/smartcv/node_modules/zone.js/bundles/zone.umd.js:145:47)[39m
[31m        at Object.wrappedFunc (/home/martin/WebstormProjects/smartcv/node_modules/zone.js/bundles/zone-testing.umd.js:449:38)[39m
[31m        at Promise.finally.completed (/home/martin/WebstormProjects/smartcv/node_modules/jest-circus/build/jestAdapterInit.js:1557:28)[39m
[31m        at new Promise (<anonymous>)[39m
[31m        at callAsyncCircusFn (/home/martin/WebstormProjects/smartcv/node_modules/jest-circus/build/jestAdapterInit.js:1497:10)[39m
[31m        at _callCircusTest (/home/martin/WebstormProjects/smartcv/node_modules/jest-circus/build/jestAdapterInit.js:1007:40)[39m
[31m        at processTicksAndRejections (node:internal/process/task_queues:105:5)[39m
[31m        at _runTest (/home/martin/WebstormProjects/smartcv/node_modules/jest-circus/build/jestAdapterInit.js:947:3)[39m
[31m        at /home/martin/WebstormProjects/smartcv/node_modules/jest-circus/build/jestAdapterInit.js:849:7[39m
[2m[22m
[2m    [0m [90m 65 |[39m       [36mreturn[39m [33mJSON[39m[33m.[39mparse(serializedData) [36mas[39m [33mAiSettings[39m[33m;[39m[22m
[2m     [90m 66 |[39m     } [36mcatch[39m (e) {[22m
[2m    [31m[1m>[22m[2m[39m[90m 67 |[39m       console[33m.[39merror([32m'Error al cargar datos (datos corruptos?):'[39m[33m,[39m e)[33m;[39m[22m
[2m     [90m    |[39m               [31m[1m^[22m[2m[39m[22m
[2m     [90m 68 |[39m       [36mthis[39m[33m.[39mstorage[33m?[39m[33m.[39mremoveItem([36mthis[39m[33m.[39m[33mSTORAGE_KEY[39m)[33m;[39m[22m
[2m     [90m 69 |[39m       [36mreturn[39m [36mnull[39m[33m;[39m[22m
[2m     [90m 70 |[39m     }[0m[22m
[2m[22m
[2m      [2mat AiSettingsService.loadDataInternal ([22m[2msrc/app/core/services/ai-settings/ai-settings.service.ts[2m:67:15)[22m[2m[22m
[2m      [2mat new AiSettingsService ([22m[2msrc/app/core/services/ai-settings/ai-settings.service.ts[2m:23:58)[22m[2m[22m
[2m      [2mat Object.AiSettingsService_Factory [as factory] ([22m[2m../../ng:/AiSettingsService/ɵfac.js[2m:5:10)[22m[2m[22m
[2m      [2mat R3Injector.hydrate ([22m[2m../../node_modules/@angular/core/fesm2022/root_effect_scheduler.mjs[2m:2199:43)[22m[2m[22m
[2m      [2mat R3Injector.get ([22m[2m../../node_modules/@angular/core/fesm2022/root_effect_scheduler.mjs[2m:2040:33)[22m[2m[22m
[2m      [2mat _TestBedImpl.inject ([22m[2m../../node_modules/@angular/core/fesm2022/testing.mjs[2m:2004:52)[22m[2m[22m
[2m      [2mat Function.inject ([22m[2m../../node_modules/@angular/core/fesm2022/testing.mjs[2m:1843:37)[22m[2m[22m
[2m      [2mat injectServiceWithPlatform ([22m[2m[0m[36msrc/app/core/services/ai-settings/ai-settings.service.spec.ts[39m[0m[2m:43:18)[22m[2m[22m
[2m      [2mat [22m[2m[0m[36msrc/app/core/services/ai-settings/ai-settings.service.spec.ts[39m[0m[2m:94:32[22m[2m[22m
[2m      [2mat _ZoneDelegate.invoke ([22m[2m../../node_modules/zone.js/bundles/zone.umd.js[2m:410:32)[22m[2m[22m
[2m      [2mat ProxyZoneSpec.onInvoke ([22m[2m../../node_modules/zone.js/bundles/zone-testing.umd.js[2m:2219:43)[22m[2m[22m
[2m      [2mat _ZoneDelegate.invoke ([22m[2m../../node_modules/zone.js/bundles/zone.umd.js[2m:409:38)[22m[2m[22m
[2m      [2mat ZoneImpl.run ([22m[2m../../node_modules/zone.js/bundles/zone.umd.js[2m:145:47)[22m[2m[22m
[2m      [2mat Object.wrappedFunc ([22m[2m../../node_modules/zone.js/bundles/zone-testing.umd.js[2m:449:38)[22m[2m[22m
[0m[7m[1m[32m PASS [39m[22m[27m[0m [0m[7m[37m frontend [39m[27m[0m [2mapps/frontend/src/app/features/cv/components/education-section/education-service/[22m[1meducation.service.spec.ts[22m
  EducationService
    [32m✓[39m [2mshould be created (10 ms)[22m
    [32m✓[39m [2mshould return formArray from state (5 ms)[22m
    add
      [32m✓[39m [2mshould add a new education group to the form array (5 ms)[22m
    remove
      [32m✓[39m [2mshould remove education group at index (5 ms)[22m
[0m[7m[1m[32m PASS [39m[22m[27m[0m [0m[7m[37m frontend [39m[27m[0m [2mapps/frontend/src/app/core/services/ai-settings/[22m[1mai-settings.service.spec.ts[22m
  AiSettingsService
    [32m✓[39m [2mshould be created (8 ms)[22m
    Platform Initialization
      [32m✓[39m [2mshould set storage to null on SERVER environment (17 ms)[22m
      [32m✓[39m [2mshould initialize storage property on BROWSER environment (6 ms)[22m
    Data Loading (loadSettings)
      [32m✓[39m [2mshould return null if localStorage is empty (4 ms)[22m
      [32m✓[39m [2mshould return null and clear storage if data is corrupted (258 ms)[22m
      [32m✓[39m [2mshould load saved settings on initialization (15 ms)[22m
    Data Saving (saveSettings)
      [32m✓[39m [2mshould save data to storage and update signal (5 ms)[22m
      [32m✓[39m [2mshould silently fail and log error if localStorage setItem fails (4 ms)[22m
      [32m✓[39m [2mshould do nothing on SAVE if running on SERVER (9 ms)[22m
    Clear Data (clearData)
      [32m✓[39m [2mshould remove item and reset signal (4 ms)[22m
      [32m✓[39m [2mshould throw error if localStorage fails during clear (13 ms)[22m
[0m[7m[1m[32m PASS [39m[22m[27m[0m [0m[7m[37m frontend [39m[27m[0m [2mapps/frontend/src/app/features/cv/components/dummy-view/[22m[1mdummy-view.spec.ts[22m
  DummyView Component
    [32m✓[39m [2mshould create (240 ms)[22m
    Helper Method Logic
      [32m✓[39m [2mshould format certifications correctly and filter null names (27 ms)[22m
    Template Rendering and Data Integrity
      [32m✓[39m [2mshould render basic personal info (Name and Job) (19 ms)[22m
      [32m✓[39m [2mshould correctly display multi-line achievement bullets (66 ms)[22m
      [32m✓[39m [2mshould display experience section title in uppercase and translated (41 ms)[22m
      [32m✓[39m [2mshould correctly format and link URLs (e.g., LinkedIn) (50 ms)[22m
[0m[7m[1m[32m PASS [39m[22m[27m[0m [0m[7m[37m frontend [39m[27m[0m [2mapps/frontend/src/app/features/cv/components/skills-section/skills-service/[22m[1mskills.service.spec.ts[22m
  SkillsService
    [32m✓[39m [2mshould be created (23 ms)[22m
    [32m✓[39m [2mshould return formArray from state (4 ms)[22m
    Skill Groups
      [32m✓[39m [2mshould add a new skill group (5 ms)[22m
      [32m✓[39m [2mshould remove skill group at index (4 ms)[22m
    Certifications
      [32m✓[39m [2mshould add certification to a specific skill group (5 ms)[22m
      [32m✓[39m [2mshould remove certification from a specific skill group (5 ms)[22m
      [32m✓[39m [2mshould do nothing if skill group does not exist when adding cert (4 ms)[22m
      [32m✓[39m [2mshould do nothing if skill group does not exist when removing cert (4 ms)[22m
    getCertificationsControls
      [32m✓[39m [2mshould return controls of certifications form array (4 ms)[22m
[0m[7m[1m[32m PASS [39m[22m[27m[0m [0m[7m[37m frontend [39m[27m[0m [2mapps/frontend/src/app/features/cv/components/projects-section/projects-service/[22m[1mprojects.service.spec.ts[22m
  ProjectsService
    [32m✓[39m [2mshould be created (9 ms)[22m
    [32m✓[39m [2mshould return formArray from state (4 ms)[22m
    add
      [32m✓[39m [2mshould add a new project group to the form array (5 ms)[22m
    remove
      [32m✓[39m [2mshould remove project group at index (6 ms)[22m
[0m[7m[1m[32m PASS [39m[22m[27m[0m [0m[7m[37m frontend [39m[27m[0m [2mapps/frontend/src/app/features/cv/components/ats-section/api/[22m[1mats-api.service.spec.ts[22m
  AtsApiService
    API Call and State Management
      [32m✓[39m [2mshould set isLoading=true and response=null on call start (20 ms)[22m
      [32m✓[39m [2mshould set response signal and isLoading=false on SUCCESS (8 ms)[22m
    Error Handling
      [32m✓[39m [2mshould reset response, set isLoading=false, and rethrow custom error on SERVER error (HttpError) (45 ms)[22m
      [32m✓[39m [2mshould rethrow custom error on CLIENT-SIDE error (Network/ErrorEvent) (6 ms)[22m
[0m[7m[1m[32m PASS [39m[22m[27m[0m [0m[7m[37m frontend [39m[27m[0m [2mapps/frontend/src/app/features/cv/pages/cv-page/[22m[1mcv-page.spec.ts[22m ([0m[1m[41m9.985 s[49m[22m[0m)
  CvPage
    [32m✓[39m [2mdebe crearse correctamente (1172 ms)[22m
    Navegación de Pestañas (Tabs Logic)
      [32m✓[39m [2mdebe iniciar en la pestaña 0 (370 ms)[22m
      [32m✓[39m [2mdebe avanzar pestaña con swipe LEFT (272 ms)[22m
      [32m✓[39m [2mdebe retroceder pestaña con swipe RIGHT (284 ms)[22m
    Vista Móvil
      [32m✓[39m [2mdebe iniciar en vista Formulario (0) (261 ms)[22m
      [32m✓[39m [2mdebe cambiar a Preview (1) con swipe LEFT (318 ms)[22m
    Renderizado del Template
      [32m✓[39m [2mdebe mostrar el dummy-view (303 ms)[22m
      [32m✓[39m [2mdebe mostrar la sección correcta según activeTab (186 ms)[22m
[0m[7m[1m[32m PASS [39m[22m[27m[0m [0m[7m[37m frontend [39m[27m[0m [2mapps/frontend/src/app/features/cv/components/cover-letter-section/analysis/[22m[1mcover-analysis.service.spec.ts[22m
  CoverAnalysisService
    [32m✓[39m [2mshould be created (13 ms)[22m
    Initialization
      [32m✓[39m [2mshould build cover letter form (4 ms)[22m
      [32m✓[39m [2mshould initialize signals (4 ms)[22m
    Computed Signals
      [32m✓[39m [2mshould correctly identify application form channel (7 ms)[22m
      [32m✓[39m [2mshould correctly identify internal referral channel (5 ms)[22m
    Effects
      [32m✓[39m [2mshould disable recruiterName when application form is selected (4 ms)[22m
      [32m✓[39m [2mshould enable and restore recruiterName when switching back from application form (5 ms)[22m
      [32m✓[39m [2mshould enable referralName when internal referral is selected (4 ms)[22m
      [32m✓[39m [2mshould disable and clear referralName when switching away from internal referral (5 ms)[22m
    generate
      [32m✓[39m [2mshould call apiService and update generatedLetter on success (4 ms)[22m
      [32m✓[39m [2mshould handle error during generation (3 ms)[22m
[0m[7m[1m[32m PASS [39m[22m[27m[0m [0m[7m[37m frontend [39m[27m[0m [2mapps/frontend/src/app/[22m[1mapp.spec.ts[22m
  App
    [32m✓[39m [2mshould create the app (165 ms)[22m
    [32m✓[39m [2mshould verify structural integrity (Navbar and RouterOutlet) (59 ms)[22m
    [32m✓[39m [2mshould correctly bind tuiTheme attribute based on dark mode signal (53 ms)[22m
[0m[7m[1m[32m PASS [39m[22m[27m[0m [0m[7m[37m frontend [39m[27m[0m [2mapps/frontend/src/app/features/cv/components/actions/actions-service/[22m[1mactions.service.spec.ts[22m
  ActionsService
    [32m✓[39m [2mshould be created (10 ms)[22m
    Profile Switching (selectProfile)
      [32m✓[39m [2mshould load profile and emit alert when selecting a profile (8 ms)[22m
      [32m✓[39m [2mshould save previous profile if CV was valid before switching (8 ms)[22m
      [32m✓[39m [2mshould clear form if null is selected (7 ms)[22m
    Create New Profile (createNewProfile)
      [32m✓[39m [2mshould create valid profile (Save + Create) if CV is valid (7 ms)[22m
      [32m✓[39m [2mshould create empty profile if CV is invalid (3 ms)[22m
    Edit Profile Name
      [32m✓[39m [2mshould update profile name if changed (3 ms)[22m
    Delete Profile
      [32m✓[39m [2mshould delete and clear selection if current profile deleted (3 ms)[22m
    Form Actions
      [32m✓[39m [2mshould save CV (3 ms)[22m
      [32m✓[39m [2mshould clear form (3 ms)[22m
      [32m✓[39m [2mshould download PDF if CV is valid (2 ms)[22m
      [32m✓[39m [2mshould NOT download PDF if CV is invalid (2 ms)[22m
[0m[7m[1m[32m PASS [39m[22m[27m[0m [0m[7m[37m frontend [39m[27m[0m [2mapps/frontend/src/app/features/cv/components/ia-section/api/[22m[1mia-api.service.spec.ts[22m
  IaApiService
    generateCvWithIA (HTTP & Transformation)
      [32m✓[39m [2mshould send POST request with payload (14 ms)[22m
      [32m✓[39m [2mshould transform API response (string[] to string) for form compatibility (6 ms)[22m
      [32m✓[39m [2mshould handle null/missing arrays safely (4 ms)[22m
[0m[7m[1m[32m PASS [39m[22m[27m[0m [0m[7m[37m frontend [39m[27m[0m [2mapps/frontend/src/app/core/services/pdf/[22m[1mpdf.service.spec.ts[22m
  PdfService
    [32m✓[39m [2mshould be created (6 ms)[22m
    downloadPdf
      [32m✓[39m [2mshould initialize jsPDF and save the file (5 ms)[22m
      [32m✓[39m [2mshould translate section titles (4 ms)[22m
      [32m✓[39m [2mshould draw personal info correctly (4 ms)[22m
      [32m✓[39m [2mshould handle empty data gracefully (4 ms)[22m
[0m[7m[1m[32m PASS [39m[22m[27m[0m [0m[7m[37m frontend [39m[27m[0m [2mapps/frontend/src/app/features/cv/components/experience-section/experience-service/[22m[1mexperience.service.spec.ts[22m
  ExperienceService
    [32m✓[39m [2mshould be created (9 ms)[22m
    [32m✓[39m [2mshould return formArray from state (4 ms)[22m
    add
      [32m✓[39m [2mshould add a new experience group to the form array (5 ms)[22m
    remove
      [32m✓[39m [2mshould remove experience group at index (6 ms)[22m
[0m[7m[1m[32m PASS [39m[22m[27m[0m [0m[7m[37m frontend [39m[27m[0m [2mapps/frontend/src/app/shared/pipes/[22m[1mexaggeration-pipe.spec.ts[22m
  ExaggerationLevelPipe
    [32m✓[39m [2mcreate an instance (2 ms)[22m
[0m[7m[1m[32m PASS [39m[22m[27m[0m [0m[7m[37m frontend [39m[27m[0m [2mapps/frontend/src/app/core/services/profile/[22m[1mprofile.service.spec.ts[22m
  ProfileService
    [32m✓[39m [2mshould be created (7 ms)[22m
    Initialization
      [32m✓[39m [2mshould initialize with empty array if storage is null (3 ms)[22m
      [32m✓[39m [2mshould load profiles from storage if they exist (10 ms)[22m
    Profile Management
      [32m✓[39m [2mshould create an empty profile, add it to state and persist it (4 ms)[22m
      [32m✓[39m [2mshould delete profile and update storage (3 ms)[22m
      [32m✓[39m [2mshould update profile name (2 ms)[22m
      [32m✓[39m [2mshould throw error when updating non-existent profile name (10 ms)[22m
    Interaction with Active CV
      [32m✓[39m [2mshould load profile to active (SaveDataService) (3 ms)[22m
      [32m✓[39m [2mshould return false if trying to load non-existent profile (3 ms)[22m
      [32m✓[39m [2mshould save current CV as new profile (4 ms)[22m
      [32m✓[39m [2mshould throw error if trying to save profile without active CV (3 ms)[22m
      [32m✓[39m [2mshould update active profile data (3 ms)[22m
[0m[7m[1m[32m PASS [39m[22m[27m[0m [0m[7m[37m frontend [39m[27m[0m [2mapps/frontend/src/app/layout/navbar/[22m[1mnavbar.spec.ts[22m
  Navbar
    [32m✓[39m [2mshould create (93 ms)[22m
    [32m✓[39m [2mshould set language correctly to english (30 ms)[22m
[1mSummary of all failing tests[22m
[0m[7m[1m[31m FAIL [39m[22m[27m[0m [2msrc/app/features/c
v/components/cover-letter-sec
tion/api/[22m
[1mcover-api.serv
ice.spec.ts[22m
[1m[31m  [1m● 
[22m[1mCoverApiServ
ice › should catch H
ttpClient error a
nd rethrow custom 
error message[39m[
22m
    [2mexpect([
22m[31mreceived[39m[
2m).[22mrejects[2m
.[22mtoThrow[2
m([22m[32mexpect
ed[39m[2m)[22m
  
  Expected substring: 
[32m"Error al generar la 
carta."[39m
    R
eceived function did
 not throw
[2m
[22m
[2m    [0m 
[90m 111 |[39m    
 req[33m.[39merror
([36mnew[39m [
33mErrorEvent[39m
([32m'API Error'
[39m)[33
m,[39m errorResponse)[3
3m;[39m[22m
[2
m     [90m 112 |[39m[
22m
[2m    [31
m[1m>[22m
[2m[39m[90m 1
13 |[39m     [36mawait[39m expect(promise)[33m.[39mrejects[33m.[39mtoThrow([32m'Error al generar la carta.'[39m)[33m;[39m[
22m
[2m     [90m     |[3
9m                
             
      [31m[
1m^[22m[2m[
39m[22m
[2m 
    [90m 114 |[
39m   })[33m;
[39m[22m
[2m   
  [90m 115 |[39m 
})[33m;[39m[22
m
[2m     [9
0m 116 |[39m[0m
[22m
[2m[22m
[2m      [2mat 
Object.toThrow
 ([22m[2m../../
node_mo
dules/expect/build
/index.js[2m:2
155:20)[22m[2m[22m
[2m
      [2mat [22m[2m[0m[36msrc/app/fea
tures/cv/compone
nts/cover-lett
er-section/a
pi/cov
er-api.service.s
pec.ts[39m[0m
[2m:113:35[22m
[2m[22m
[2m     
 [2mat [22m
[2m../../node_mod
ules/tslib/tsl
ib.js[2m:170:75
[22m[2m[22m
[
2m      [2mat new ZoneAwar
ePromise ([22m[
2m../../node_mo
dules/zone.js/bundl
es/zone.umd.js
[2m:2580:29)[22
m[2m[22m
[2m     
 [2mat Object.__awa
iter ([22m[2m../../
node_modules/
tslib/tslib.js[2m
:166:16)[22m[2m[22m
[2m      [2mat [22m
[2m[0m[36msrc/app/
features/cv/compon
ents/cover-letter-s
ection/api/cover-ap
i.service.spec.ts[39m[0m[2m:102:83
[22m[2m[22m
[2m   
   [2mat _ZoneDelegate.in
voke ([22m[
2m../../node_modul
es/zone.js/bundles/zone.umd
.js[2m:410:32
)[22m[2m[22m
[2m      [2mat ProxyZon
eSpec.onInvoke ([2
2m[2m../../node_modu
les/zone.js/bundles
/zone-testing.umd.js
[2m:2219:43)[22m[
2m[22m
[2m      
[2mat _ZoneDelegate.in
voke ([22m[2m..
/../node_modules/zo
ne.js/bundles/zone.um
d.js[2m:409:38)[2
2m[2m[22m
[2m      
[2mat ZoneImpl.run ([22m
[2m../../node_modul
es/zone.js/bundles/z
one.umd.js[2m:1
45:47)[22m[2m[22m
[2m      [2mat Ob
ject.wrappedFunc ([22m[2
m../../node_modules/z
one.js/bundles/zone
-testing.umd.js[
2m:449:38)[22m[
2m[22m
[0m[7m[1m[3
1m FAIL [39m[22m
[27m[0m [2msrc/a
pp/features/cv/ser
vices/cv-for
m
/cv-form-buil
der/[22m[1mcv-f
orm-builder.servic
e.spec.ts[
22m
[1m
[31m  [1m● [22m[1mCvFormBuilderService › buildIaForm › should create an IA form with
 required controls[39m[22m
    [2mexpect
([22m[31mreceived[39m[2
m).[22mtoBeDefine
d[2m()[22m
   
 Received: [31mundefined
[39m
[2m[22m
[
2m    [0m [90m 45 |[39m       [36m
const[39m form [3
3m=[39m service[33
m.[39m
buildIaForm()[33m;
[39m[22m
[2m    
 [90m 46 |[39m
       expect(form[33m.[3
9mcontrols[33m.[39mj
obDescription)[33m.[39
mtoBeDefined()[33m;
[39m[22m
[2m    [
31m[1m>[22m[2m[39m[90m 47
 
|[39m       expect(form[33m.[39mcontrols[33m.[39mmakeEnglish)
[33m.[39mtoBeDefined()[33m;[39m[22m
[2
m     [90m    |[39m           
                          
    [31m[1m^[22m[2
m[39m[22m
[2m     
[90m 48 |[39m       expect(for
m[33m.[39mcontrols[33
m.[39mexaggeration)
[33m.[39mtoBeDefined
()[33m;[39m[22m
[2m     [9
0m 49 |[39m     })[33m;[39m[22m
[2m     [90m 50 |[3
9m   })[33m;[39m[0
m[22m
[2m[22m
[2m  
    [2mat [22m[2m[0m[36msr
c/app/features/cv/se
rvices/cv-form/cv-fo
rm-builder/cv-form-bu
ilder.service.spec.ts[39m[
0m[2m:
47:41[22m[2m[22m
[2m  
    [2mat _ZoneDelegate.i
nvoke ([22m[2m../..
/no
de_modules/zone.js/bundles/zone.umd.js[
2m:410:32)[22m[2m[22m
[2m      [2mat
 ProxyZoneSpec.onInvoke ([22m[2m../../node_modules/zone.js/bundles/zone-testing.umd.j
s[2m:22
19:43)[22m[2m[22m
[2m      [2ma
t _ZoneDelegate.invoke ([22m[2m../../node_mo
dules/zone.js/bundles/zone.umd.js
[2m:409:38)[22m[2m
[22m
[2m      [2mat ZoneIm
pl.run ([22m[2m../../no
de_modules/zone.js/bundles/zone.um
d.js[2m:145:47)[22m[2m[22
m
[2m      [2mat Object.wrappedFu
nc ([22m[2m../../node_modules/zone.js/bundl
es/zone-testing.um
d.js[2m:449:38)[22m[2m[22m
[
0m[7m[1m[31m FAIL [39m[22m[27m[0m
 [2msrc/app/core/services/alerts/[22m
[1mtaiga-alerts.service.spec.ts
[22m
[1m[31m  [1m● [22m[1m
TaigaAlertsService › should be created[
39m[22m
    NG0201
[2m[22m
[
2m      [2mat R3Injector.get ([22m[2m../../node_modules/@ang
ular/core/fesm2022/root_effect_schedul
er.mjs[2m:2081:27)[22m[2m[22m
[2
m      [2mat R3Injector.get ([22m[2m../../node_modules/@angular
/core/fesm2022/root_effect_s
cheduler.mjs[2m:2052:33)
[22m[2m[22m
[2m      [
2mat R3Injector.retri
eve ([22m[2m../../node_module
s/@angular/core/fesm2022/root_effect
_scheduler.mjs[2m:1936:25)[22m[2m[2
2m
[2m      [2mat injectInjector
Only ([22m[2m../../node_modules/@angular/core/fesm20
22/root_effect_scheduler.mjs[2
m:1049:39)[22m[2m[22
m
[2m      [2mat ɵɵinjec
t ([22m[2m../../node_modules/@an
gular/core/fesm2022/root_
effect_scheduler.mjs[2
m:1061:42)[22m[2m
[22m
[2m      [2mat 
Object._TranslocoService_Factory [as factory
] ([22m[2m../../ng:/_TranslocoSer
vice/ɵfac.js[2m:6:10)[22m[2m[22m
[
2m      [2mat R3Injector.hydrate ([22m[2m../../node_modules/@angular
/core/fesm2022/root_effect_scheduler.mjs[
2m:2199:43)[22m[2m[22m
[2m      [2m
at R3Injector.get ([22m[2m../../node_modules/@angular/c
ore/fesm2022/root_effe
ct_scheduler.mjs[2m:2040:33)[22m[2m[22
m
[2m      [2mat R3Injector.retrieve ([
22m[2m../../node_modules/@angular/core/fesm2022/root_effect_schedu
ler.mjs[2m:1936:25)[22m[2m[22m
[2m      [2ma
t injectInjectorOnly ([22m[2m../../node_modules/@angular
/core/fesm2022/root_effect_scheduler.mjs[
2m:1049:39)[22m[2m[22m
[2m      [2ma
t ɵɵinject ([22m[2m../../node_modules/@angular/core
/fesm2022/root_effect_scheduler.mjs[2m:1061:42)
[22m[2m[22m
[2m      [2mat inject ([22m
[2m../../node_modules/@angular/core/fesm2022/root_effect_sched
uler.mjs[2m:1149:12)[22m[2m[22m
[2m      
[2mat new TaigaAlertsService ([22m[2msrc/app/core/serv
ices/alerts/taiga-alerts.service.ts[2m:11:38)[22m
[2m[22m
[2m      [2mat Object.TaigaAlertsService_Fact
ory [as factory] ([22m[2m../../ng:/TaigaAlertsServi
ce/ɵfac.js[2m:5:10)[22m[2m[22m
[2m      [2mat
 R3Injector.hydrate ([22m[2m../../node_modules/@angular/core/fesm2
022/root_effect_scheduler.mjs[2m:2199:
43)[22m[2m[22m
[2m      [2mat R3In
jector.get ([22m[2m../../node_modules/@angular/c
ore/fesm2022/root_effect_scheduler.m
js[2m:2040:33)[22m[2m[22m
[2m  
    [2mat _TestBedImpl.inject ([22m[2m../.
./node_modules/@angular/core/fesm2022/
testing.mjs[2m:2004:52)[22m[2m[22m
[2m      [2
mat Function.inject ([22m[2m../../node_modules/@angular/cor
e/fesm2022/testing.mjs[2m:1843:37)[22m[2m[22m
[2m      [2mat [22m[2m[0m[36msrc/app/
core/services/alerts/taiga-alerts.service.spe
c.ts[39m[0m[2m:10:23[22m[2m[22m
[
2m      [2mat _ZoneDelegate.invoke ([22m[2m../../n
ode_modules/zone.js/bundles/zone.umd.js[2m:410:32)[
22m[2m[22m
[2m      [2mat ProxyZoneSpec.on
Invoke ([22m[2m../../node_modules/zone.js/bundles/zone-testing.
umd.js[2m:2219:43)[22m[2m[22m
[2m      [2mat _ZoneDelegate.invoke ([22m[2m../../node_modules/zone.js/bundles/zone.umd.js[2m:409:38)[22m[2m[22m
[2m      [2mat ZoneImpl.run ([22m[2m../../node_modules/zone.js/bundles/zone.umd.js[2m:145:47)[22m[2m[22m
[2m   
   [2mat Object.wrappedFunc ([22m[2m../../node_modules/zone.js/bundles/zone-testing.umd.js[2m:449:38)[22m[2m[22m
[0m[7m[1m[31m FAIL [39m[22m[27m[0m [2msrc/ap
p/features/config/[22m[1mconfig.spec.ts[22
m ([0m[1m[41m6.535 s[49m[
22m[0m)
[1m[31m  [1m● [22m[1mConfi
g Component › Initialization (C
onstructor Logic) › should initia
lize form with default values when NO setting
s are saved[39m[22m
    NG0201
[2m
[22m
[2m      [2mat R3Injector.get ([22m[2m../../node
_modules/@angular/core/fesm2022/root_effect_sche
duler.mjs[2m:2081:27)[22m[2m[22m

[2m      [2mat R3Injector.get ([22m[2m../.
./node_modules/@angular/core/fesm20
22/root_effect_scheduler.mjs[2
m:2052:33)[22m[2m[22m
[2m      [2mat R3Injec
tor.retrieve ([22m[2m../../node_modules/@angular/core
/fesm2022/root_effect_scheduler.mjs[2m:1
936:25)[22m[2m[22m
[2m    
  [2mat injectInjectorOnly ([22m[2m../../nod
e_modules/@angular/core/fesm2022/root_effect_s
cheduler.mjs[2m:1049:39)[22m[2m[22m
[2m  
    [2mat ɵɵinject ([22m[2m../../node_modules/@angular/core/fesm2022/r
oot_effect_scheduler.mjs[2m:1061:42)[22m[2m[22m
[2m      [
2mat Object._TranslocoService_Factory [as factory] ([22m[2m../.
./ng:/_TranslocoService/ɵfac.js[2m:6:10)[22m[
2m[22m
[2m      [2mat R3Injector.hydrate (
[22m[2m../../node_modules/@angular/core/fesm2022/root
_effect_scheduler.mjs[2m:2199:43)[
22m[2m[22m
[2m      [2mat R3Injector.get ([2
2m[2m../../node_modules/@angular/core/fesm2022/root_eff
ect_scheduler.mjs[2m:2040:33)[22
m[2m[22m
[2m      [2mat R3I
njector.get ([22m[2m../../node_modules/@an
gular/core/fesm2022/root_effect_sche
duler.mjs[2m:2052:33)[22m[2m[22
m
[2m      [2mat ChainedInjector.get
 ([22m[2m../../node_modules/@angular/core/fe
sm2022/debug_node.mjs[2m:13422:36)[22m[2m[22m
[2m      [2mat lookupTokenUsingModuleIn
jector ([22m[2m../../node_modules/@an
gular/core/fesm2022/debug_node.mjs[2
m:1718:39)[22m[2m[22m
[2m     
 [2mat getOrCreateInjectable ([22m[2m../..
/node_modules/@angular/core/fesm2022/de
bug_node.mjs[2m:1766:12)[22m[2m[22
m
[2m      [2mat ɵɵdirectiveInject ([22m[2m
../../node_modules/@angular/core/fesm2022/de
bug_node.mjs[2m:13473:19)[22m[2m[2
2m
[2m      [2mat ɵɵinject ([22m
[2m../../node_modules/@angular/core/fesm2022/r
oot_effect_scheduler.mjs[2m:1061
:42)[22m[2m[22m
[2m      [2
mat inject ([22m[2m../../node_modules/@angula
r/core/fesm2022/root_effect_scheduler.mjs[2m
:1149:12)[22m[2m[22m
[2m      [2mat new _T
ranslocoDirective ([22m[2m../../node_
modules/@jsverse/transloco/fesm2022
/jsverse-transloco.mjs[2m:1132:15)[22m[2m
[22m
[2m      [2mat NodeInjectorFactory._Translo
coDirective_Factory [as factory] ([22m[2m../../ng:/_Tra
nslocoDirective/ɵfac.js[2m:5:10)[22m[2m[22m
[2m 
     [2mat getNodeInjectable ([22m[2m../../node_modules/@angular/c
ore/fesm2022/debug_node.mjs[2m:1989:44)
[22m[2m[22m
[2m      [2mat inst
antiateAllDirectives ([22m[2m../../node_modules/@angular
/core/fesm2022/debug_node.mjs[2m:9297:27)[22m[2
m[22m
[2m      [2mat createDirectivesInstances
 ([22m[2m../../node_modules/@angular/core/fesm2022/deb
ug_node.mjs[2m:9070:5)[22m[2m[22m
[2m      [2
mat declareDirectiveHostTemplate ([22m[2m../../nod
e_modules/@angular/core/fesm2022/debug_node.mjs[2m:1702
9:9)[22m[2m[22m
[2m      [2mat ɵɵtemplate (
[22m[2m../../node_modules/@angular/core/fesm2022/debug_node.
mjs[2m:17097:5)[22m[2m[22m
[2m      [2m
at Config_Template ([22m[2m../../ng:/Config.js[2m:92
:21)[22m[2m[22m
[2m      [2mat executeT
emplate ([22m[2m../../node_modules/@angular/core/fesm2
022/debug_node.mjs[2m:9056:9)[22m
[2m[22m
[2m      [2mat renderView ([22m[2m
../../node_modules/@angular/core/fesm2022/debug_node.mjs
[2m:9678:13)[22m[2m[22m
[2m      
[2mat renderComponent ([22m[2m../../node_
modules/@angular/core/fesm2022/d
ebug_node.mjs[2m:9623:5)[22m
[2m[22m
[2m      [2mat rend
erChildComponents ([22m[2m../../node_modul
es/@angular/core/fesm2022/debug_node.mj
s[2m:9726:9)[22m[2m[22m
[2m      [2
mat renderView ([22m[2m../../node_modules/
@angular/core/fesm2022/debug_nod
e.mjs[2m:9706:13)[22m[2m[22m

[2m      [2mat ComponentFactory2.cr
eate ([22m[2m../../node_modules/@ang
ular/core/fesm2022/debug_node.mjs[2m:146
30:17)[22m[2m[22m
[2m      [2
mat initComponent ([22m[2m../../node_modules/@ang
ular/core/fesm2022/testing.mjs[2m:2068:51)[22
m[2m[22m
[2m      [2mat _ZoneDelegate.invok
e ([22m[2m../../node_modules/zone.js/bundles/zone.umd.
js[2m:410:32)[22m[2m[22m
[2m      [2
mat ProxyZoneSpec.onInvoke ([22m[2m../..
/node_modules/zone.js/bundles/zone-
testing.umd.js[2m:2219:43)[22m[2m
[22m
[2m      [2mat _ZoneDelega
te.invoke ([22m[2m../../node_modules/zone.js/bun
dles/zone.umd.js[2m:409:38)[22m[2m[22m
[2m      [2mat Object.onInvoke 
([22m[2m../../node_modules/@a
ngular/core/fesm2022/debug_node.mjs
[2m:7854:33)[22m[2m[22m
[2m     
 [2mat _ZoneDelegate.invoke ([22m[2m../../nod
e_modules/zone.js/bundles/zone.umd.js[2m:4
09:38)[22m[2m[22m
[2m      [2mat Zon
eImpl.run ([22m[2m../../node_modules/zone.js/bun
dles/zone.umd.js[2m:145:47)[22m[2m
[22m
[2m      [2mat NgZone.run ([22m[2m.
./../node_modules/@angular/core/fesm2022/debu
g_node.mjs[2m:7700:28)[22m[2m[22m
[2m      [2mat _Test
BedImpl.createComponent ([22m[2m../../node_modules
/@angular/core/fesm2022/testing.mjs[2
m:2073:41)[22m[2m[22m
[2m      [2
mat Function.createComponent ([22m[
2m../../node_modules/@angular/core/fesm2022/testing.mjs[2m:1854:37
)[22m[2m[22m
[2m      [2mat createComponent
 ([22m[2m[0m[36msrc/app/features/config/config
.spec.ts[39m[0m[2m:33:23)[22m[2m[22m
[2
m      [2mat [22m[2m[0m[36msrc/app/features/config/
config.spec.ts[39m[0m[2m:57:7[22m[2m[22m
[2m      [2mat _ZoneDelegate.invoke ([
22m[2m../../node_modules/zone.js/bundl
es/zone.umd.js[2m:410:32)[22m[2m[22m
[2m      [2mat ProxyZoneSpec.onI
nvoke ([22m[2m../../node_module
s/zone.js/bundles/zone-testin
g.umd.js[2m:2219:43)[22m[2m[22m

[2m      [2mat _ZoneDelegate.invoke ([22m[
2m../../node_modules/zone.js/bundles/zone.umd
.js[2m:409:38)[22m[2m[22m
[2m      [2mat Z
oneImpl.run ([22m[2m../../node_modules/zone.js/bu
ndles/zone.umd.js[2m:145:47)[22m[2m
[22m
[2m      [2mat Object.wra
ppedFunc ([22m[2m../../node_modules/zone.
js/bundles/zone-testing.umd.js[2m:44
9:38)[22m[2m[22m
[1m[31m  [1m● 
[22m[1mConfig Component › Initialization (Constructor Logic) › shoul
d initialize form with SAVED settings if
 valid[39m[22m
    NG0201
[2m[22m
[2m      [2mat R3Injector.get ([22m[2m../../node_mo
dules/@angular/core/fesm2022/root_ef
fect_scheduler.mjs[2m:2081:27)[22m
[2m[22m
[2m      [2mat R3Injector.g
et ([22m[2m../../node_modules/@angular/core/fesm2022/roo
t_effect_scheduler.mjs[2m:2052:33)[22m[2m[22m
[2m      [2mat R3Injector.retrieve ([22m[2
m../../node_modules/@angular/core/fesm2022/
root_effect_scheduler.mjs[2m:1936:25)[22m
[2m[22m
[2m      [2mat injectInjectorOnly ([2
2m[2m../../node_modules/@angular/core/fesm2022
/root_effect_scheduler.mjs[2m:1
049:39)[22m[2m[22m
[2m      [2
mat ɵɵinject ([22m[2m../../node_modules/@angu
lar/core/fesm2022/root_effect_sche
duler.mjs[2m:1061:42)[22m[2m[22m
[
2m      [2mat Object._TranslocoService_Factory
 [as factory] ([22m[2m../../ng:/_
TranslocoService/ɵfac.js[2m:6:10
)[22m[2m[22m
[2m      [2mat R3Injector.hy
drate ([22m[2m../../node_modules/@angular/core/fesm20
22/root_effect_scheduler.mjs[2m:2199:
43)[22m[2m[22m
[2m      [2mat R3Injec
tor.get ([22m[2m../../node_modules/@angular/core/fes
m2022/root_effect_scheduler.mjs[2m:2040:33
)[22m[2m[22m
[2m      [2mat R
3Injector.get ([22m[2m../../nod
e_modules/@angular/core/fesm20
22/root_effect_scheduler.mjs[2m:
2052:33)[22m[2m[22m
[2m      [
2mat ChainedInjector.get ([22m[2m../../node
_modules/@angular/core/fesm2022/debu
g_node.mjs[2m:13422:36)[22m[2m[22m

[2m      [2mat lookupTokenUsingModuleInjector ([22m[
2m../../node_modules/@angular/core/fesm2022/debug_node
.mjs[2m:1718:39)[22m[2m[22m
[2m      [2mat ge
tOrCreateInjectable ([22m[2m../../node_modules/@angular/core/fes
m2022/debug_node.mjs[2m:1766:12)[22m[2m[22m
[2m
      [2mat ɵɵdirectiveInject ([22m[2m../../node_modules
/@angular/core/fesm2022/debug_node.mjs[2m
:13473:19)[22m[2m[22m
[2m      [2mat ɵɵinject 
([22m[2m../../node_modules/@angular/core/fesm2022/root_effect
_scheduler.mjs[2m:1061:42)[22m[2m[22m
[2m    
  [2mat inject ([22m[2m../../node_modules/@angular/core/fesm202
2/root_effect_scheduler.mjs[2m:1149:12)[22m[2m
[22m
[2m      [2mat new _TranslocoDirective ([22
m[2m../../node_modules/@jsverse/transloco/fesm2022/jsverse-transl
oco.mjs[2m:1132:15)[22m[2m[22m
[2m      [2mat
 NodeInjectorFactory._TranslocoDirective_Factory [as factory] ([2
2m[2m../../ng:/_TranslocoDirective/ɵfac.js[2m:5:1
0)[22m[2m[22m
[2m      [2mat getNodeInjectable
 ([22m[2m../../node_modules/@angular/core/fesm2022/debug_node.mjs
[2m:1989:44)[22m[2m[22m
[2m      [2mat instant
iateAllDirectives ([22m[2m../../node_modules/@angular/core
/fesm2022/debug_node.mjs[2m:9297:27)[22m[
2m[22m
[2m      [2mat createDirectivesInstances (
[22m[2m../../node_modules/@angular/core/fesm2022/debug_node.mjs[2m:90
70:5)[22m[2m[22m
[2m      [2mat declareDirecti
veHostTemplate ([22m[2m../../node_modules/@angular/core/fesm2022/
debug_node.mjs[2m:17029:9)[22m[2m[22m
[2m      [
2mat ɵɵtemplate ([22m[2m../../node_modules/@angular/cor
e/fesm2022/debug_node.mjs[2m:17097:5)[22m
[2m[22m
[2m      [2mat Config_Template ([22m
[2m../../ng:/Config.js[2m:92:21)[22m[2m[22m
[2m      [2mat execut
eTemplate ([22m[2m../../node_modules/@angular/core/fesm2022/debug
_node.mjs[2m:9056:9)[22m[2m[22m
[2m      [2mat 
renderView ([22m[2m../../node_modules/@angular/core/fesm2022/debug_
node.mjs[2m:9678:13)[22m[2m[22m
[
2m      [2mat renderComponent ([22m[2m../../node_modules/@angular/c
ore/fesm2022/debug_node.mjs[2m:9623:5)[22
m[2m[22m
[2m      [2mat renderChildComponents (
[22m[2m../../node_modules/@angular/core/fesm2022/debug_node.mjs[
2m:9726:9)[22m[2m[22m
[2m      [2mat renderVie
w ([22m[2m../../node_modules/@angular/core/fesm2022/de
bug_node.mjs[2m:9706:13)[22m[2m[22m
[
2m      [2mat ComponentFactory2.create ([22m[
2m../../node_modules/@angular/core/fesm2022/debu
g_node.mjs[2m:14630:17)[22m[2m[22m
[2m      [2mat initCompo
nent ([22m[2m../../node_modules/@
angular/core/fesm2022/testing.mjs[2m:2
068:51)[22m[2m[22m
[2m      [
2mat _ZoneDelegate.invoke ([22m[2m../../nod
e_modules/zone.js/bundles/zone.umd.js[2m:
410:32)[22m[2m[22m
[2m      [2m
at ProxyZoneSpec.onInvoke ([22m[2m../../node_modul
es/zone.js/bundles/zone
-testing.umd.js[2m:2219:43)[22m[2m[22m
[2m      [2mat _ZoneDelegate.inv
oke ([22m[2m../../node_modules/zo
ne.js/bundles/zone.umd.js[
2m:409:38)[22m[2m[22m
[2m    
  [2mat Object.onInvoke ([22m[2m../../node_modules/@angula
r/core/fesm2022/debug_node.mjs[2m:
7854:33)[22m[2m[22m
[2m      
[2mat _ZoneDelegate.invoke ([22m[2m../../node_modules
/zone.js/bundles/zone.umd.js[2m:409:38)[22m[2m[22m
[2m      [2mat ZoneImpl.run ([22m[2m../../node_modules/zone.js/bundles/zone.umd.js[2m:145:47)[22m[2m[22m
[2m      [2mat NgZone.r
un ([22m[2m../../node_modules/@angular/core/fesm2022/debug_node.mjs[2m:7700:28)[22m[2m[22m
[2m
      [2mat _TestBedImpl.createComponent ([22m[2m../../node_mod
ules/@angular/core/fesm2022/testing.mjs[2m:2073:41
)[22m[2m[22m
[2m      [2mat Function.cr
eateComponent ([22m[2m../../node_modules/@angular
/core/fesm2022/testing.mjs[2m:1854:3
7)[22m[2m[22m
[2m      [2mat cre
ateComponent ([22m[2m[0m[36msrc/app/features/config/conf
ig.spec.ts[39m[0m[2m:33:23)[22m[2m[22
m
[2m      [2mat [22m[2m[0m[36msrc/app/featur
es/config/config.spec.ts[39m[0m[2m:73:7[22m[2m[22m
[2m 
     [2mat _ZoneDelegate.invoke ([22m[2m../..
/node_modules/zone.js/bundles/zone.umd.js[2m
:410:32)[22m[2m[22m
[2m      [2mat P
roxyZoneSpec.onInvoke ([22m[2m../..
/node_modules/zone.js/bundles
/zone-testing.umd.js[2m:
2219:43)[22m[2m[22m
[2m      [2mat _ZoneDelega
te.invoke ([22m[2m../../no
de_modules/zone.js/bundles/
zone.umd.js[2m:409:38)[22m[2m[22m
[2m  
    [2mat ZoneImpl.run ([22m[2m../../node_modules/zone.js/bundles/zone.umd.
js[2m:145:47)[22m[2m[22m
[2m      [2mat
 Object.wrappedFunc ([22m[2m../../node_modules
/zone.js/bundles/zone-testing.umd.js[2m:
449:38)[22m[2m[22m
[1m[31m  [1m● 
[22m[1mConfig Component › Initialization (Constructor Logic) › should
 fallback to defaults if saved provider is inval
id[39m[22m
    NG0201
[2m[22m
[2m  
    [2mat R3Injector.get ([22m[2m../../node_modules/@angula
r/core/fesm2022/root_effect_schedu
ler.mjs[2m:2081:27)[22m[2m[22m
[2m  
    [2mat R3Injector.get ([22m[2m../../node_modules/@angu
lar/core/fesm2022/root_effect_scheduler.mjs[2m:2052:3
3)[22m[2m[22m
[2m      [2mat R3In
jector.retrieve ([22m[2m../../node_modules/@angula
r/core/fesm2022/root_effect_scheduler.mjs[2m
:1936:25)[22m[2m[22m
[2m      [2mat injectInjectorOnly ([2
2m[2m../../node_modules/@angular/core/fesm2022/root_effect_scheduler.mjs
[2m:1049:39)[22m[2m[22m
[2m      [2mat ɵɵinjec
t ([22m[2m../../node_modules/@angular/core/fesm2022/root_effect_scheduler.mjs
[2m:1061:42)[22m[2m[22m
[2m      [2mat Object._TranslocoService_Factory
 [as factory] ([22m[2m../../ng:/_Translo
coService/ɵfac.js[2m:6:10)[22m
[2m[22m
[2m      [2mat R3Inject
or.hydrate ([22m[2m../../node_modules/@angular/core/fesm2
022/root_effect_scheduler.mjs[2m:2199:43)[
22m[2m[22m
[2m      [
2mat R3Injector.get ([22m[2m../../node_modules
/@angular/core/fesm2022/root_effect_sc
heduler.mjs[2m:2040:33)[22m[2m[22m
[2m 
     [2mat R3Injector.get ([22m[2m../../nod
e_modules/@angular/core/fesm2022/root_eff
ect_scheduler.mjs[2m:2052:33)[22m[2m[22m
[2m      [2mat ChainedInjector.get (
[22m[2m../../node_modules/@angular/core/fesm202
2/debug_node.mjs[2m:13422:36)[22m[2m[22m
[2m      [2
mat lookupTokenUsingModuleInjector ([22m[2m../../no
de_modules/@angular/core/fesm20
22/debug_node.mjs[2m:1718:39)[22m[2m
[22m
[2m      [2mat getOrCreateInjectable
 ([22m[2m../../node_modules/@angular/core/fesm2022/debug_no
de.mjs[2m:1766:12)[22m[2m[22m
[2m      
[2mat ɵɵdirectiveInject ([22m[2m../../node_modules/@angular/core/fesm2022/d
ebug_node.mjs[2m:13473:19)[22m[2m[22m
[2m    
  [2mat ɵɵinject ([22m[2m../../node_modules/@angular/cor
e/fesm2022/root_effect_scheduler.mjs[2m:10
61:42)[22m[2m[22m
[2m      [2mat injec
t ([22m[2m../../node_modules/@angula
r/core/fesm2022/root_effect_schedu
ler.mjs[2m:1149:12)[22
m[2m[22m
[2m      [2mat new
 _TranslocoDirective ([22m[2m../../node_m
odules/@jsverse/transloco/fesm2
022/jsverse-transloco.mjs[
2m:1132:15)[22m[2m[22m
[2m      
[2mat NodeInjectorFactory._TranslocoDirectiv
e_Factory [as factory] ([22m[2m../.
./ng:/_TranslocoDirective/ɵfac.j
s[2m:5:10)[22m[2m[22m
[2m    
  [2mat getNodeInjectable ([22m[2m../../
node_modules/@angular/core/fesm2022/deb
ug_node.mjs[2m:1989:44)[22m[2m[22
m
[2m      [2mat instantiateAllD
irectives ([22m[2m..
/../node_modules/@angular/core/fe
sm2022/debug_node.mjs[2m:9297:
27)[22m[2m[22m
[2m      [2mat c
reateDirectivesInstances ([22m[2m..
/../node_modules/@angular/core/fesm202
2/debug_node.mjs[2m:9070:5)[22m[2m[22m
[2m
      [2mat declareDirectiveHostTemplate ([22m[2m../../node_mo
dules/@angular/core/fesm2022/debug_node.mjs[2m:17
029:9)[22m[2m[22m
[2m      [2mat ɵɵtemplat
e ([22m[2m../../node_modules/@angular/core/fesm2022/debug_node.mj
s[2m:17097:5)[22m[2m[22m
[2m    
  [2mat Config_Template ([22m[2m../../ng:/Config.js[
2m:92:21)[22m[2m[22m
[2m      [2mat
 executeTemplate ([22m[2m../../node_modules/@angular/core/
fesm2022/debug_node.mjs[2m:9056:9)[22m[2m[22m
[2m      [2mat renderView ([22m[2m../
../node_modules/@angular/core/fesm2022/de
bug_node.mjs[2m:9678:13)[22m[2m[22m
[2m      [
2mat renderComponent ([22m[2m../../node_modules/@angular/core/fesm2022/deb
ug_node.mjs[2m:9623:5)[22m[2m[22m
[2m     
 [2mat renderChildComponents ([22m[2m../../node_modules/@angular/co
re/fesm2022/debug_node.mjs[2m:9726:9)[22m[2m[22m

[2m      [2mat renderView ([22m[2m../../node_modules/@angular/
core/fesm2022/debug_node.mjs[2m:9706:13)[22m[2m
[22m
[2m      [2mat ComponentFactory2.create ([2
2m[2m../../node_modules/@angular/core/fesm2022/debug_node.mjs[2m:
14630:17)[22m[2m[22m
[2m      [2mat initComponent
 ([22m[2m../../node_modules/@angular/core/fesm2022/testing.mjs[2
m:2068:51)[22m[2m[22m
[2m      [2mat _ZoneDeleg
ate.invoke ([22m[2m../../node_modules/zone.js/bundles/zone.umd.js
[2m:410:32)[22m[2m[22m
[2m      [2mat Prox
yZoneSpec.onInvoke ([22m[2m../../node_modules/zone.js/bundles/zone-
testing.umd.js[2m:2219:43)[22m[2m[22m
[2m      
[2mat _ZoneDelegate.invoke ([22m[2m../../node_modules/zone.j
s/bundles/zone.umd.js[2m:409:38)[22m[2m
[22m
[2m      [2mat Object.onInvoke ([22m[2
m../../node_modules/@angular/core/fesm2022/debug_node.mjs[2m:7854:33)[22m
[2m[22m
[2m      [2mat _ZoneDelegate.
invoke ([22m[2m../../node_modules/zone.js/bundles/zone
.umd.js[2m:409:38)[22m[2m[22m
[2m
      [2mat ZoneImpl.run ([22m[2m../../node_module
s/zone.js/bundles/zone.umd.js[2m:145:47)[
22m[2m[22m
[2m      [2mat NgZone.run ([22m[2m../.
./node_modules/@angular/core/fesm2022/debug_node.mjs[2m:7700:28)
[22m[2m[22m
[2m      [2mat _TestBedImpl.createComp
onent ([22m[2m../../node_modules/@angular/c
ore/fesm2022/testing.mjs[2m:2073:41)[22m
[2m[22m
[2m      [2mat Function.creat
eComponent ([22m[2m../../node_modules/@angular/core/fes
m2022/testing.mjs[2m:1854:37)[22m[2m[22m
[2m      [2mat createComponent ([22m[2m
[0m[36msrc/app/features/config/conf
ig.spec.ts[39m[0m[2m:33:23)[22m[2m
[22m
[2m      [2mat [22m[2m[0m[
36msrc/app/features/config/config.spec.ts[39m[0m[2m:87:7[22m[2m[22m

[2m      [2mat _ZoneDelegate.invoke ([22m[2m../../node_modules/zone.js/bundles/zone.u
md.js[2m:410:32)[22m[2m[22m
[2m    
  [2mat ProxyZoneSpec.onInvoke ([22m[
2m../../node_modules/zone.js/bundles/zone-tes
ting.umd.js[2m:2219:43)[22m[2m[22m
[2m      [2mat _ZoneDelegate.invoke ([22m[2m../../node_modules/z
one.js/bundles/zone.umd.js[2m:409:38)[22m[2m[22m
[2m     
 [2mat ZoneImpl.run ([22m[2m../../node_modules/zone.js/
bundles/zone.umd.js[2m:145:47)[22m[2
m[22m
[2m      [2mat Object.wrappedFun
c ([22m[2m../../node_modules/zone.js/bundles
/zone-testing.umd.js[2m:449:38)[22m[2m[22m
[1m[31m  [
1m● [22m[1mConfig Component › Initialization (Constructo
r Logic) › should reset model to null/defau
lt if saved model does not exist for pr
ovider[39m[22m
    NG0201
[2m[22m
[2m 
     [2mat R3Injector.get ([22m[2m../../node_modules/@angular/core/fes
m2022/root_effect_scheduler.mjs[2m:2081:27)
[22m[2m[22m
[2m      [2mat R3Injector.get
 ([22m[2m../../node_modules/@angular/core/fesm2022/roo
t_effect_scheduler.mjs[2m:2052:33)[22m[2m
[22m
[2m      [2mat R3Injector.retrieve ([22
m[2m../../node_modules/@angular/core/fesm2022/root_effect_sc
heduler.mjs[2m:1936:25)[22m[2m[22m
[
2m      [2mat injectInjectorOnly ([22m[2m../../node_
modules/@angular/core/fesm2022/root_effect_schedule
r.mjs[2m:1049:39)[22m[2m[22m
[2m     
 [2mat ɵɵinject ([22m[2m../../node_modules/@angular/core/fesm2022/root_effect_scheduler.mjs[2m:
1061:42)[22m[2m[22m
[2m      [2mat Object._TranslocoService
_Factory [as factory] ([22m[2m../../ng:/_Transl
ocoService/ɵfac.js[2m:6:10)[22m[2m[22m
[2m      [2mat R3Injector.hydrate ([22
m[2m../../node_modules/@angular/core/fesm2
022/root_effect_scheduler.mjs[2m:2199:43)
[22m[2m[22m
[2m      [2mat R3Injec
tor.get ([22m[2m../../node_modules/@angular/core/fes
m2022/root_effect_scheduler.mjs[2m:2040
:33)[22m[2m[22m
[2m      [2mat R3Inj
ector.get ([22m[2m../../node_modules/@angular/core/fesm2022/ro
ot_effect_scheduler.mjs[2m:2052:33)[22
m[2m[22m
[2m      [2mat ChainedInjector.get ([22m[2m../../n
ode_modules/@angular/core/fesm2022/debug_node.
mjs[2m:13422:36)[22m[2m[22m
[2m   
   [2mat lookupTokenUsingModuleInjector ([22m[2m../../node_modules/@angular/
core/fesm2022/debug_node.mjs[2m:1718
:39)[22m[2m[22m
[2m      [2mat 
getOrCreateInjectable ([22m[2m../../nod
e_modules/@angular/core/fesm2022
/debug_node.mjs[2m:1766:12)[22m[2m[22m
[2m      
[2mat ɵɵdirectiveInject ([22m[2m../../node_
modules/@angular/core/fesm2022/debug_node
.mjs[2m:13473:19)[22m[2m[22m
[2m 
     [2mat ɵɵinject ([22m[2m../../node_modules/
@angular/core/fesm2022/root_effect_scheduler.mjs[2m:1061:42
)[22m[2m[22m
[2m      [2mat
 inject ([22m[2m../../node_modules/
@angular/core/fesm2022/roo
t_effect_scheduler.mjs[2m:1149:1
2)[22m[2m[22m
[2m      [2mat new
 _TranslocoDirective ([22m[2m../../node_modules/@jsverse/transloco/fesm2022/jsverse-transloc
o.mjs[2m:1132:15)[22m[2m[22m

[2m      [2mat NodeInjectorFactory._TranslocoDirecti
ve_Factory [as factory] ([22m[2m../../ng
:/_TranslocoDirective/ɵfac.js[2m:5:10
)[22m[2m[22m
[2m      [2mat g
etNodeInjectable ([22m[2m../../node
_modules/@angular/core/fesm2022/debug_node.mjs[2m:1989:44)[22m[2m[22
m
[2m      [2mat instantiateAllDirectives ([22m[2m..
/../node_modules/@angular/core/fesm
2022/debug_node.mjs[2m:9297:27)[22m[2m[22m
[2m      [2mat createDirectivesInstance
s ([22m[2m../../node_modules/@angula
r/core/fesm2022/debug_node.mjs[2m:9070:
5)[22m[2m[22m
[2m      [2mat declareDirectiveHostTempl
ate ([22m[2m../../node_modules/@angular/core/fesm2
022/debug_node.mjs[2m:17029:9)[22m
[2m[22m
[2m      [2mat ɵɵtemplate ([22m[2
m../../node_modules/@angular/core/fesm2022/debug_node.mj
s[2m:17097:5)[22m[2m[22m
[2m    
  [2mat Config_Template ([22m[2m../../
ng:/Config.js[2m:92:21)[22m[2m
[22m
[2m      [2mat executeTempl
ate ([22m[2m../../node_modules/@angular/co
re/fesm2022/debug_node.mjs[2m:905
6:9)[22m[2m[22m
[2m      [2ma
t renderView ([22m[2m../../node_module
s/@angular/core/fesm2022/debug_node.mjs
[2m:9678:13)[22m[2m[22m
[2m   
   [2mat renderComponent ([22m[2m../..
/node_modules/@angular/core/fesm20
22/debug_node.mjs[2m:9623:5)[22m[2m[22m
[
2m      [2mat renderChildComponents 
([22m[2m../../node_modules/@angu
lar/core/fesm2022/debug_node.mjs[2m:97
26:9)[22m[2m[22m
[2m      [2mat ren
derView ([22m[2m../../node_modules/@angular/core/
fesm2022/debug_node.mjs[2m:9706:13)[22m
[2m[22m
[2m      [2mat ComponentFact
ory2.create ([22m[2m../../node_modules/@angular/
core/fesm2022/debug_node.mjs[2m:14630:17)
[22m[2m[22m
[2m      [2mat initCom
ponent ([22m[2m../../node_modules/@angular/cor
e/fesm2022/testing.mjs[2m:2068:51)[22m[
2m[22m
[2m      [2mat _ZoneDelegate.inv
oke ([22m[2m../../node_modules/zone.js/bundles/zone
.umd.js[2m:410:32)[22m[2m[22m
[2m   
   [2mat ProxyZoneSpec.onInvoke ([22m[2m..
/../node_modules/zone.js/bundles/zone-tes
ting.umd.js[2m:2219:43)[22m[2m[22m
[2m      
[2mat _ZoneDelegate.invoke ([22m[2m..
/../node_modules/zone.js/bundles/zone.u
md.js[2m:409:38)[22m[2m[22m
[2m     
 [2mat Object.onInvoke ([22m[2m../../node_modules/@angular/core/fesm2022/debug_node.mjs[2m:7854:33)[22m[2m[22m
[2m      [2mat _ZoneDelegate.invoke ([22m[2m../../node_modules/zone.js/bundles/zone.umd.js[2m:409:38)[22m[2m[22m
[2
m      [2mat ZoneImpl.run ([22m[2m../../node_modules/zone.
js/bundles/zone.umd.js[2m:145:47)
[22m[2m[22m
[2m      [2mat 
NgZone.run ([22m[2m../../node_modules/@angular/cor
e/fesm2022/debug_node.mjs[2m:7700:28)[22m
[2m[22m
[2m      [2mat _TestBedI
mpl.createComponent ([22m[2m../../node_modul
es/@angular/core/fesm2022/testing.mjs
[2m:2073:41)[22m[2m[22m
[2m      [2mat Fun
ction.createComponent ([22m[2m../../nod
e_modules/@angular/core/fesm2
022/testing.mjs[2m:1854:37)[22m[2m
[22m
[2m      [2mat createCo
mponent ([22m[2m[0m[36msrc/app/fe
atures/config/config.spec.ts
[39m[0m[2m:33:23)[22m[2m[22m
[2m      [2mat [22m[2m
[0m[36msrc/app/features/conf
ig/config.spec.ts[39m[0m[2m:99:7[
22m[2m[22m
[2m      [2mat 
_ZoneDelegate.invoke ([22m[2m../.
./node_modules/zone.js/bundles/z
one.umd.js[2m:410:32)[22m[2m[
22m
[2m      [2mat ProxyZ
oneSpec.onInvoke ([22m[2m../../node
_modules/zone.js/bundles/zone-
testing.umd.js[2m:2219:43)[2
2m[2m[22m
[2m      [2mat _Z
oneDelegate.invoke ([22m[2m../../node_modules/zone.js
/bundles/zone.umd.js[2m:409:38)
[22m[2m[22m
[2m      [2mat ZoneIm
pl.run ([22m[2m../../node_modules/zone.
js/bundles/zone.umd.js[2m:145
:47)[22m[2m[22m
[2m      
[2mat Object.wrappedFunc ([22m[2m../../node_modules/zone.j
s/bundles/zone-testing.umd.js[
2m:449:38)[22m[2m[22m
[1m
[31m  [1m● [22m[1mConfig Componen
t › Reactivity (Form Changes)
 › should update available models when provide
r changes[39m[22m
    NG0201
[2m
[22m
[2m      [2mat R3Injector.get ([22m[2m../../node_modules/@angular/core/fesm2022/root_effect_sch
eduler.mjs[2m:2081:27)[22m[2m[22m
[2m      [2mat R3Injector
.get ([22m[2m../../node_modules/@angular/
core/fesm2022/root_effect_scheduler
.mjs[2m:2052:33)[22m[2m[22m
[2m  
    [2mat R3Injector.retrieve ([22m[2m../../node_modules
/@angular/core/fesm2022/root_effect
_scheduler.mjs[2m:1936:25)[22m[2m[2
2m
[2m      [2mat injectI
njectorOnly ([22m[2m../../node_modules
/@angular/core/fesm2022/root_ef
fect_scheduler.mjs[2m:1049:3
9)[22m[2m[22m
[2m      
[2mat ɵɵinject ([22m[2m../../node
_modules/@angular/core/fesm2
022/root_effect_scheduler.m
js[2m:1061:42)[22m[2m[2
2m
[2m      [2mat Object._T
ranslocoService_Factory [as factory] ([2
2m[2m../../ng:/_TranslocoService/
ɵfac.js[2m:6:10)[22m[2m[22m
[
2m      [2mat R3Injector.hydrate ([22m[2m
../../node_modules/@angular/core/
fesm2022/root_effect_scheduler.mj
s[2m:2199:43)[22m[2m[22m
[
2m      [2mat R3Injector.get ([22m[2m.
./../node_modules/@angular/core/fesm20
22/root_effect_scheduler.mjs[2m
:2040:33)[22m[2m[22m
[2m 
     [2mat R3Injector.get ([22m[2m../../node
_modules/@angular/core/fesm2022/root_effe
ct_scheduler.mjs[2m:2052:33)[22m[2m
[22m
[2m      [2mat ChainedInjector
.get ([22m[2m../../node_modules/@angular/co
re/fesm2022/debug_node.mjs[2m:13422:36)
[22m[2m[22m
[2m      [2mat lookupTokenUsingM
oduleInjector ([22m[2m../../node_modules/@a
ngular/core/fesm2022/debug_no
de.mjs[2m:1718:39)[22m[2m
[22m
[2m      [2mat getOr
CreateInjectable ([22
m[2m../../node
_modules/@ang
ular/core/fes
m2022/debug_node.m
js[2m:1766:12)[22m
[2m[22m
[2m      [2m
at ɵɵdirectiveInject (
[22m[2m../../node_mod
ules/@angular/core/fesm
2022/debug_node.mjs[2m:13
473:19)[22m[2m[22m
[2m    
  [2mat ɵɵinject ([22m[2m../../node
_modules/@angular/c
ore/fesm2022/root_effect_schedu
ler.mjs[2m:1061:42)
[22m[2m[22m
[2m      
[2mat inject ([22m[2m../../node_module
s/@angular/core/fesm2022/root_ef
fect_scheduler.mjs[2m:1149:12)[22m[2m[22m
[2m      [2mat
 new _TranslocoDirective ([22m
[2m../../node_modules/@jsverse/
transloco/fesm2022/jsverse-trans
loco.mjs[2m:1132:15)[22m[2m[22m

[2m      [2mat NodeInjectorFactory._TranslocoDirec
tive_Factory [as factory] ([22m[
2m../../ng:/_TranslocoDirective/
ɵfac.js[2m:5:10)[22m[2m[22m
[2m    
  [2mat getNodeInjectable ([22m[2m../../node_modules/@
angular/core/fesm2022/debug_n
ode.mjs[2m:1989:44)[22m[2m[2
2m
[2m      [2mat instantiateAllDi
rectives ([22m[2m../../node_modules/@angular
/core/fesm2022/debug_node.mjs[2m:9297:27)
[22m[2m[22m
[2m      [2mat createD
irectivesInstances ([22m[2m../../node_mod
ules/@angular/core/fesm2022/debug_node.
mjs[2m:9070:5)[22m[2m[22m
[2m     
 [2mat declareDirectiveHostTemplate ([2
2m[2m../../node_modules/@angular/core/f
esm2022/debug_node.mjs[2m:17029:9)[22m[2m[22m
[
2m      [2mat ɵɵtemplate ([22m[2m../../node_modules/@ang
ular/core/fesm2022/debug_node.mjs[2m:17097:5
)[22m[2m[22m
[2m      [2mat Config
_Template ([22m[2m../../ng:/Config.js[2m:9
2:21)[22m[2m[22m
[2m      [2mat e
xecuteTemplate ([22m[2m../../node_modules/@angular/core/fesm2022/debug_node.
mjs[2m:9056:9)[22m[2m[22m
[2m      
[2mat renderView ([22m[2m../../node_modules/@angular/core/fesm
2022/debug_node.mjs[2m:9678:13)[22m[2m
[22m
[2m      [2mat renderComponen
t ([22m[2m../../node_modules/@angular/core/fe
sm2022/debug_node.mjs[2m:9623:5)[22m
[2m[22m
[2m      [2mat renderChildC
omponents ([22m[2m../../node_modules/@angular/core/fesm20
22/debug_node.mjs[2m:9726:9)[22m[2
m[22m
[2m      [2mat renderView (
[22m[2m../../node_modules/@angular/core/fesm202
2/debug_node.mjs[2m:9706:13)[22m[2m
[22m
[2m      [2mat ComponentFactor
y2.create ([22m[2m../../node_modules/@angula
r/core/fesm2022/debug_node.mjs[2m:14
630:17)[22m[2m[22m
[2m      [2ma
t initComponent ([22m[2m../../node_modules
/@angular/core/fesm2022/testing.mjs[2
m:2068:51)[22m[2m[22m
[2m      [
2mat _ZoneDelegate.invoke ([22m[2m
../../node_modules/zone.js/bundles/
zone.umd.js[2m:410:32)[22m
[2m[22m
[2m      [2mat Pro
xyZoneSpec.onInvoke ([22m[2m../../node_mo
dules/zone.js/bundles/zone-testing.u
md.js[2m:2219:43)[22m[2m[22m
[2m 
     [2mat _ZoneDelegate.invoke ([22m[2m../../node_module
s/zone.js/bundles/zone.umd.js[2m:409
:38)[22m[2m[22m
[2m      [2mat Object.onInvoke ([22m[2m../../node_module
s/@angular/core/fesm2022/debug_node.mjs[2m:7854:33
)[22m[2m[22m
[2m      [2mat _ZoneDe
legate.invoke ([22m[2m../../node_modules/zone
.js/bundles/zone.umd.js[2m:409:38)[
22m[2m[22m
[2m      [2mat Zon
eImpl.run ([22m[2m../../node_modules/zone
.js/bundles/zone.umd.js[2m:145:47)[
22m[2m[22m
[2m      [2mat NgZone.r
un ([22m[2m../../node_modules/@angular/core/f
esm2022/debug_node.mjs[2m:7700:28)[
22m[2m[22m
[2m      [2mat _
TestBedImpl.createComponent ([22m[2m../../node_modules/@a
ngular/core/fesm2022/testing.mj
s[2m:2073:41)[22m[2m[22m
[2m      [2mat Function.cre
ateComponent ([22m[2m../../node_modules/@angu
lar/core/fesm2022/testing.mjs[2m:1854:
37)[22m[2m[22m
[2m      [2mat 
createComponent ([22m[2m[0m[36msr
c/app/features/config/config.spec.ts[39m[0m
[2m:33:23)[22m[2m[22m
[2m    
  [2mat [22m[2m[0m[36msrc/app/featur
es/config/config.spec.ts[39m[0m
[2m:109:7[22m[2m[22m
[2m      [2mat _ZoneDeleg
ate.invoke ([22m[2m../../node_modu
les/zone.js/bundles/zone.umd.js[
2m:410:32)[22m[2m[22m
[2m   
   [2mat ProxyZoneSpec.onInvoke ([22m
[2m../../node_modules/zone.js/bundle
s/zone-testing.umd.js[2m:2219:43)[22
m[2m[22m
[2m      [2mat _ZoneDele
gate.invoke ([22m[2m../../node_modules/z
one.js/bundles/zone.umd.js[2m:409:3
8)[22m[2m[22m
[2m      [2mat Zone
Impl.run ([22m[2m../../node_modules/zon
e.js/bundles/zone.umd.js[2m:145:47)
[22m[2m[22m
[2m      [2mat Object.wr
appedFunc ([22m[2m../../node_modules/zone.js
/bundles/zone-testing.umd.js[2m:449:3
8)[22m[2m[22m
[1m[31m  [1m● 
[22m[1mConfig Component › Reactivity (Form 
Changes) › should auto-select first model when provid
er changes[39m[22m
    NG0201
[
2m[22m
[2m      [2mat R3Injector.get ([22m
[2m../../node_modules/@angular/core/fesm2022/root_
effect_scheduler.mjs[2m:2081:27)[22m[2m[22
m
[2m      [2mat R3Injector.get ([22
m[2m../../node_modules/@angular/core/fes
m2022/root_effect_scheduler.mjs[2m
:2052:33)[22m[2m[22m
[2
m      [2mat R3Injector.ret
rieve ([22m[2m../../
node_modules/@ang
ular/core/fesm2022/
root_effect_schedule
r.mjs[2m:1936:25)[22m[
2m[22m
[2m      [2mat injec
tInjectorOnly ([22m[2m../../node_modules/@
angular/core/fesm2022/root_effec
t_scheduler.mjs[2m:1049:39)[22
m[2m[22m
[2m      [2mat ɵɵinjec
t ([22m[2m../../node_modules/@angular/core/fesm2022/ro
ot_effect_scheduler.mjs[2m:1061:42
)[22m[2m[22m
[2m      [2mat Object
._TranslocoService_Factory [as factory] 
([22m[2m../../ng:/_TranslocoService/ɵfac.js[2m:6:10)[22m[2m[22m
[2m      
[2mat R3Injector.hydrate ([22m[2m../../no
de_modules/@angular/core/fesm2022/
root_effect_scheduler.mjs[2m:2
199:43)[22m[2m[22m
[2m   
   [2mat R3Injector.get ([22m[2m../..
/node_modules/@angular/core/fesm202
2/root_effect_scheduler.mjs[2m:20
40:33)[22m[2m[22m
[2m      
[2mat R3Injector.get ([22m[2m../../node
_modules/@angular/core/fesm2022/r
oot_effect_scheduler.mjs[2m:
2052:33)[22m[2m[22m
[2m   
   [2mat ChainedInjector.get ([22m[2
m../../node_modules/@angular/c
ore/fesm2022/debug_node.mjs[2m:13422:36)[22
m[2m[22m
[2m      [2mat lookupT
okenUsingModuleInjector ([22m[2m../../
node_modules/@angular/core/fesm
2022/debug_node.mjs[2m:1718
:39)[22m[2m[22m
[2m      
[2mat getOrCreateInjectable ([22m[2m../
../node_modules/@angular/core/fe
sm2022/debug_node.mjs[2m:1766:
12)[22m[2m[22m
[2m      [2
mat ɵɵdirectiveInject ([22m[2m../../no
de_modules/@angular/core/fesm2022/d
ebug_node.mjs[2m:13473:19)[22m
[2m[22m
[2m      [2mat ɵɵinje
ct ([22m[2m../../node_modules/@angula
r/core/fesm2022/root_effect_sched
uler.mjs[2m:1061:42)[22m[2
m[22m
[2m      [2mat inject ([22m[2m
../../node_modules/@angular/core/fesm2022
/root_effect_scheduler.mjs[2m:1149:1
2)[22m[2m[22m
[2m      [2mat new _TranslocoDi
rective ([22m[2m../../node_module
s/@jsverse/transloco/fesm2022/jsve
rse-transloco.mjs[2m:1132:15)[22m
[2m[22m
[2m      [2mat NodeInject
orFactory._TranslocoDirective_Factory [as fac
tory] ([22m[2m../../ng:/_TranslocoDi
rective/ɵfac.js[2m:5:10)[22m[2m[22m
[
2m      [2mat getNodeInjectable ([22m[2m../../node_modules/@angular/core/fesm2022/debug_node.mjs[2m:1989:44)[22m[2m[22m
[2m      [2mat instantiateAllDirectives ([22m[2m../../node_modules/@angular/core/fesm2022/debug_node.mjs[2m:9297:27)
[22m[2m[22m
[2m      [2mat createDirectivesInstances ([22m[2m../../node
_modules/@angular/core/fesm2022/debug_node.mjs[2m:90
70:5)[22m[2m[22m
[2m      [2mat d
eclareDirectiveHostTemplate ([22m[2m../../node_mo
dules/@angular/core/fesm2022/debug_node.mj
s[2m:17029:9)[22m[2m[22m
[2m    
  [2mat ɵɵtemplate ([22m[2m../../node_modu
les/@angular/core/fesm2022/debug_node.m
js[2m:17097:5)[22m[2m[22m
[2m  
    [2mat Config_Template ([22m[2m../../ng:
/Config.js[2m:92:21)[22m[2m[22m
[2
m      [2mat executeTemplate ([22m[2m../.
./node_modules/@angular/core/fesm2022/d
ebug_node.mjs[2m:9056:9)[22m[2
m[22m
[2m      [2mat renderView ([22m[2m..
/../node_modules/@angular/core/fesm2022/d
ebug_node.mjs[2m:9678:13)[22m[2m[2
2m
[2m      [2mat renderComponent (
[22m[2m../../node_modules/@angular/core/fe
sm2022/debug_node.mjs[2m:9623:5)[22m[2
m[22m
[2m      [2mat renderChildCo
mponents ([22m[2m../../node_modules/@angular/
core/fesm2022/debug_node.mjs[2m:9726:9
)[22m[2m[22m
[2m      [2mat rende
rView ([22m[2m../../node_modules/@angular/core/fesm2022/debug_node.mjs[2m:9706
:13)[22m[2m[22m
[2m      [2mat ComponentFactory2.create ([22m[2m../../node_modules/@angular/c
ore/fesm2022/debug_node.mjs[2m:14630:17)[22m[2m[22m
[2m   
   [2mat initComponent ([22m[2m../../node
_modules/@angular/core/fesm
2022/testing.mjs[2m:2068:51)
[22m[2m[22m
[2m      [
2mat _ZoneDelegate.invoke ([22m[2m../../node_
modules/zone.js/bundles/zone
.umd.js[2m:410:32)[22m[2m
[22m
[2m      [2mat ProxyZoneSpec.o
nInvoke ([22m[2m../../node_modules/zone.js/bund
les/zone-testing.umd.js[2m:2219:43)
[22m[2m[22m
[2m      [
2mat _ZoneDelegate.invoke ([22m[
2m../../node_modules/zone.js/b
undles/zone.umd.js[2m:409:38)[22m[2m[22m
[2m      [2mat O
bject.onInvoke ([22m[2m../../node_module
s/@angular/core/fesm2022/debug_node.mjs[2m
:7854:33)[22m[2m[22m
[2m      [2
mat _ZoneDelegate.invoke ([22m[2m../../node_mod
ules/zone.js/bundles/zone.umd.js[
2m:409:38)[22m[2m[22m
[2m 
     [2mat ZoneImpl.run ([22m[2m../../n
ode_modules/zone.js/bundles/zone.umd.js
[2m:145:47)[22m[2m[22m
[2
m      [2mat NgZone.run ([22m[2m../../node_mod
ules/@angular/core/fesm2022/debug_node.
mjs[2m:7700:28)[22m[2m[22m
[2m 
     [2mat _TestBedImpl.createComponent ([22m[2m..
/../node_modules/@angular/core/fesm2022/testi
ng.mjs[2m:2073:41)[22m[2m[2
2m
[2m      [2mat Function.crea
teComponent ([22m[2m../../node_modules/@an
gular/core/fesm2022/testing.mjs[2m:1854:3
7)[22m[2m[22m
[2m      [2mat cre
ateComponent ([22m[2m[0m[36msrc/app/features
/config/config.spec.ts[39m[0m[2m:33:23)
[22m[2m[22m
[2m      [2mat [22m
[2m[0m[36msrc/app/features/config/config.sp
ec.ts[39m[0m[2m:109:7[22m[2m[22m
[
2m      [2mat _ZoneDelegate.invoke ([22m[2m..
/../node_modules/zone.js/bundles/zone.umd.
js[2m:410:32)[22m[2m[22m
[2m   
   [2mat ProxyZoneSpec.onInvoke ([22m[2m../../node_modules/zone.js
/bundles/zone-testing.umd.js[2
m:2219:43)[22m[2m[22m
[2m    
  [2mat _ZoneDelegate.inv
oke ([22m[2m../../node
_modules/zone.js/bundl
es/zone.umd.js[2m:40
9:38)[22m[2m[22m

[2m      [2mat ZoneImpl.ru
n ([22m[2m../../node_mod
ules/zone.js/bundles/zo
ne.umd.js[2m:145:47)
[22m[2m[22m
[2m     
 [2mat Object.wrappedFunc (
[22m[2m../../node
_modules/zone.js/b
undles/zone-testing.
umd.js[2m:449:38)[22
m[2m[22m
[1m[31m
  [1m● [22m[1mConfig Com
ponent › Reactivity 
(Form Changes) › should s
et modelVersion to nu
ll if provider ha
s no models[39m[2
2m
    NG0201
[2m
[22m
[2m      [2mat R3Inje
ctor.get ([22m[2m../../
node_modules/@angula
r/core/fesm2022/root_
effect_scheduler.mj
s[2m:2081:27)[22m
[2m[22m
[2m      [
2mat R3Injector.get ([2
2m[2m../../node_modu
les/@angular/core/fes
m2022/root_effect_sched
uler.mjs[2m:2052:33)
[22m[2m[22m
[2m    
  [2mat R3Injector.r
etriev
e ([2
2m[2m../../node_module
s/@angular/core/fesm2022
/root_effect_scheduler.mjs[2m:1936:
25)[22m[2m[22m
[2m    
  [2mat injectInjectorOnly ([22m[
2m../../node_modules/@angul
ar/core/fesm2022/root_effe
ct_scheduler.mjs[2m:1049:3
9)[22m[2m[22m
[2m      [
2mat ɵɵinject ([22m[2m../../nod
e_modules/@angular/core/f
esm2022/root_effect_schedule
r.mjs[2m:1061:42)[22m[
2m[22m
[2m      [2mat
 Object._TranslocoService_Factory [as fact
ory] ([22m[2m../../ng:/_
TranslocoService/ɵfac.js[2m:6:1
0)[22m[2m[22m
[2m      [2m
at R3Injector.hydrate ([22m[2m../../node
_modules/@angular/core/fesm2022
/root_effect_scheduler.mjs[2m:2199:4
3)[22m[2m[22m
[2m      [2mat R3
Injector.get ([22m[2m../../node_modules
/@angular/core/fesm2022/root_e
ffect_scheduler.mjs[2m:2040:33)
[22m[2m[22m
[2m      [2mat 
R3Injector.get ([22m[2m../../node_mod
ules/@angular/core/fesm2022/root_ef
fect_scheduler.mjs[2m:2052:33)[2
2m[2m[22m
[2m      [2mat Chai
nedInjector.get ([22m[2m../../node_mod
ules/@angular/core/fesm2022/debug_n
ode.mjs[2m:13422:36)[22m[2m[22m
[
2m      [2mat lookupTokenUsingModuleI
njector ([22m[2m../../node_modules
/@angular/core/fesm2022/debug_node.m
js[2m:1718:39)[22m[2m[22m
[2m
      [2mat getOrCreateInjectable ([22m[2
m../../node_modules/@angular/core/fesm2022/
debug_node.mjs[2m:1766:12)[22
m[2m[22m
[2m      [2mat ɵɵdi
rectiveInject ([22m[2m../../node_modules/
@angular/core/fesm2022/debug_node.mjs
[2m:13473:19)[22m[2m[22m
[2m    
  [2mat ɵɵinject ([22m[2m../../node_modu
les/@angular/core/fesm2022/root_ef
fect_scheduler.mjs[2m:1061:42)[2
2m[2m[22m
[2m      [2mat inje
ct ([22m[2m../../node_modules/@angular/core/fe
sm2022/root_effect_scheduler.mj
s[2m:1149:12)[22m[2m[22m
[2m
      [2mat new _TranslocoDirective ([
22m[2m../../node_modules/@jsverse
/transloco/fesm2022/jsverse-transloco.
mjs[2m:1132:15)[22m[2m[22m

[2m      [2mat NodeInjectorFactory._Tr
anslocoDirective_Factory [as factor
y] ([22m[2m../../ng:/_TranslocoDir
ective/ɵfac.js[2m:5:10)[22m
[2m[22m
[2m      [2mat getNod
eInjectable ([22m[2m../../node_modules/
@angular/core/fesm2022/debug_nod
e.mjs[2m:1989:44)[22m[2m[22m
[
2m      [2mat instantiateAllDirectives (
[22m[2m../../node_modules/@angula
r/core/fesm2022/debug_node.mjs[2m
:9297:27)[22m[2m[22m
[2m    
  [2mat createDirectivesInstances ([22
m[2m../../node_modules/@angular/
core/fesm2022/debug_node.mjs[2m
:9070:5)[22m[2m[22m
[2m      
[2mat declareDirectiveHostTemplate ([2
2m[2m../../node_modules/@angular/c
ore/fesm2022/debug_node.mjs[2m:1
7029:9)[22m[2m[22m
[2m     
 [2mat ɵɵtemplate ([22m[2m../../node_
modules/@angular/core/fesm2022/debug_no
de.mjs[2m:17097:5)[22m[2m[22m
[2m      [2mat Config_Templat
e ([22m[2m../../ng:/Config.js[2
m:92:21)[22m[2m[22m
[2m      
[2mat executeTemplate ([22m[2m../../no
de_modules/@angular/core/fesm2022/deb
ug_node.mjs[2m:9056:9)[22m[2m
[22m
[2m      [2mat renderView ([22m[2m../../node_modules/@a
ngular/core/fesm2022/debug_node
.mjs[2m:9678:13)[22m[2m
[22m
[2m      [2mat re
nderComponent ([22m[2m../../n
ode_modules/@angular/core/
fesm2022/debug_node.mjs[2m:9623:5)[22m[2
m[22m
[2m      [2mat renderChildComponents ([22m[2m../../
node_modules/@angular/core/fesm2022/debug_node.mjs[2m:9726:9)
[22m[2m[22m
[2m      [2
mat renderView ([22m[2m../../node_modul
es/@angular/core/fesm2022/d
ebug_node.mjs[2m:9706:13)
[22m[2m[22m
[2m      [2
mat ComponentFactory2.create ([22m[
2m../../node_modules/@ang
ular/core/fesm2022/debug_node.mjs[2m:14630:17)[22m[2m
[22m
[2m      [2mat initCom
ponent ([22m[2m../../node_modules/@a
ngular/core/fesm2022/testing.mjs[2m:2
068:51)[22m[2m[22m
[2m  
    [2mat _ZoneDelegate.invoke ([2
2m[2m../../node_modules/zone.
js/bundles/zone.umd.js[2
m:410:32)[22m[2m[22m
[2m  
    [2mat ProxyZoneSpec.onInvoke 
([22m[2m../../node_modules/zone.js/bundles/zone-testing
.umd.js[2m:2219:43)[22m[2m[22m
[2m    
  [2mat _ZoneDelegate.invoke ([22m[2m../..
/node_modules/zone.js/bu
ndles/zone.umd.js[2m
:409:38)[22m[2m[
22m
[2m      [2mat Object.onInvo
ke ([22m[2m../../node_modules/@angular/
core/fesm2022/debug_node.mjs
[2m:7854:33)[22m[2m[22m
[
2m      [2mat _ZoneDelegate.invoke ([22m[2m../../node_modules/zone.js/bundles/zone.umd.js[2m:409:38)[22m[2m[22m
[2
m      [2mat ZoneImpl.run ([22m[2m../.
./node_modules/zone.js/bundles/
zone.umd.js[2m:145:47)[22m[2m
[22m
[2m      [2mat NgZone.ru
n ([22m[2m../../node_modules/@angu
lar/core/fesm2022/debug_node.m
js[2m:7700:28)[22m[2m[22
m
[2m      [2mat _TestBedImpl
.createComponent ([22m[2m../../node_modules/@angular/core/
fesm2022/testing.mjs[2m:2073:41)[
22m[2m[22m
[2m      [2mat 
Function.createComponent ([22m[2m../../
node_modules/@angular/core/fesm2
022/testing.mjs[2m:1854:37)[22m
[2m[22m
[2m      [2mat c
reateComponent ([22m[2m[0m[3
6msrc/app/features/config/c
onfig.spec.ts[39m[0m[2
m:33:23)[22m[2m[22m
[
2m      [2mat [22m[2m[0m[36m
src/app/features/config/
config.spec.ts[39m[0m[
2m:109:7[22m[2m[22m

[2m      [2mat _ZoneDelegate.in
voke ([22m[2m../../node
_modules/zone.js/bundles/
zone.umd.js[2m:410:32)[22
m[2m[22m
[2m      [2mat ProxyZoneSpec.
onInvoke ([22m[2m../../node_m
odules/zone.js/bundles/zon
e-testing.umd.js[2m:2219:43)[22m
[2m[22m
[2m      [2mat _ZoneDel
egate.invoke ([22m[2m../../node_modules
/zone.js/bundles/zone.umd.j
s[2m:409:38)[22m[2m[
22m
[2m      [2mat Zon
eImpl.run ([22m[2m../../nod
e_modules/zone.js/bundles/zo
ne.umd.js[2m:145:47)[22m
[2m[22m
[2m      [2m
at Object.wrappedFunc ([22m[2
m../../node_modules/zone.
js/bundles/zone-testing.um
d.js[2m:449:38)[22m[2m[
22m
[1m[31m  [1m● [
22m[1mConfig Component › Actio
ns › should save setting
s and show alert[39m[22
m
    NG0201
[2m[22m
[2m      [2mat R3Injector.get (
[22m[2m../../node_modules/
@angular/core/fesm2022/
root_effect_scheduler.mj
s[2m:2081:27)[22m[2m
[22m
[2m      [2mat R3Inj
ector.get ([22m[2m../../node_modul
es/@angular/core/fesm2022/root_effect_s
cheduler.mjs[2m:2052:33)[22m
[2m[22m
[2m      [2mat R3Inje
ctor.retrieve ([22m[2m../../node_
modules/@angular/core/fesm2022/ro
ot_effect_scheduler.mjs[2m:
1936:25)[22m[2m[22m
[2m   
   [2mat injectInjectorOnly ([22m
[2m../../node_modules/@ang
ular/core/fesm2022/root_effect_sch
eduler.mjs[2m:1049:39)[22m[
2m[22m
[2m      [2mat ɵɵi
nject ([22m[2m../../node_modules/@angul
ar/core/fesm2022/root_effec
t_scheduler.mjs[2m:1061:42)[2
2m[2m[22m
[2m      [2mat Objec
t._TranslocoService_Factory [as factory]
 ([22m[2m../../ng:/_Transloc
oService/ɵfac.js[2m:6:10)[22m[2
m[22m
[2m      [2mat R3Injec
tor.hydrate ([22m[2m../../node_modules
/@angular/core/fesm2022/root
_effect_scheduler.mjs[2m:2199:
43)[22m[2m[22m
[2m      [2mat R3I
njector.get ([22m[2m../../node_modules/@
angular/core/fesm2022/root
_effect_scheduler.mjs[2m:2040:33)[22m[2m[22m
[2m      [2mat R3Injector.get ([22m[2m../../node_modules/@angular/core/fesm2022/root_effect_scheduler.mj
s[2m:2052:33)[22m[2m[22m
[2m      [2mat ChainedInjector.get ([22m[2m../../node
_modules/@angular/core/fesm2022/debug
_node.mjs[2m:13422:36)[22m
[2m[22m
[2m      [2mat lo
okupTokenUsingModuleInjector ([22m
[2m../../node_modules/@angu
lar/core/fesm2022/debug_
node.mjs[2m:1718:39)[22
m[2m[22m
[2m      [2
mat getOrCreateInjectable ([2
2m[2m../../node_modules
/@angular/core/fesm2022/debug_nod
e.mjs[2m:1766:12)[22m[2m
[22m
[2m      [2mat ɵɵd
irectiveInject ([22m[2m../..
/node_modules/@angular/c
ore/fesm2022/debug_node.mj
s[2m:13473:19)[22m[
2m[22m
[2m      [2mat ɵ
ɵinject ([22m[2m../../node_m
odules/@angular/core/fesm
2022/root_effect_schedule
r.mjs[2m:1061:42)[22m
[2m[22m
[2m      [2ma
t inject ([22m[2m../../node_modu
les/@angular/core/fesm202
2/root_effect_scheduler.
mjs[2m:1149:12)[22m[2m[22m
[2m    
  [2mat new _Tr
anslocoDirective ([22m[2m
../../node_modules/@jsvers
e/transloco/fesm2022/jsvers
e-transloco.mjs[2m:1132
:15)[22m[2m[22m
[2m  
    [2mat NodeInjectorFactory
._TranslocoDirective_Fa
ctory [as factory] ([22m[2m../../ng:/_Tran
slocoDirective/ɵfac.js[
2m:5:10)[22m[2m[22m
[2m
      [2mat getNodeInjectable 
([22m[2m../../node_modul
es/@angular/core/fesm2022/d
ebug_node.mjs[2m:1989:44)[22m[2m[22m
[2m 
     [2mat instantiateAllDirecti
ves ([22m[2m../../node_modul
es/@angular/core/fesm202
2/debug_node.mjs[2m:92
97:27)[22m[2m[22m
[2m
      [2mat createDirectives
Instances ([22m[2m../../node_modules/
@angular/core/fesm2022/debug_node.mjs[2
m:9070:5)[22m[2m[22m
[2m      [2mat declareDi
rectiveHostTemplate ([2
2m[2m../../node_modules/@angular/cor
e/fesm2022/debug_
node.mjs[2m:1
7029:9)[22m[2m[22m
[2
m      [2mat ɵɵtemplate ([22m[2m../../node_modules/
@angular/core/fesm2022/debug_
node.mjs[2m:17097:5)[22m[2m[22m
[2m      [2mat Config_T
emplate ([22m[2m../../ng
:/Config.js[2m:92:21)[22m[
2m[22m
[2m      [2mat exec
uteTemplate ([22m[2m../../node_modules/@
angular/core/fesm2022/deb
ug_node.mjs[
2m:9056:9)[22m[2m[22m
[2m      [2mat render
View ([22m[2m../../nod
e_modules/@angular/core/fesm2022/debug
_node.mjs[2m:96
78:13)[22m[2m[22m
[2m      [
2mat renderComponent ([22m
[2m../../node_modules/@ang
ular/core/fesm2022/de
bug_node.mjs[2m:9623:5)[22m[2m
[22m
[2m      [2mat renderChil
dComponents ([22m[2m../../node_mo
dules/@angular/core/fesm2022/
debug_node.mjs[2m:9726:9)
[22m[2m[22m
[2m      [2mat render
View ([22m[2m../../node_modules/
@angular/core/fesm2022/debug
_node.mjs[2m:9706:13)[22m[
2m[22m
[2m      [2mat Co
mponentFactory2.create ([22m[2m../../no
de_modules/@angular/core/fesm2022/d
ebug_node.mjs[2m:14630:17)
[22m[2m[22m
[2m      
[2mat initComponent ([22m[2m../../node_modules/@angu
lar/core/fesm2022/testi
ng.mjs[2m:2068:51)[22m[2m
[22m
[2m      [2mat _Zo
neDelegate.invoke ([22m[2m../.
./node_modules/zone.js/bundl
es/zone.umd.js[2m:410:3
2)[22m[2m[22m
[2m  
    [2mat ProxyZoneSpec.onInvoke ([22m[2m../../node_modules/zone.
js/bundles/zone-testing.umd
.js[2m:2219:43)[22m[2m[22m
[2m      [2mat _ZoneDe
legate.invoke ([22m[2m.
./../node_modules/zone.js/
bundles/zone.umd.js[2m:
409:38)[22m[2m[22m
[2
m      [2mat Object.onInvo
ke ([22m[2m../../node_
modules/@angular/core/fes
m2022/debug_node.mjs[2m:7854
:33)[22m[2m[22m
[2m      [2mat _ZoneDelegate.inv
oke ([22m[2m../../node_m
odules/zone.js/bundles/z
one.umd.js[2m:409:38)
[22m[2m[22m
[2m      
[2mat ZoneImpl.run ([
22m[2m../../node_
modules/zone.js/bu
ndles/zone.umd.js
[2m:145:47)[22m[2m[
22m
[2m      [2mat N
gZone.run ([22m[2m../../no
de_modules/@angular/core/f
esm2022/debug_node.mjs
[2m:7700:28)[22m[2m[
22m
[2m      [2mat _Tes
tBedImpl.createComponent (
[22m[2m../../node_module
s/@angular/core/fesm2022
/testing.mjs[2m:2073:41
)[22m[2m[22m
[2m     
 [2mat Function.createCompone
nt ([22m[2m../../nod
e_modules/@angular/core
/fesm2022/testing.mjs
[2m:1854:37)[22m[2m
[22m
[
2m      [2mat createCo
mponent ([22m[2m[0
m[36msrc/app/featu
res/config/config.spec.ts
[39m[0m[2m:33:23)[2
2m[2m[22m
[2m      
[2mat [22m[2m[0m[36msrc/
app/features/config/config.spec.ts[39m
[0m[2m:145:7[22m[2m[22m
[2m      [2mat _ZoneDelegate.invoke ([
22m[2m../../node_
modules/zone.js/
bundles/zone.umd.j
s[2m:410:32)[22m[2m[
22m
[2m      [2mat 
ProxyZoneSpec.onInvoke ([22m[2
m../../node_modules/zone.
js/bundles/zone-testing.
umd.js[2m:2219:43)[22m
[2m[22m
[2m      [2ma
t _ZoneDelegate.invoke ([22m
[2m../../node_modules/zone.js/bundles/
zone.umd.js[2m:409:38)
[22m[2m[22m
[2m      
[2mat ZoneImpl.run ([22m[2m.
./../node_modules/zone.j
s/bundles/zone.umd.js[2m:1
45:47)[22m[2m[22m
[2
m      [2mat Object.wrappedFun
c ([22m[2m../../node_mo
dules/zone.js/bundles/zo
ne-testing.umd.js[2m:4
49:38)[22m[2m[22m
[0m
[7m[1m[31m FAIL [
39m[22m[27m[0m [2
msrc/app/features/cv/
components/education-
section/[22m[1meduc
ation-section.spec.ts
[22m ([0m[1m[41m7.351
 s[49m[22m[0m)
[1m
[31m  [1m● [22m[1mEducatio
nSection › Rendering › 
should render correct numb
er of items when form a
rray has data[39m[22m
    [2mexpect([22m[31
mreceived[39m[2m).[
22mtoBe[2m([22m[32mex
pected[39m[2m) // Objec
t.is equality[22m
   
 Expected: [32m2[39m
    Rece
ived: [31m0[39m
[2m[22m
[2
m    [0m [90m 80 |[39m       [9
0m// Assert[39m[22m
[
2m     [90m 81 |[39m       
[36mconst[39m items 
[33m=[39m fixture[3
3m.[39mdebugElement[33
m.[39mqueryAll([33m
By[39m[33m.[39mcss(
[32m'[tuiCardLarge]'[
39m))[33m;[39m[22m
[2
m    [31m[1m>[22m[2m[39m
[90m 82 |[39m       exp
ect(items[33m.[39mlength)[33m.[39mtoBe([35m2[39m)[33m
;[39m[22m
[2m     [
90m    |[39m                 
           [31m[1m^[2
2m[2m[39m[22m
[2m  
   [90m 83 |[39m     })[33m;
[39m[22m
[2m     [90
m 84 |[39m   })[33m;[39m[
22m
[2m     [90m 85 |
[39m[0m[22m
[2m[22m
[2m 
     [2mat [22m[2m[0m[36msrc/a
pp/features/cv/compone
nts/education-section/ed
ucation-section.spec.
ts[39m[0m[2m:82:28
[22m[2m[22m
[2m    
  [2mat _ZoneDelegate.invo
ke ([22m[2m../../nod
e_modules/zone.js/bun
dles/zone.umd.js[2m:41
0:32)[22m[2m[22m
[2m
      [2mat ProxyZoneSpec.on
Invoke ([22m[2m../../no
de_modules/zone.js/bun
dles/zone-testing.umd.js[2m:
2219:43)[22m[2m[22m

[2m      [2mat _ZoneDelegate.i
nvoke ([22m[2m../../no
de_modules/zone.js/bund
les/zone.umd.js[2m:409
:38)[22m[2m[22m
[2m   
   [2mat ZoneImpl.run ([22m[2
m../../node_modules/zo
ne.js/bundles/zone.um
d.js[2m:145:47)[22m[
2m[22m
[2m      [2ma
t Object.wrappedFunc ([22m[
2m../../node_modules/z
one.js/bundles/zone-tes
ting.umd.js[2m:449:38
)[22m[2m[22m
[1m[31m  
[1m● [22m[1mEducationSecti
on › Interactions › s
hould call service.add() when
 Add button is clicked[39m[22m
    TypeError: Cannot
 read properties of undefined (reading 'nativeElem
ent')
[2m[22m
[2m    [0
m [90m 89 |[39m       [36mconst
[39m addButton [33m=[
39m buttons[[35m0[39m
][33m;[39m[22m
[2
m     [90m 90 |[39m[22m
[2m  
  [31m[1m>[22m[2m[39m
[90m 91 |[39m       addB
utton[33m.[39mnativeE
lement[33m.[39mclic
k()[33m;[39m[22m
[2m 
    [90m    |[39m                 [31
m[1m^[22m[2m[39m
[22m
[2m     [90m 
92 |[39m[22m
[2m    
 [90m 93 |[39m      
 expect(educatio
nServiceMock[33
m.[39madd)[33m.[39mto
HaveBeenCalled()[33m;
[39m[22m
[2m     [
90m 94 |[39m     })[33m;
[39m[0m[22m
[2m[22m
[2m      [2mat [22m[2m[
0m[36msrc/app/features/
cv/components/education
-section/education-se
ction.spec.ts[39m[0m
[2m:91:17[22m[2
m[22m
[2m      [
2mat _ZoneDelegate.invoke
 ([22m[2m../../node_modu
les/zone.js/bundles
/zone.umd.js[2m:410:32
)[22m[2m[22m
[2m    
  [2mat ProxyZoneSpec.onInvoke (
[22m[2m../../node_modu
les/zone.js/bundles/
zone-testing.umd.js[
2m:2219:43)[22m[2m
[22m
[2m      [2mat 
_ZoneDelegate.invoke ([2
2m[2m../../node_modul
es/zone.js/bundles/zone.um
d.js[2m:409:38)[22m[2
m[22m
[2m      [2mat Z
oneImpl.run ([22m[2m../../node_
modules/zone.js/bundles/zon
e.umd.js[2m:145:47)[
22m[2m[22m
[2m      
[2mat Object.wrappedFunc ([22m
[2m../../node_modules/
zone.js/bundles/zone-te
sting.umd.js[2m:449:3
8)[22m[2m[22m
[0m
[7m[1m[31m FAIL [
39m[22m[27m[0m [2ms
rc/app/features/cv/com
ponents/experience-sect
ion/[22m[1mexperienc
e-section.spec.ts[22m 
([0m[1m[41m7.351 s[4
9m[22m[0m)
[1m[31
m  [1m● [22m[1mExperien
ceSection › Rendering › 
should render correct
 number of items when 
form array has data[39m
[22m
    [2mexpect([2
2m[31mreceived[39m[2m).[
22mtoBe[2m([22m[32
mexpected[39m[2m) // O
bject.is equality[22m
   
 Expected: [32m2[39m
    Re
ceived: [31m0[39m
[2m[22m
[
2m    [0m [90m 80 |[39m       
[90m// Assert[39m[22m
[2m     [90m 81 |[39m
       [36mconst[39m
 items [33m=[39m fixt
ure[33m.[39mdebugElem
ent[33m.[39mqueryAl
l([33mBy[39m[33m.
[39mcss([32m'[tuiCar
dLarge]'[39m))[33m;
[39m[22m
[2m    [3
1m[1m>[22m[2m[39m
[90m 82 |[39m     
  expect(items[3
3m.[39mlength)[33m.[3
9mtoBe([35m2[39m)[33m
;[39m[22m
[2m     
[90m    |[39m          
                  [31m
[1m^[22m[2m[39m[22
m
[2m     [90m 83 |[
39m     })[33m;[39m[22m

[2m     [90m 84 |[39m   })
[33m;[39m[22m
[2m    
 [90m 85 |[39m[0m[22m
[2m
[22m
[2m      [2mat [22m[2
m[0m[36msrc/app/featur
es/cv/components/expe
rience-section/expe
rience-section.spec.
ts[39m[0m[2m:82:28[
22m[2m[22m
[2m    
  [2mat _ZoneDelegate.invoke ([
22m[2m../../node_modules/zone.js/bundles/zone.umd.js[2m:410:32)[22m[2m[22m
[2m      [2mat ProxyZoneSpec.onInvoke ([22m[2m../../node_modu
les/zone.js/bundles/
zone-
testing.umd.js[2m:2219:43
)[22m[2m[22m
[2m    
  [2mat _ZoneDelegate.invoke 
([22m[2m.
./../node_modules/zone.
js/bundles/zone.umd.js
[2m:409:38)[22m[2m[2
2m
[2m      [2mat Zon
eImpl.run ([22m[2m../../n
ode_modules/zone.js/bund
les/zone.umd.js[2m:145:
47)[22m[2m[22m
[2m
      [2mat Object.wrappe
dFunc ([22m[2m../../no
de_modules/zone.js/bundle
s/zone-testing.umd.js[2m:449:
38)[22m[2m[22m
[1m[31m
  [1m● [22m[1mExperience
Section › Interactions › shou
ld call service.add() when
 Add button is clicked[39m[22m
    Typ
eError: Cannot read properties of un
defined (reading 'nativeElement
')
[2m[22m
[2m    
[0m [90m 89 |[39m       
[36mconst[39m addBu
tton [33m=[39m butt
ons[[35m0[39m][33m;[3
9m[22m
[2m     [90m 
90 |[39m[22m
[2m    [31m[1m>
[22m[2m[39m[90m 91 |[39m  
     addButton[33m.[39m
nativeElement[33m.[3
9mclick()[33m;[39m[22
m
[2m     [90m    |[
39m                 [31m[1m
^[22m[2m[39m[22m
[2m     [90m 92 |[39m
[22m
[2m     [90m 93
 |[39m       expect(experienceServ
iceMock[33m.[39madd)[33m
.[39mtoHaveBeenCalled
()[33m;[39m[22m
[2m     
[90m 94 |[39m     })[33m;[
39m[0m[22m
[2m[22m
[2m
      [2mat [22m[2m[0m[36msr
c/app/features/cv/component
s/experience-section/ex
perience-section.spec.ts[39m
[0m[2m:91:17[22m[2m[
22m
[2m      [2mat _Zon
eDelegate.invoke ([22m[2m../
../node_modules/zone.js/bund
les/zone.umd.js[2m:4
10:32)[22m[2m[22m
[2
m      [2mat ProxyZoneSpec
.onInvoke ([22m[2m../
../node_modules/zone.js/
bundles/zone-testing.umd.j
s[2m:2219:43)[22m[2m[22m
[2m 
     [2mat _ZoneDelegate.invo
ke ([22m[2m../../node_mo
dules/zone.js/bund
les/zone.umd.js[2m:
409:38)[22m[2m[
22m
[2m      [2mat
 ZoneImpl.run ([22m[2m../
../node_modules/zone.js/b
undles/zone.umd.js[2m:1
45:47)[22m[2m[22m
[2m
      [2mat Object.wrappedFunc
 ([22m[2m../../node_modu
les/zone.js/bundles/zone-t
esting.umd.js[2m:449:38)[
22m[2m[22m
[0m
[7m[1m[31m FAIL [39
m[22m[27m[0m [2msrc/ap
p/features/cv/components/
skills-section/[22m[1mskills
-section.spec.ts[22m (
[0m[1m[41m7.481 s[49m
[22m[0m)
[1m[31m  
[1m● [22m[1mSkillsSection 
› Structure Rendering 
› should show "no certif
ications" message when e
mpty[39m[22m
    [2
mexpect([22m[31mreceived[39m[2m
).[22mtoBeTruthy[2m(
)[22m
    Received: [31
mnull[39m
[2m[22m
[2m    
[0m [90m 66 |[39m     it([32m'should 
show "no certifications
" message when empty'[39m
[33m,[39m () [33m=>[3
9m {[22m
[2m     [90m 67 
|[39m       [36mconst[39m emp
tyMessage [33m=[39m fi
xture[33m.[39mdebugEleme
nt[33m.[39mquery([33mBy
[39m[33m.[39mcss([32
m'p.text-gray-500'[39
m))[33m;[39m[22m
[2
m    [31m[1m>[22m[2m[39
m[90m 68 |[39m       exp
ect(emptyMessage)[33m.
[39mtoBeTruthy()[33m;[3
9m[22m
[2m     [90m  
  |[39m                      
      [31m[1m^[22m
[2m[39m[22m
[2m     [
90m 69 |[39m     })[33m;[39
m[22m
[2m     [90m 7
0 |[39m   })[33m;[39m[22m
[2m     [90m 71 |[39
m[0m[22m
[2m[22m
[2m
      [2mat [22m[2m[0m[36msrc/
app/features/cv/components
/skills-section/skill
s-section.spec.ts[39m[0m
[2m:68:28[22m[2m[22m
[2m      [2mat _Zo
neDelegate.invoke ([22m[2m../../node_modules/zone.js
/bundles/zone.umd.js
[2m:410:32)[22m[2m
[22m
[2m      [2mat
 ProxyZoneSpec.onInvoke ([2
2m[2m../../node_modules
/zone.js/bundles/zone-te
sting.umd.js[2m:2219:4
3)[22m[2m[22m
[2m  
    [2mat _ZoneDelegate.invoke
 ([22m[2m../../node_mo
dules/zone.js/bundles/zo
ne.umd.js[2m:409:38)[2
2m[2m[22m
[2m      
[2mat ZoneImpl.run ([22m[2m../
../node_modules/zone.js/
bundles/zone.umd.js[2m:
145:47)[22m[2m[22m

[2m      [2mat Object.wrappe
dFunc ([22m[2m../../node
_modules/zone.js/bundles/
zone-testing.umd.js[2
m:449:38)[22m[2m[22m
[
1m[31m  [1m● [22m[1mSkillsS
ection › Certifications
 Rendering › should re
nder certification card
s if service returns th
em[39m[22m
    [2mexpe
ct([22m[31mreceived[39m[2m
).[22mtoBe[2m([22m[3
2mexpected[39m[2m) /
/ Object.is equality[2
2m
    Expected: [32m
2[39m
    Received: [31m0[3
9m
[2m[22m
[2m    [0m [90
m 89 |[39m[22m
[2m     [90m 90 |[39m
       [36mconst[39m cards 
[33m=[39m fixture[33
m.[39mdebugElement[33m
.[39mqueryAll([33mBy[
39m[33m.[39mcss([32m
'[tuiCardLarge]'[39m))
[33m;[39m[22m
[2m   
 [31m[1m>[22m[2m[39m[90m
 91 |[39m       expect(
cards[33m.[39mlength)
[33m.[39mtoBe([35m2[
39m)[33m;[39m[22
m
[2m     [90m    |
[39m                   
         [31m[
1m^[22m[2m[39m[
22m
[2m     [90m 92 |
[39m     })[33m;[39
m[22m
[2m     [90m 93
 |[39m   })[33m;[39m[22
m
[2m     [90m 94 |[
39m[0m[22m
[2m[22m
[2m 
     [2mat [22m[2m[0m[36msrc/
app/features/cv/components
/skills-section/skills-s
ection.spec.ts[39m[0m[
2m:91:28[22m[2m[22m
[2
m      [2mat _ZoneDelegate.i
nvoke ([22m[2m../../
node_modules/zone.js/bund
les/zone.umd.js[2m:41
0:32)[22m[2m[22m
[
2m      [2mat ProxyZo
neSpec.onInvoke ([22m[
2m../../node_modules/zo
ne.js/bundles/zone-te
sting.umd.js[2m:2219:
43)[22m[2m[22m
[2m
      [2mat _ZoneDelegat
e.invoke ([22m[2m../
../node_modules/zone.js
/bundles/zone.umd.js[2m:
409:38)[22m[2m[22m

[2m      [2mat ZoneImpl.run 
([22m[2m../../node_mod
ules/zone.js/bundles/zo
ne.umd.js[2m:145:47)[22m
[2m[22m
[2m      [2m
at Object.wrappedFunc ([22m
[2m../../node_modules/z
one.js/bundles/zone-tes
ting.umd.js[2m:449:38)
[22m[2m[22m
[1m[31m 
 [1m● [22m[1mSkillsSection 
› Interactions › should ca
ll removeCertification
 when delete button i
s clicked[39m[22m
  
  [2mexpect([22m[31mrecei
ved[39m[2m).[22mtoB
eTruthy[2m()[22m
 
   Received: [31mnull[39m
[2m[22m
[2m    
[0m [90m 121 |[39m       )[33m;
[39m[22m
[2m     [90m
 122 |[39m[22m
[2m    [31
m[1m>[22m[2m[39m[90m 123
 |[39m       expect(deleteBtn)
[33m.[39mtoBeTruthy()
[33m;[39m[22m
[2m   
  [90m     |[39m         
                [31m[
1m^[22m[2m[39m[22m

[2m     [90m 124 |[39m[22m
[2m     [90m 125 |[39m 
      deleteBtn[33m.[3
9mnativeElement[33m.
[39mclick()[33m;[39m
[22m
[2m     [90m 126 
|[39m[0m[22m
[2m[22m
[2
m      [2mat [22m[2m[0m[36msrc/ap
p/features/cv/compone
nts/skills-section/ski
lls-section.spec.ts[39
m[0m[2m:123:25[22m
[2m[22m
[2m      [2m
at _ZoneDelegate.invoke ([
22m[2m../../node_modul
es/zone.js/bundles/zon
e.umd.js[2m:410:32)[2
2m[2m[22m
[2m      
[2mat ProxyZoneSpec.onInvoke
 ([22m[2m../../node_m
odules/zone.js/bundles
/zone-testing.umd.js[2m:
2219:43)[22m[2m[22m
[2m      [2mat _ZoneD
elegate.invoke ([22m[2m
../../node_modules/zone
.js/bundles/zone.umd.js
[2m:409:38)[22m[2m
[22m
[2m      [2mat ZoneImpl.run
 ([22m[2m../../node_modules/
zone.js/bundles/zone.um
d.js[2m:145:47)[22m
[2m[22m
[2m      [2
mat Object.wrappedFunc ([22m
[2m../../node_modules/
zone.js/bundles/zone-tes
ting.umd.js[2m:449:38)
[22m[2m[22m
[0
m[7m[1m[31m FAIL 
[39m[22m[27m[0m [2m
src/app/features/cv/compo
nents/projects-section/[
22m[1mprojects-section.
spec.ts[22m ([0m[1m[4
1m7.888 s[49m[22m[0m
)
[1m[31m  [1m● [22m
[1mProjectsSection › Interacti
ons › should call servi
ce.add() when Add button i
s clicked[39m[22m
 
   TypeError: Cannot read pro
perties of null (readi
ng 'nativeElement')
[2
m[22m
[2m    [0m [90m 87
 |[39m     it([32m'should 
call service.add() when 
Add button is clicked
'[39m[33m,[39m () 
[33m=>[39m {[22m
[
2m     [90m 88 |[39m       
[36mconst[39m addButt
on [33m=[39m fixture
[33m.[39mdebugElement[3
3m.[39mquery([33mBy[39
m[33m.[39mcss([32m'
button[iconStart="@tui.
plus"]'[39m))[33m;[39
m[22m
[2m    [31m[1
m>[22m[2m[39m[90m 89 |[39
m       addButton[33m.
[39mnativeElement[33m
.[39mclick()[33m;[39
m[22m
[2m     [90m   
 |[39m                 [31m[
1m^[22m[2m[39m[22m
[
2m     [90m 90 |[39m       expec
t(projectsServiceMock[3
3m.[39madd)[33m.[39m
toHaveBeenCalled()[33m;
[39m[22m
[2m     
[90m 91 |[39m     })[33m;
[39m[22m
[2m     [9
0m 92 |[39m[0m[22m
[2m[2
2m
[2m      [2mat [22m[2m
[0m[36msrc/app/features/cv/c
omponents/projects-sect
ion/projects-section.sp
ec.ts[39m[0m[2m:89:1
7[22m[2m[22m
[2m    
  [2mat _ZoneDelegate.invoke (
[22m[2m../../node_mod
ules/zone.js/bundles/zon
e.umd.js[2m:410:32)[
22m[2m[22m
[2m      
[2mat ProxyZoneSpec.onInvoke (
[22m[2m../../node_modules/
zone.js/bundles/zone-tes
ting.umd.js[2m:2219:43
)[22m[2m[22m
[2m   
   [2mat _ZoneDelegate.invoke
 ([22m[2m../../node_mo
dules/zone.js/bundles/zo
ne.umd.js[2m:409:38)[
22m[2m[22m
[2m     
 [2mat ZoneImpl.run ([22m[2m../.
./node_modules/zone.js
/bundles/zone.umd.js[
2m:145:47)[22m[2m[22
m
[2m      [2mat Object.w
rappedFunc ([22m[2m../../node_modules/zone.js/bund
les/zone-testing.umd
.js[2m:449:38)[22m[2
m[22m
[0m[7m[1m
[31m FAIL [39m[22m[2
7m[0m [2msrc/app/featur
es/cv/components/cover-
letter-section/[22m[1m
cover-letter-section.sp
ec.ts[22m ([0m[1m[
41m8.217 s[49m[22m[0
m)
[1m[31m  [1m● [2
2m[1mCoverLetterSection › Renderizado de UI y L
ógica de Negocio › debe re
nderizar correctamente l
as opciones de Tono[39
m[22m
    SyntaxErro
r: 'tui-icon.text-,,,Bvar,,
,,--tui-text-action,,,
,,,D input[formControlNa
me="tone"]' is not 
a valid selector
[2m
[22m
[2m    [0m [90m 8
3 |[39m[22m
[2m     [90m 84 |[39
m     it([32m'debe renderizar correcta
mente las opciones de Ton
o'[39m[33m,[39m () [33
m=>[39m {[22m
[2m    [31m[
1m>[22m[2m[39m[90m 85 |[39m   
    [36mconst[39m toneLabels
 [33m=[39m fixture[33m.[39mdebugElement[33m.[39mqueryAll([22m
[2m     [90m    |[39m                                               [31m[1m^[22m[2m[39m[22m




 NX   Running target test for project frontend failed

Failed tasks:

- frontend:test

Hint: run the command with --verbose for more details.

